[32;1m[Board] [0mInitializing board (size: 8)...
[32;1m[Board] [0m32 piece(s) on board.
[32;1m[Board] [0m
[32;1m[Board] [0m     a b c d e f g h
[32;1m[Board] [0m   -------------------
[32;1m[Board] [0m 8 ||[30;1mr[0m|[30;1mk[0m|[30;1mb[0m|[30;1mQ[0m|[30;1mK[0m|[30;1mb[0m|[30;1mk[0m|[30;1mr[0m|| 8
[32;1m[Board] [0m   -------------------
[32;1m[Board] [0m 7 ||[30;1mp[0m|[30;1mp[0m|[30;1mp[0m|[30;1mp[0m|[30;1mp[0m|[30;1mp[0m|[30;1mp[0m|[30;1mp[0m|| 7
[32;1m[Board] [0m   -------------------
[32;1m[Board] [0m 6 ||[7;1m [0m| |[7;1m [0m| |[7;1m [0m| |[7;1m [0m| || 6
[32;1m[Board] [0m   -------------------
[32;1m[Board] [0m 5 || |[7;1m [0m| |[7;1m [0m| |[7;1m [0m| |[7;1m [0m|| 5
[32;1m[Board] [0m   -------------------
[32;1m[Board] [0m 4 ||[7;1m [0m| |[7;1m [0m| |[7;1m [0m| |[7;1m [0m| || 4
[32;1m[Board] [0m   -------------------
[32;1m[Board] [0m 3 || |[7;1m [0m| |[7;1m [0m| |[7;1m [0m| |[7;1m [0m|| 3
[32;1m[Board] [0m   -------------------
[32;1m[Board] [0m 2 ||[0;1mp[0m|[0;1mp[0m|[0;1mp[0m|[0;1mp[0m|[0;1mp[0m|[0;1mp[0m|[0;1mp[0m|[0;1mp[0m|| 2
[32;1m[Board] [0m   -------------------
[32;1m[Board] [0m 1 ||[0;1mr[0m|[0;1mk[0m|[0;1mb[0m|[0;1mQ[0m|[0;1mK[0m|[0;1mb[0m|[0;1mk[0m|[0;1mr[0m|| 1
[32;1m[Board] [0m   -------------------
[32;1m[Board] [0m     a b c d e f g h
[32;1m[Board] [0m
[32;1m[Referee] [0mThis is the turn of the White player...
info depth 1
info depth 2
info depth 3
info depth 4
info depth 5
[32;1m[Game] [0mPlayer's error code: 0
[32;1m[Game] [0mChecking move validity...
[32;1m[Board] [0mInitializing board (size: 8)...
[32;1m[Board] [0m32 piece(s) on board.
[32;1m[Board] [0mLoading history file `championship/en-passant-chessgambit/history.csv`...
[32;1m[Board] [0mLoaded 0 move(s).
[32;1m[Board] [0mHistory replayed, 32 piece(s) on board.
[32;1m[Board] [0mLoading move file `championship/en-passant-chessgambit/move.csv`...
[32;1m[Board] [0mWhite player is playing g1 to f3.
[32;1m[Board] [0m
[32;1m[Board] [0m     a b c d e f g h
[32;1m[Board] [0m   -------------------
[32;1m[Board] [0m 8 ||[30;1mr[0m|[30;1mk[0m|[30;1mb[0m|[30;1mQ[0m|[30;1mK[0m|[30;1mb[0m|[30;1mk[0m|[30;1mr[0m|| 8
[32;1m[Board] [0m   -------------------
[32;1m[Board] [0m 7 ||[30;1mp[0m|[30;1mp[0m|[30;1mp[0m|[30;1mp[0m|[30;1mp[0m|[30;1mp[0m|[30;1mp[0m|[30;1mp[0m|| 7
[32;1m[Board] [0m   -------------------
[32;1m[Board] [0m 6 ||[7;1m [0m| |[7;1m [0m| |[7;1m [0m| |[7;1m [0m| || 6
[32;1m[Board] [0m   -------------------
[32;1m[Board] [0m 5 || |[7;1m [0m| |[7;1m [0m| |[7;1m [0m| |[7;1m [0m|| 5
[32;1m[Board] [0m   -------------------
[32;1m[Board] [0m 4 ||[7;1m [0m| |[7;1m [0m| |[7;1m [0m| |[7;1m [0m| || 4
[32;1m[Board] [0m   -------------------
[32;1m[Board] [0m 3 || |[7;1m [0m| |[7;1m [0m| |[0;1mk[0m| |[7;1m [0m|| 3
[32;1m[Board] [0m   -------------------
[32;1m[Board] [0m 2 ||[0;1mp[0m|[0;1mp[0m|[0;1mp[0m|[0;1mp[0m|[0;1mp[0m|[0;1mp[0m|[0;1mp[0m|[0;1mp[0m|| 2
[32;1m[Board] [0m   -------------------
[32;1m[Board] [0m 1 ||[0;1mr[0m|[0;1mk[0m|[0;1mb[0m|[0;1mQ[0m|[0;1mK[0m|[0;1mb[0m| |[0;1mr[0m|| 1
[32;1m[Board] [0m   -------------------
[32;1m[Board] [0m     a b c d e f g h
[32;1m[Board] [0m
[32;1m[Referee] [0mThis is the turn of the Black player...
Inputed Board

We are going to play Black...

------------------------------Current Search Space--------------------------------------------
Possible moves for piece: p:
 p: (1,0)->(2,0) / a7a6
 p: (1,0)->(3,0) / a7a5
 p: (1,1)->(2,1) / b7b6
 p: (1,1)->(3,1) / b7b5
 p: (1,2)->(2,2) / c7c6
 p: (1,2)->(3,2) / c7c5
 p: (1,3)->(2,3) / d7d6
 p: (1,3)->(3,3) / d7d5
 p: (1,4)->(2,4) / e7e6
 p: (1,4)->(3,4) / e7e5
 p: (1,5)->(2,5) / f7f6
 p: (1,5)->(3,5) / f7f5
 p: (1,6)->(2,6) / g7g6
 p: (1,6)->(3,6) / g7g5
 p: (1,7)->(2,7) / h7h6
 p: (1,7)->(3,7) / h7h5
Possible moves for piece: n:
 n: (0,1)->(2,2) / b8c6
 n: (0,1)->(2,0) / b8a6
 n: (0,6)->(2,7) / g8h6
 n: (0,6)->(2,5) / g8f6

------------------------------Filtered Search Space--------------------------------------------
Possible moves for piece: p:
 p: (1,0)->(2,0) / a7a6
 p: (1,0)->(3,0) / a7a5
 p: (1,1)->(2,1) / b7b6
 p: (1,1)->(3,1) / b7b5
 p: (1,2)->(2,2) / c7c6
 p: (1,2)->(3,2) / c7c5
 p: (1,3)->(2,3) / d7d6
 p: (1,3)->(3,3) / d7d5
 p: (1,4)->(2,4) / e7e6
 p: (1,4)->(3,4) / e7e5
 p: (1,5)->(2,5) / f7f6
 p: (1,5)->(3,5) / f7f5
 p: (1,6)->(2,6) / g7g6
 p: (1,6)->(3,6) / g7g5
 p: (1,7)->(2,7) / h7h6
 p: (1,7)->(3,7) / h7h5
Possible moves for piece: n:
 n: (0,1)->(2,2) / b8c6
 n: (0,1)->(2,0) / b8a6
 n: (0,6)->(2,7) / g8h6
 n: (0,6)->(2,5) / g8f6

--------------------------------Info on Attacks---------------------------------------------------
Squares attacked by White pieces:
(3,4) (3,6) (4,3) (4,7) (5,0) (5,1) (5,2) (5,3) (5,4) (5,6) (5,7) (7,6) 

-------------------------------Squares controlled by the enemy------------------------------------
* * * * * * * * 
* * * * * * * * 
* * * * * * * * 
* * * * X * X * 
* * * X * * * X 
X X X X X * X X 
* * * * * * * * 
* * * * * * X * 

------------------------------Check Information---------------------------------------------------
Black King located at: (0,4)
Black King is safe, no check at this position.

------------------------------Special Move Information-------------------------------------------
No en passant allowed right now
------------------------------Castling Rights Information-------------------------------------------
White Kingside Castle:  AVAILABLE
White Queenside Castle: AVAILABLE
Black Kingside Castle:  AVAILABLE
Black Queenside Castle: AVAILABLE
---------------------------------------------------------------------------------------------------

========== CAPTURE EXPLORATION ==========
========================================

========== CHECK EXPLORATION ==========
(no checks found)
======================================
--------------------------------------------------------------------------------------------------
Chosen Move: (1,2) --> (3,2)
 / c7c5

r n b q k b n r 
p p * p p p p p 
* * * * * * * * 
* * p * * * * * 
* * * * * * * * 
* * * * * N * * 
P P P P P P P P 
R N B Q K B * R 

[32;1m[Game] [0mPlayer's error code: 0
[32;1m[Game] [0mChecking move validity...
[32;1m[Board] [0mInitializing board (size: 8)...
[32;1m[Board] [0m32 piece(s) on board.
[32;1m[Board] [0mLoading history file `championship/en-passant-chessgambit/history.csv`...
[32;1m[Board] [0mLoaded 1 move(s).
[32;1m[Board] [0mHistory replayed, 32 piece(s) on board.
[32;1m[Board] [0mLoading move file `championship/en-passant-chessgambit/move.csv`...
[32;1m[Board] [0mBlack player is playing c7 to c5.
[32;1m[Board] [0m
[32;1m[Board] [0m     a b c d e f g h
[32;1m[Board] [0m   -------------------
[32;1m[Board] [0m 8 ||[30;1mr[0m|[30;1mk[0m|[30;1mb[0m|[30;1mQ[0m|[30;1mK[0m|[30;1mb[0m|[30;1mk[0m|[30;1mr[0m|| 8
[32;1m[Board] [0m   -------------------
[32;1m[Board] [0m 7 ||[30;1mp[0m|[30;1mp[0m| |[30;1mp[0m|[30;1mp[0m|[30;1mp[0m|[30;1mp[0m|[30;1mp[0m|| 7
[32;1m[Board] [0m   -------------------
[32;1m[Board] [0m 6 ||[7;1m [0m| |[7;1m [0m| |[7;1m [0m| |[7;1m [0m| || 6
[32;1m[Board] [0m   -------------------
[32;1m[Board] [0m 5 || |[7;1m [0m|[30;1mp[0m|[7;1m [0m| |[7;1m [0m| |[7;1m [0m|| 5
[32;1m[Board] [0m   -------------------
[32;1m[Board] [0m 4 ||[7;1m [0m| |[7;1m [0m| |[7;1m [0m| |[7;1m [0m| || 4
[32;1m[Board] [0m   -------------------
[32;1m[Board] [0m 3 || |[7;1m [0m| |[7;1m [0m| |[0;1mk[0m| |[7;1m [0m|| 3
[32;1m[Board] [0m   -------------------
[32;1m[Board] [0m 2 ||[0;1mp[0m|[0;1mp[0m|[0;1mp[0m|[0;1mp[0m|[0;1mp[0m|[0;1mp[0m|[0;1mp[0m|[0;1mp[0m|| 2
[32;1m[Board] [0m   -------------------
[32;1m[Board] [0m 1 ||[0;1mr[0m|[0;1mk[0m|[0;1mb[0m|[0;1mQ[0m|[0;1mK[0m|[0;1mb[0m| |[0;1mr[0m|| 1
[32;1m[Board] [0m   -------------------
[32;1m[Board] [0m     a b c d e f g h
[32;1m[Board] [0m
[32;1m[Referee] [0mThis is the turn of the White player...
info depth 1
info depth 2
info depth 3
info depth 4
info depth 5
[32;1m[Game] [0mPlayer's error code: 0
[32;1m[Game] [0mChecking move validity...
[32;1m[Board] [0mInitializing board (size: 8)...
[32;1m[Board] [0m32 piece(s) on board.
[32;1m[Board] [0mLoading history file `championship/en-passant-chessgambit/history.csv`...
[32;1m[Board] [0mLoaded 2 move(s).
[32;1m[Board] [0mHistory replayed, 32 piece(s) on board.
[32;1m[Board] [0mLoading move file `championship/en-passant-chessgambit/move.csv`...
[32;1m[Board] [0mWhite player is playing b1 to c3.
[32;1m[Board] [0m
[32;1m[Board] [0m     a b c d e f g h
[32;1m[Board] [0m   -------------------
[32;1m[Board] [0m 8 ||[30;1mr[0m|[30;1mk[0m|[30;1mb[0m|[30;1mQ[0m|[30;1mK[0m|[30;1mb[0m|[30;1mk[0m|[30;1mr[0m|| 8
[32;1m[Board] [0m   -------------------
[32;1m[Board] [0m 7 ||[30;1mp[0m|[30;1mp[0m| |[30;1mp[0m|[30;1mp[0m|[30;1mp[0m|[30;1mp[0m|[30;1mp[0m|| 7
[32;1m[Board] [0m   -------------------
[32;1m[Board] [0m 6 ||[7;1m [0m| |[7;1m [0m| |[7;1m [0m| |[7;1m [0m| || 6
[32;1m[Board] [0m   -------------------
[32;1m[Board] [0m 5 || |[7;1m [0m|[30;1mp[0m|[7;1m [0m| |[7;1m [0m| |[7;1m [0m|| 5
[32;1m[Board] [0m   -------------------
[32;1m[Board] [0m 4 ||[7;1m [0m| |[7;1m [0m| |[7;1m [0m| |[7;1m [0m| || 4
[32;1m[Board] [0m   -------------------
[32;1m[Board] [0m 3 || |[7;1m [0m|[0;1mk[0m|[7;1m [0m| |[0;1mk[0m| |[7;1m [0m|| 3
[32;1m[Board] [0m   -------------------
[32;1m[Board] [0m 2 ||[0;1mp[0m|[0;1mp[0m|[0;1mp[0m|[0;1mp[0m|[0;1mp[0m|[0;1mp[0m|[0;1mp[0m|[0;1mp[0m|| 2
[32;1m[Board] [0m   -------------------
[32;1m[Board] [0m 1 ||[0;1mr[0m|[7;1m [0m|[0;1mb[0m|[0;1mQ[0m|[0;1mK[0m|[0;1mb[0m| |[0;1mr[0m|| 1
[32;1m[Board] [0m   -------------------
[32;1m[Board] [0m     a b c d e f g h
[32;1m[Board] [0m
[32;1m[Referee] [0mThis is the turn of the Black player...
Inputed Board
Currently playing: Black

------------------------------Current Search Space--------------------------------------------
Possible moves for piece: p:
 p: (1,0)->(2,0) / a7a6
 p: (1,0)->(3,0) / a7a5
 p: (1,1)->(2,1) / b7b6
 p: (1,1)->(3,1) / b7b5
 p: (1,3)->(2,3) / d7d6
 p: (1,3)->(3,3) / d7d5
 p: (1,4)->(2,4) / e7e6
 p: (1,4)->(3,4) / e7e5
 p: (1,5)->(2,5) / f7f6
 p: (1,5)->(3,5) / f7f5
 p: (1,6)->(2,6) / g7g6
 p: (1,6)->(3,6) / g7g5
 p: (1,7)->(2,7) / h7h6
 p: (1,7)->(3,7) / h7h5
 p: (3,2)->(4,2) / c5c4
Possible moves for piece: n:
 n: (0,1)->(2,2) / b8c6
 n: (0,1)->(2,0) / b8a6
 n: (0,6)->(2,7) / g8h6
 n: (0,6)->(2,5) / g8f6
Possible moves for piece: q:
 q: (0,3)->(1,2) / d8c7
 q: (0,3)->(2,1) / d8b6
 q: (0,3)->(3,0) / d8a5

------------------------------Filtered Search Space--------------------------------------------
Possible moves for piece: p:
 p: (1,0)->(2,0) / a7a6
 p: (1,0)->(3,0) / a7a5
 p: (1,1)->(2,1) / b7b6
 p: (1,1)->(3,1) / b7b5
 p: (1,3)->(2,3) / d7d6
 p: (1,3)->(3,3) / d7d5
 p: (1,4)->(2,4) / e7e6
 p: (1,4)->(3,4) / e7e5
 p: (1,5)->(2,5) / f7f6
 p: (1,5)->(3,5) / f7f5
 p: (1,6)->(2,6) / g7g6
 p: (1,6)->(3,6) / g7g5
 p: (1,7)->(2,7) / h7h6
 p: (1,7)->(3,7) / h7h5
 p: (3,2)->(4,2) / c5c4
Possible moves for piece: n:
 n: (0,1)->(2,2) / b8c6
 n: (0,1)->(2,0) / b8a6
 n: (0,6)->(2,7) / g8h6
 n: (0,6)->(2,5) / g8f6
Possible moves for piece: q:
 q: (0,3)->(1,2) / d8c7
 q: (0,3)->(2,1) / d8b6
 q: (0,3)->(3,0) / d8a5

--------------------------------Info on Attacks---------------------------------------------------
Squares attacked by White pieces:
(3,1) (3,3) (3,4) (3,6) (4,0) (4,3) (4,4) (4,7) (5,0) (5,1) (5,3) (5,4) (5,6) (5,7) (7,1) (7,6) 

-------------------------------Squares controlled by the enemy------------------------------------
* * * * * * * * 
* * * * * * * * 
* * * * * * * * 
* X * X X * X * 
X * * X X * * X 
X X * X X * X X 
* * * * * * * * 
* X * * * * X * 

------------------------------Check Information---------------------------------------------------
Black King located at: (0,4)
Black King is safe, no check at this position.

------------------------------Special Move Information-------------------------------------------
No en passant allowed right now
------------------------------Castling Rights Information-------------------------------------------
White Kingside Castle:  AVAILABLE
White Queenside Castle: AVAILABLE
Black Kingside Castle:  AVAILABLE
Black Queenside Castle: AVAILABLE
---------------------------------------------------------------------------------------------------

========== CAPTURE EXPLORATION ==========
========================================

========== CHECK EXPLORATION ==========
(no checks found)
======================================
--------------------------------------------------------------------------------------------------
Chosen Move: (1,4) --> (3,4)
 / e7e5

r n b q k b n r 
p p * p * p p p 
* * * * * * * * 
* * p * p * * * 
* * * * * * * * 
* * N * * N * * 
P P P P P P P P 
R * B Q K B * R 

Code timed out used determine move
[32;1m[Game] [0mPlayer's error code: 0
[32;1m[Game] [0mChecking move validity...
[32;1m[Board] [0mInitializing board (size: 8)...
[32;1m[Board] [0m32 piece(s) on board.
[32;1m[Board] [0mLoading history file `championship/en-passant-chessgambit/history.csv`...
[32;1m[Board] [0mLoaded 3 move(s).
[32;1m[Board] [0mHistory replayed, 32 piece(s) on board.
[32;1m[Board] [0mLoading move file `championship/en-passant-chessgambit/move.csv`...
[32;1m[Board] [0mBlack player is playing e7 to e5.
[32;1m[Board] [0m
[32;1m[Board] [0m     a b c d e f g h
[32;1m[Board] [0m   -------------------
[32;1m[Board] [0m 8 ||[30;1mr[0m|[30;1mk[0m|[30;1mb[0m|[30;1mQ[0m|[30;1mK[0m|[30;1mb[0m|[30;1mk[0m|[30;1mr[0m|| 8
[32;1m[Board] [0m   -------------------
[32;1m[Board] [0m 7 ||[30;1mp[0m|[30;1mp[0m| |[30;1mp[0m| |[30;1mp[0m|[30;1mp[0m|[30;1mp[0m|| 7
[32;1m[Board] [0m   -------------------
[32;1m[Board] [0m 6 ||[7;1m [0m| |[7;1m [0m| |[7;1m [0m| |[7;1m [0m| || 6
[32;1m[Board] [0m   -------------------
[32;1m[Board] [0m 5 || |[7;1m [0m|[30;1mp[0m|[7;1m [0m|[30;1mp[0m|[7;1m [0m| |[7;1m [0m|| 5
[32;1m[Board] [0m   -------------------
[32;1m[Board] [0m 4 ||[7;1m [0m| |[7;1m [0m| |[7;1m [0m| |[7;1m [0m| || 4
[32;1m[Board] [0m   -------------------
[32;1m[Board] [0m 3 || |[7;1m [0m|[0;1mk[0m|[7;1m [0m| |[0;1mk[0m| |[7;1m [0m|| 3
[32;1m[Board] [0m   -------------------
[32;1m[Board] [0m 2 ||[0;1mp[0m|[0;1mp[0m|[0;1mp[0m|[0;1mp[0m|[0;1mp[0m|[0;1mp[0m|[0;1mp[0m|[0;1mp[0m|| 2
[32;1m[Board] [0m   -------------------
[32;1m[Board] [0m 1 ||[0;1mr[0m|[7;1m [0m|[0;1mb[0m|[0;1mQ[0m|[0;1mK[0m|[0;1mb[0m| |[0;1mr[0m|| 1
[32;1m[Board] [0m   -------------------
[32;1m[Board] [0m     a b c d e f g h
[32;1m[Board] [0m
[32;1m[Referee] [0mThis is the turn of the White player...
info depth 1
info depth 2
info depth 3
info depth 4
[32;1m[Game] [0mPlayer's error code: 0
[32;1m[Game] [0mChecking move validity...
[32;1m[Board] [0mInitializing board (size: 8)...
[32;1m[Board] [0m32 piece(s) on board.
[32;1m[Board] [0mLoading history file `championship/en-passant-chessgambit/history.csv`...
[32;1m[Board] [0mLoaded 4 move(s).
[32;1m[Board] [0mHistory replayed, 32 piece(s) on board.
[32;1m[Board] [0mLoading move file `championship/en-passant-chessgambit/move.csv`...
[32;1m[Board] [0mWhite player is playing f3 to e5.
[32;1m[Board] [0m[5;1mWhite Knight is taking Black Pawn.[0m
[32;1m[Board] [0m
[32;1m[Board] [0m     a b c d e f g h
[32;1m[Board] [0m   -------------------
[32;1m[Board] [0m 8 ||[30;1mr[0m|[30;1mk[0m|[30;1mb[0m|[30;1mQ[0m|[30;1mK[0m|[30;1mb[0m|[30;1mk[0m|[30;1mr[0m|| 8
[32;1m[Board] [0m   -------------------
[32;1m[Board] [0m 7 ||[30;1mp[0m|[30;1mp[0m| |[30;1mp[0m| |[30;1mp[0m|[30;1mp[0m|[30;1mp[0m|| 7
[32;1m[Board] [0m   -------------------
[32;1m[Board] [0m 6 ||[7;1m [0m| |[7;1m [0m| |[7;1m [0m| |[7;1m [0m| || 6
[32;1m[Board] [0m   -------------------
[32;1m[Board] [0m 5 || |[7;1m [0m|[30;1mp[0m|[7;1m [0m|[0;1mk[0m|[7;1m [0m| |[7;1m [0m|| 5
[32;1m[Board] [0m   -------------------
[32;1m[Board] [0m 4 ||[7;1m [0m| |[7;1m [0m| |[7;1m [0m| |[7;1m [0m| || 4
[32;1m[Board] [0m   -------------------
[32;1m[Board] [0m 3 || |[7;1m [0m|[0;1mk[0m|[7;1m [0m| |[7;1m [0m| |[7;1m [0m|| 3
[32;1m[Board] [0m   -------------------
[32;1m[Board] [0m 2 ||[0;1mp[0m|[0;1mp[0m|[0;1mp[0m|[0;1mp[0m|[0;1mp[0m|[0;1mp[0m|[0;1mp[0m|[0;1mp[0m|| 2
[32;1m[Board] [0m   -------------------
[32;1m[Board] [0m 1 ||[0;1mr[0m|[7;1m [0m|[0;1mb[0m|[0;1mQ[0m|[0;1mK[0m|[0;1mb[0m| |[0;1mr[0m|| 1
[32;1m[Board] [0m   -------------------
[32;1m[Board] [0m     a b c d e f g h
[32;1m[Board] [0m
[32;1m[Referee] [0mThis is the turn of the Black player...
Inputed Board
Currently playing: Black

------------------------------Current Search Space--------------------------------------------
Possible moves for piece: p:
 p: (1,0)->(2,0) / a7a6
 p: (1,0)->(3,0) / a7a5
 p: (1,1)->(2,1) / b7b6
 p: (1,1)->(3,1) / b7b5
 p: (1,3)->(2,3) / d7d6
 p: (1,3)->(3,3) / d7d5
 p: (1,5)->(2,5) / f7f6
 p: (1,5)->(3,5) / f7f5
 p: (1,6)->(2,6) / g7g6
 p: (1,6)->(3,6) / g7g5
 p: (1,7)->(2,7) / h7h6
 p: (1,7)->(3,7) / h7h5
 p: (3,2)->(4,2) / c5c4
Possible moves for piece: n:
 n: (0,1)->(2,2) / b8c6
 n: (0,1)->(2,0) / b8a6
 n: (0,6)->(2,7) / g8h6
 n: (0,6)->(2,5) / g8f6
 n: (0,6)->(1,4) / g8e7
Possible moves for piece: b:
 b: (0,5)->(1,4) / f8e7
 b: (0,5)->(2,3) / f8d6
Possible moves for piece: q:
 q: (0,3)->(1,2) / d8c7
 q: (0,3)->(2,1) / d8b6
 q: (0,3)->(3,0) / d8a5
 q: (0,3)->(1,4) / d8e7
 q: (0,3)->(2,5) / d8f6
 q: (0,3)->(3,6) / d8g5
 q: (0,3)->(4,7) / d8h4
Possible moves for piece: k:
 k: (0,4)->(1,4) / e8e7

------------------------------Filtered Search Space--------------------------------------------
Possible moves for piece: p:
 p: (1,0)->(2,0) / a7a6
 p: (1,0)->(3,0) / a7a5
 p: (1,1)->(2,1) / b7b6
 p: (1,1)->(3,1) / b7b5
 p: (1,3)->(2,3) / d7d6
 p: (1,3)->(3,3) / d7d5
 p: (1,5)->(2,5) / f7f6
 p: (1,5)->(3,5) / f7f5
 p: (1,6)->(2,6) / g7g6
 p: (1,6)->(3,6) / g7g5
 p: (1,7)->(2,7) / h7h6
 p: (1,7)->(3,7) / h7h5
 p: (3,2)->(4,2) / c5c4
Possible moves for piece: n:
 n: (0,1)->(2,2) / b8c6
 n: (0,1)->(2,0) / b8a6
 n: (0,6)->(2,7) / g8h6
 n: (0,6)->(2,5) / g8f6
 n: (0,6)->(1,4) / g8e7
Possible moves for piece: b:
 b: (0,5)->(1,4) / f8e7
 b: (0,5)->(2,3) / f8d6
Possible moves for piece: q:
 q: (0,3)->(1,2) / d8c7
 q: (0,3)->(2,1) / d8b6
 q: (0,3)->(3,0) / d8a5
 q: (0,3)->(1,4) / d8e7
 q: (0,3)->(2,5) / d8f6
 q: (0,3)->(3,6) / d8g5
 q: (0,3)->(4,7) / d8h4
Possible moves for piece: k:
 k: (0,4)->(1,4) / e8e7

--------------------------------Info on Attacks---------------------------------------------------
Squares attacked by White pieces:
(1,3) (1,5) (2,2) (2,6) (3,1) (3,3) (4,0) (4,2) (4,4) (4,6) (5,0) (5,1) (5,3) (5,4) (5,5) (5,6) (5,7) (7,1) (7,6) 

-------------------------------Squares controlled by the enemy------------------------------------
* * * * * * * * 
* * * X * X * * 
* * X * * * X * 
* X * X * * * * 
X * X * X * X * 
X X * X X X X X 
* * * * * * * * 
* X * * * * X * 

------------------------------Check Information---------------------------------------------------
Black King located at: (0,4)
Black King is safe, no check at this position.

------------------------------Special Move Information-------------------------------------------
No en passant allowed right now
------------------------------Castling Rights Information-------------------------------------------
White Kingside Castle:  AVAILABLE
White Queenside Castle: AVAILABLE
Black Kingside Castle:  AVAILABLE
Black Queenside Castle: AVAILABLE
---------------------------------------------------------------------------------------------------

========== CAPTURE EXPLORATION ==========
========================================

========== CHECK EXPLORATION ==========
(no checks found)
======================================
--------------------------------------------------------------------------------------------------
Chosen Move: (1,7) --> (3,7)
 / h7h5

r n b q k b n r 
p p * p * p p * 
* * * * * * * * 
* * p * N * * p 
* * * * * * * * 
* * N * * * * * 
P P P P P P P P 
R * B Q K B * R 

Code timed out used determine move
[32;1m[Game] [0mPlayer's error code: 0
[32;1m[Game] [0mChecking move validity...
[32;1m[Board] [0mInitializing board (size: 8)...
[32;1m[Board] [0m32 piece(s) on board.
[32;1m[Board] [0mLoading history file `championship/en-passant-chessgambit/history.csv`...
[32;1m[Board] [0mLoaded 5 move(s).
[32;1m[Board] [0mHistory replayed, 31 piece(s) on board.
[32;1m[Board] [0mLoading move file `championship/en-passant-chessgambit/move.csv`...
[32;1m[Board] [0mBlack player is playing h7 to h5.
[32;1m[Board] [0m
[32;1m[Board] [0m     a b c d e f g h
[32;1m[Board] [0m   -------------------
[32;1m[Board] [0m 8 ||[30;1mr[0m|[30;1mk[0m|[30;1mb[0m|[30;1mQ[0m|[30;1mK[0m|[30;1mb[0m|[30;1mk[0m|[30;1mr[0m|| 8
[32;1m[Board] [0m   -------------------
[32;1m[Board] [0m 7 ||[30;1mp[0m|[30;1mp[0m| |[30;1mp[0m| |[30;1mp[0m|[30;1mp[0m|[7;1m [0m|| 7
[32;1m[Board] [0m   -------------------
[32;1m[Board] [0m 6 ||[7;1m [0m| |[7;1m [0m| |[7;1m [0m| |[7;1m [0m| || 6
[32;1m[Board] [0m   -------------------
[32;1m[Board] [0m 5 || |[7;1m [0m|[30;1mp[0m|[7;1m [0m|[0;1mk[0m|[7;1m [0m| |[30;1mp[0m|| 5
[32;1m[Board] [0m   -------------------
[32;1m[Board] [0m 4 ||[7;1m [0m| |[7;1m [0m| |[7;1m [0m| |[7;1m [0m| || 4
[32;1m[Board] [0m   -------------------
[32;1m[Board] [0m 3 || |[7;1m [0m|[0;1mk[0m|[7;1m [0m| |[7;1m [0m| |[7;1m [0m|| 3
[32;1m[Board] [0m   -------------------
[32;1m[Board] [0m 2 ||[0;1mp[0m|[0;1mp[0m|[0;1mp[0m|[0;1mp[0m|[0;1mp[0m|[0;1mp[0m|[0;1mp[0m|[0;1mp[0m|| 2
[32;1m[Board] [0m   -------------------
[32;1m[Board] [0m 1 ||[0;1mr[0m|[7;1m [0m|[0;1mb[0m|[0;1mQ[0m|[0;1mK[0m|[0;1mb[0m| |[0;1mr[0m|| 1
[32;1m[Board] [0m   -------------------
[32;1m[Board] [0m     a b c d e f g h
[32;1m[Board] [0m
[32;1m[Referee] [0mThis is the turn of the White player...
info depth 1
info depth 2
info depth 3
info depth 4
[32;1m[Game] [0mPlayer's error code: 0
[32;1m[Game] [0mChecking move validity...
[32;1m[Board] [0mInitializing board (size: 8)...
[32;1m[Board] [0m32 piece(s) on board.
[32;1m[Board] [0mLoading history file `championship/en-passant-chessgambit/history.csv`...
[32;1m[Board] [0mLoaded 6 move(s).
[32;1m[Board] [0mHistory replayed, 31 piece(s) on board.
[32;1m[Board] [0mLoading move file `championship/en-passant-chessgambit/move.csv`...
[32;1m[Board] [0mWhite player is playing d2 to d4.
[32;1m[Board] [0m
[32;1m[Board] [0m     a b c d e f g h
[32;1m[Board] [0m   -------------------
[32;1m[Board] [0m 8 ||[30;1mr[0m|[30;1mk[0m|[30;1mb[0m|[30;1mQ[0m|[30;1mK[0m|[30;1mb[0m|[30;1mk[0m|[30;1mr[0m|| 8
[32;1m[Board] [0m   -------------------
[32;1m[Board] [0m 7 ||[30;1mp[0m|[30;1mp[0m| |[30;1mp[0m| |[30;1mp[0m|[30;1mp[0m|[7;1m [0m|| 7
[32;1m[Board] [0m   -------------------
[32;1m[Board] [0m 6 ||[7;1m [0m| |[7;1m [0m| |[7;1m [0m| |[7;1m [0m| || 6
[32;1m[Board] [0m   -------------------
[32;1m[Board] [0m 5 || |[7;1m [0m|[30;1mp[0m|[7;1m [0m|[0;1mk[0m|[7;1m [0m| |[30;1mp[0m|| 5
[32;1m[Board] [0m   -------------------
[32;1m[Board] [0m 4 ||[7;1m [0m| |[7;1m [0m|[0;1mp[0m|[7;1m [0m| |[7;1m [0m| || 4
[32;1m[Board] [0m   -------------------
[32;1m[Board] [0m 3 || |[7;1m [0m|[0;1mk[0m|[7;1m [0m| |[7;1m [0m| |[7;1m [0m|| 3
[32;1m[Board] [0m   -------------------
[32;1m[Board] [0m 2 ||[0;1mp[0m|[0;1mp[0m|[0;1mp[0m| |[0;1mp[0m|[0;1mp[0m|[0;1mp[0m|[0;1mp[0m|| 2
[32;1m[Board] [0m   -------------------
[32;1m[Board] [0m 1 ||[0;1mr[0m|[7;1m [0m|[0;1mb[0m|[0;1mQ[0m|[0;1mK[0m|[0;1mb[0m| |[0;1mr[0m|| 1
[32;1m[Board] [0m   -------------------
[32;1m[Board] [0m     a b c d e f g h
[32;1m[Board] [0m
[32;1m[Referee] [0mThis is the turn of the Black player...
Inputed Board
Currently playing: Black

------------------------------Current Search Space--------------------------------------------
Possible moves for piece: p:
 p: (1,0)->(2,0) / a7a6
 p: (1,0)->(3,0) / a7a5
 p: (1,1)->(2,1) / b7b6
 p: (1,1)->(3,1) / b7b5
 p: (1,3)->(2,3) / d7d6
 p: (1,3)->(3,3) / d7d5
 p: (1,5)->(2,5) / f7f6
 p: (1,5)->(3,5) / f7f5
 p: (1,6)->(2,6) / g7g6
 p: (1,6)->(3,6) / g7g5
 p: (3,2)->(4,2) / c5c4
 p: (3,2)->(4,3) / c5d4
 p: (3,7)->(4,7) / h5h4
Possible moves for piece: r:
 r: (0,7)->(1,7) / h8h7
 r: (0,7)->(2,7) / h8h6
Possible moves for piece: n:
 n: (0,1)->(2,2) / b8c6
 n: (0,1)->(2,0) / b8a6
 n: (0,6)->(2,7) / g8h6
 n: (0,6)->(2,5) / g8f6
 n: (0,6)->(1,4) / g8e7
Possible moves for piece: b:
 b: (0,5)->(1,4) / f8e7
 b: (0,5)->(2,3) / f8d6
Possible moves for piece: q:
 q: (0,3)->(1,2) / d8c7
 q: (0,3)->(2,1) / d8b6
 q: (0,3)->(3,0) / d8a5
 q: (0,3)->(1,4) / d8e7
 q: (0,3)->(2,5) / d8f6
 q: (0,3)->(3,6) / d8g5
 q: (0,3)->(4,7) / d8h4
Possible moves for piece: k:
 k: (0,4)->(1,4) / e8e7

------------------------------Filtered Search Space--------------------------------------------
Possible moves for piece: p:
 p: (1,0)->(2,0) / a7a6
 p: (1,0)->(3,0) / a7a5
 p: (1,1)->(2,1) / b7b6
 p: (1,1)->(3,1) / b7b5
 p: (1,3)->(2,3) / d7d6
 p: (1,3)->(3,3) / d7d5
 p: (1,5)->(2,5) / f7f6
 p: (1,5)->(3,5) / f7f5
 p: (1,6)->(2,6) / g7g6
 p: (1,6)->(3,6) / g7g5
 p: (3,2)->(4,2) / c5c4
 p: (3,2)->(4,3) / c5d4
 p: (3,7)->(4,7) / h5h4
Possible moves for piece: r:
 r: (0,7)->(1,7) / h8h7
 r: (0,7)->(2,7) / h8h6
Possible moves for piece: n:
 n: (0,1)->(2,2) / b8c6
 n: (0,1)->(2,0) / b8a6
 n: (0,6)->(2,7) / g8h6
 n: (0,6)->(2,5) / g8f6
 n: (0,6)->(1,4) / g8e7
Possible moves for piece: b:
 b: (0,5)->(1,4) / f8e7
 b: (0,5)->(2,3) / f8d6
Possible moves for piece: q:
 q: (0,3)->(1,2) / d8c7
 q: (0,3)->(2,1) / d8b6
 q: (0,3)->(3,0) / d8a5
 q: (0,3)->(1,4) / d8e7
 q: (0,3)->(2,5) / d8f6
 q: (0,3)->(3,6) / d8g5
 q: (0,3)->(4,7) / d8h4
Possible moves for piece: k:
 k: (0,4)->(1,4) / e8e7

--------------------------------Info on Attacks---------------------------------------------------
Squares attacked by White pieces:
(1,3) (1,5) (2,2) (2,6) (2,7) (3,1) (3,2) (3,3) (3,6) (4,0) (4,2) (4,4) (4,5) (4,6) (5,0) (5,1) (5,3) (5,4) (5,5) (5,6) (5,7) (6,3) (7,1) (7,6) 

-------------------------------Squares controlled by the enemy------------------------------------
* * * * * * * * 
* * * X * X * * 
* * X * * * X X 
* X X X * * X * 
X * X * X X X * 
X X * X X X X X 
* * * X * * * * 
* X * * * * X * 

------------------------------Check Information---------------------------------------------------
Black King located at: (0,4)
Black King is safe, no check at this position.

------------------------------Special Move Information-------------------------------------------
No en passant allowed right now
------------------------------Castling Rights Information-------------------------------------------
White Kingside Castle:  AVAILABLE
White Queenside Castle: AVAILABLE
Black Kingside Castle:  AVAILABLE
Black Queenside Castle: AVAILABLE
---------------------------------------------------------------------------------------------------

========== CAPTURE EXPLORATION ==========
[0] p x P | Potential loss: NO | Score: 100
========================================

========== CHECK EXPLORATION ==========
(no checks found)
======================================
--------------------------------------------------------------------------------------------------
Chosen Move: (3,2) --> (4,3)
 / c5d4

r n b q k b n r 
p p * p * p p * 
* * * * * * * * 
* * * * N * * p 
* * * p * * * * 
* * N * * * * * 
P P P * P P P P 
R * B Q K B * R 

Code timed out used determine move
[32;1m[Game] [0mPlayer's error code: 0
[32;1m[Game] [0mChecking move validity...
[32;1m[Board] [0mInitializing board (size: 8)...
[32;1m[Board] [0m32 piece(s) on board.
[32;1m[Board] [0mLoading history file `championship/en-passant-chessgambit/history.csv`...
[32;1m[Board] [0mLoaded 7 move(s).
[32;1m[Board] [0mHistory replayed, 31 piece(s) on board.
[32;1m[Board] [0mLoading move file `championship/en-passant-chessgambit/move.csv`...
[32;1m[Board] [0mBlack player is playing c5 to d4.
[32;1m[Board] [0m[5;1mBlack Pawn is taking White Pawn.[0m
[32;1m[Board] [0m
[32;1m[Board] [0m     a b c d e f g h
[32;1m[Board] [0m   -------------------
[32;1m[Board] [0m 8 ||[30;1mr[0m|[30;1mk[0m|[30;1mb[0m|[30;1mQ[0m|[30;1mK[0m|[30;1mb[0m|[30;1mk[0m|[30;1mr[0m|| 8
[32;1m[Board] [0m   -------------------
[32;1m[Board] [0m 7 ||[30;1mp[0m|[30;1mp[0m| |[30;1mp[0m| |[30;1mp[0m|[30;1mp[0m|[7;1m [0m|| 7
[32;1m[Board] [0m   -------------------
[32;1m[Board] [0m 6 ||[7;1m [0m| |[7;1m [0m| |[7;1m [0m| |[7;1m [0m| || 6
[32;1m[Board] [0m   -------------------
[32;1m[Board] [0m 5 || |[7;1m [0m| |[7;1m [0m|[0;1mk[0m|[7;1m [0m| |[30;1mp[0m|| 5
[32;1m[Board] [0m   -------------------
[32;1m[Board] [0m 4 ||[7;1m [0m| |[7;1m [0m|[30;1mp[0m|[7;1m [0m| |[7;1m [0m| || 4
[32;1m[Board] [0m   -------------------
[32;1m[Board] [0m 3 || |[7;1m [0m|[0;1mk[0m|[7;1m [0m| |[7;1m [0m| |[7;1m [0m|| 3
[32;1m[Board] [0m   -------------------
[32;1m[Board] [0m 2 ||[0;1mp[0m|[0;1mp[0m|[0;1mp[0m| |[0;1mp[0m|[0;1mp[0m|[0;1mp[0m|[0;1mp[0m|| 2
[32;1m[Board] [0m   -------------------
[32;1m[Board] [0m 1 ||[0;1mr[0m|[7;1m [0m|[0;1mb[0m|[0;1mQ[0m|[0;1mK[0m|[0;1mb[0m| |[0;1mr[0m|| 1
[32;1m[Board] [0m   -------------------
[32;1m[Board] [0m     a b c d e f g h
[32;1m[Board] [0m
[32;1m[Referee] [0mThis is the turn of the White player...
info depth 1
info depth 2
info depth 3
info depth 4
[32;1m[Game] [0mPlayer's error code: 0
[32;1m[Game] [0mChecking move validity...
[32;1m[Board] [0mInitializing board (size: 8)...
[32;1m[Board] [0m32 piece(s) on board.
[32;1m[Board] [0mLoading history file `championship/en-passant-chessgambit/history.csv`...
[32;1m[Board] [0mLoaded 8 move(s).
[32;1m[Board] [0mHistory replayed, 30 piece(s) on board.
[32;1m[Board] [0mLoading move file `championship/en-passant-chessgambit/move.csv`...
[32;1m[Board] [0mWhite player is playing d1 to d4.
[32;1m[Board] [0m[5;1mWhite Queen is taking Black Pawn.[0m
[32;1m[Board] [0m
[32;1m[Board] [0m     a b c d e f g h
[32;1m[Board] [0m   -------------------
[32;1m[Board] [0m 8 ||[30;1mr[0m|[30;1mk[0m|[30;1mb[0m|[30;1mQ[0m|[30;1mK[0m|[30;1mb[0m|[30;1mk[0m|[30;1mr[0m|| 8
[32;1m[Board] [0m   -------------------
[32;1m[Board] [0m 7 ||[30;1mp[0m|[30;1mp[0m| |[30;1mp[0m| |[30;1mp[0m|[30;1mp[0m|[7;1m [0m|| 7
[32;1m[Board] [0m   -------------------
[32;1m[Board] [0m 6 ||[7;1m [0m| |[7;1m [0m| |[7;1m [0m| |[7;1m [0m| || 6
[32;1m[Board] [0m   -------------------
[32;1m[Board] [0m 5 || |[7;1m [0m| |[7;1m [0m|[0;1mk[0m|[7;1m [0m| |[30;1mp[0m|| 5
[32;1m[Board] [0m   -------------------
[32;1m[Board] [0m 4 ||[7;1m [0m| |[7;1m [0m|[0;1mQ[0m|[7;1m [0m| |[7;1m [0m| || 4
[32;1m[Board] [0m   -------------------
[32;1m[Board] [0m 3 || |[7;1m [0m|[0;1mk[0m|[7;1m [0m| |[7;1m [0m| |[7;1m [0m|| 3
[32;1m[Board] [0m   -------------------
[32;1m[Board] [0m 2 ||[0;1mp[0m|[0;1mp[0m|[0;1mp[0m| |[0;1mp[0m|[0;1mp[0m|[0;1mp[0m|[0;1mp[0m|| 2
[32;1m[Board] [0m   -------------------
[32;1m[Board] [0m 1 ||[0;1mr[0m|[7;1m [0m|[0;1mb[0m|[7;1m [0m|[0;1mK[0m|[0;1mb[0m| |[0;1mr[0m|| 1
[32;1m[Board] [0m   -------------------
[32;1m[Board] [0m     a b c d e f g h
[32;1m[Board] [0m
[32;1m[Referee] [0mThis is the turn of the Black player...
Inputed Board
Currently playing: Black

------------------------------Current Search Space--------------------------------------------
Possible moves for piece: p:
 p: (1,0)->(2,0) / a7a6
 p: (1,0)->(3,0) / a7a5
 p: (1,1)->(2,1) / b7b6
 p: (1,1)->(3,1) / b7b5
 p: (1,3)->(2,3) / d7d6
 p: (1,3)->(3,3) / d7d5
 p: (1,5)->(2,5) / f7f6
 p: (1,5)->(3,5) / f7f5
 p: (1,6)->(2,6) / g7g6
 p: (1,6)->(3,6) / g7g5
 p: (3,7)->(4,7) / h5h4
Possible moves for piece: r:
 r: (0,7)->(1,7) / h8h7
 r: (0,7)->(2,7) / h8h6
Possible moves for piece: n:
 n: (0,1)->(2,2) / b8c6
 n: (0,1)->(2,0) / b8a6
 n: (0,6)->(2,7) / g8h6
 n: (0,6)->(2,5) / g8f6
 n: (0,6)->(1,4) / g8e7
Possible moves for piece: b:
 b: (0,5)->(1,4) / f8e7
 b: (0,5)->(2,3) / f8d6
 b: (0,5)->(3,2) / f8c5
 b: (0,5)->(4,1) / f8b4
 b: (0,5)->(5,0) / f8a3
Possible moves for piece: q:
 q: (0,3)->(1,2) / d8c7
 q: (0,3)->(2,1) / d8b6
 q: (0,3)->(3,0) / d8a5
 q: (0,3)->(1,4) / d8e7
 q: (0,3)->(2,5) / d8f6
 q: (0,3)->(3,6) / d8g5
 q: (0,3)->(4,7) / d8h4
Possible moves for piece: k:
 k: (0,4)->(1,4) / e8e7

------------------------------Filtered Search Space--------------------------------------------
Possible moves for piece: p:
 p: (1,0)->(2,0) / a7a6
 p: (1,0)->(3,0) / a7a5
 p: (1,1)->(2,1) / b7b6
 p: (1,1)->(3,1) / b7b5
 p: (1,3)->(2,3) / d7d6
 p: (1,3)->(3,3) / d7d5
 p: (1,5)->(2,5) / f7f6
 p: (1,5)->(3,5) / f7f5
 p: (1,6)->(2,6) / g7g6
 p: (1,6)->(3,6) / g7g5
 p: (3,7)->(4,7) / h5h4
Possible moves for piece: r:
 r: (0,7)->(1,7) / h8h7
 r: (0,7)->(2,7) / h8h6
Possible moves for piece: n:
 n: (0,1)->(2,2) / b8c6
 n: (0,1)->(2,0) / b8a6
 n: (0,6)->(2,7) / g8h6
 n: (0,6)->(2,5) / g8f6
 n: (0,6)->(1,4) / g8e7
Possible moves for piece: b:
 b: (0,5)->(1,4) / f8e7
 b: (0,5)->(2,3) / f8d6
 b: (0,5)->(3,2) / f8c5
 b: (0,5)->(4,1) / f8b4
 b: (0,5)->(5,0) / f8a3
Possible moves for piece: q:
 q: (0,3)->(1,2) / d8c7
 q: (0,3)->(2,1) / d8b6
 q: (0,3)->(3,0) / d8a5
 q: (0,3)->(1,4) / d8e7
 q: (0,3)->(2,5) / d8f6
 q: (0,3)->(3,6) / d8g5
 q: (0,3)->(4,7) / d8h4
Possible moves for piece: k:
 k: (0,4)->(1,4) / e8e7

--------------------------------Info on Attacks---------------------------------------------------
Squares attacked by White pieces:
(1,0) (1,3) (1,5) (2,1) (2,2) (2,3) (2,6) (2,7) (3,1) (3,2) (3,3) (3,6) (4,0) (4,1) (4,2) (4,4) (4,5) (4,6) (4,7) (5,0) (5,1) (5,3) (5,4) (5,5) (5,6) (5,7) (6,3) (7,1) (7,3) (7,6) 

-------------------------------Squares controlled by the enemy------------------------------------
* * * * * * * * 
X * * X * X * * 
* X X X * * X X 
* X X X * * X * 
X X X * X X X X 
X X * X X X X X 
* * * X * * * * 
* X * X * * X * 

------------------------------Check Information---------------------------------------------------
Black King located at: (0,4)
Black King is safe, no check at this position.

------------------------------Special Move Information-------------------------------------------
No en passant allowed right now
------------------------------Castling Rights Information-------------------------------------------
White Kingside Castle:  AVAILABLE
White Queenside Castle: AVAILABLE
Black Kingside Castle:  AVAILABLE
Black Queenside Castle: AVAILABLE
---------------------------------------------------------------------------------------------------

========== CAPTURE EXPLORATION ==========
========================================

========== CHECK EXPLORATION ==========
(no checks found)
======================================
--------------------------------------------------------------------------------------------------
Chosen Move: (3,7) --> (4,7)
 / h5h4

r n b q k b n r 
p p * p * p p * 
* * * * * * * * 
* * * * N * * * 
* * * Q * * * p 
* * N * * * * * 
P P P * P P P P 
R * B * K B * R 

Code timed out used determine move
[32;1m[Game] [0mPlayer's error code: 0
[32;1m[Game] [0mChecking move validity...
[32;1m[Board] [0mInitializing board (size: 8)...
[32;1m[Board] [0m32 piece(s) on board.
[32;1m[Board] [0mLoading history file `championship/en-passant-chessgambit/history.csv`...
[32;1m[Board] [0mLoaded 9 move(s).
[32;1m[Board] [0mHistory replayed, 29 piece(s) on board.
[32;1m[Board] [0mLoading move file `championship/en-passant-chessgambit/move.csv`...
[32;1m[Board] [0mBlack player is playing h5 to h4.
[32;1m[Board] [0m
[32;1m[Board] [0m     a b c d e f g h
[32;1m[Board] [0m   -------------------
[32;1m[Board] [0m 8 ||[30;1mr[0m|[30;1mk[0m|[30;1mb[0m|[30;1mQ[0m|[30;1mK[0m|[30;1mb[0m|[30;1mk[0m|[30;1mr[0m|| 8
[32;1m[Board] [0m   -------------------
[32;1m[Board] [0m 7 ||[30;1mp[0m|[30;1mp[0m| |[30;1mp[0m| |[30;1mp[0m|[30;1mp[0m|[7;1m [0m|| 7
[32;1m[Board] [0m   -------------------
[32;1m[Board] [0m 6 ||[7;1m [0m| |[7;1m [0m| |[7;1m [0m| |[7;1m [0m| || 6
[32;1m[Board] [0m   -------------------
[32;1m[Board] [0m 5 || |[7;1m [0m| |[7;1m [0m|[0;1mk[0m|[7;1m [0m| |[7;1m [0m|| 5
[32;1m[Board] [0m   -------------------
[32;1m[Board] [0m 4 ||[7;1m [0m| |[7;1m [0m|[0;1mQ[0m|[7;1m [0m| |[7;1m [0m|[30;1mp[0m|| 4
[32;1m[Board] [0m   -------------------
[32;1m[Board] [0m 3 || |[7;1m [0m|[0;1mk[0m|[7;1m [0m| |[7;1m [0m| |[7;1m [0m|| 3
[32;1m[Board] [0m   -------------------
[32;1m[Board] [0m 2 ||[0;1mp[0m|[0;1mp[0m|[0;1mp[0m| |[0;1mp[0m|[0;1mp[0m|[0;1mp[0m|[0;1mp[0m|| 2
[32;1m[Board] [0m   -------------------
[32;1m[Board] [0m 1 ||[0;1mr[0m|[7;1m [0m|[0;1mb[0m|[7;1m [0m|[0;1mK[0m|[0;1mb[0m| |[0;1mr[0m|| 1
[32;1m[Board] [0m   -------------------
[32;1m[Board] [0m     a b c d e f g h
[32;1m[Board] [0m
[32;1m[Referee] [0mThis is the turn of the White player...
info depth 1
info depth 2
info depth 3
info depth 4
[32;1m[Game] [0mPlayer's error code: 0
[32;1m[Game] [0mChecking move validity...
[32;1m[Board] [0mInitializing board (size: 8)...
[32;1m[Board] [0m32 piece(s) on board.
[32;1m[Board] [0mLoading history file `championship/en-passant-chessgambit/history.csv`...
[32;1m[Board] [0mLoaded 10 move(s).
[32;1m[Board] [0mHistory replayed, 29 piece(s) on board.
[32;1m[Board] [0mLoading move file `championship/en-passant-chessgambit/move.csv`...
[32;1m[Board] [0mWhite player is playing d4 to c4.
[32;1m[Board] [0m
[32;1m[Board] [0m     a b c d e f g h
[32;1m[Board] [0m   -------------------
[32;1m[Board] [0m 8 ||[30;1mr[0m|[30;1mk[0m|[30;1mb[0m|[30;1mQ[0m|[30;1mK[0m|[30;1mb[0m|[30;1mk[0m|[30;1mr[0m|| 8
[32;1m[Board] [0m   -------------------
[32;1m[Board] [0m 7 ||[30;1mp[0m|[30;1mp[0m| |[30;1mp[0m| |[30;1mp[0m|[30;1mp[0m|[7;1m [0m|| 7
[32;1m[Board] [0m   -------------------
[32;1m[Board] [0m 6 ||[7;1m [0m| |[7;1m [0m| |[7;1m [0m| |[7;1m [0m| || 6
[32;1m[Board] [0m   -------------------
[32;1m[Board] [0m 5 || |[7;1m [0m| |[7;1m [0m|[0;1mk[0m|[7;1m [0m| |[7;1m [0m|| 5
[32;1m[Board] [0m   -------------------
[32;1m[Board] [0m 4 ||[7;1m [0m| |[0;1mQ[0m| |[7;1m [0m| |[7;1m [0m|[30;1mp[0m|| 4
[32;1m[Board] [0m   -------------------
[32;1m[Board] [0m 3 || |[7;1m [0m|[0;1mk[0m|[7;1m [0m| |[7;1m [0m| |[7;1m [0m|| 3
[32;1m[Board] [0m   -------------------
[32;1m[Board] [0m 2 ||[0;1mp[0m|[0;1mp[0m|[0;1mp[0m| |[0;1mp[0m|[0;1mp[0m|[0;1mp[0m|[0;1mp[0m|| 2
[32;1m[Board] [0m   -------------------
[32;1m[Board] [0m 1 ||[0;1mr[0m|[7;1m [0m|[0;1mb[0m|[7;1m [0m|[0;1mK[0m|[0;1mb[0m| |[0;1mr[0m|| 1
[32;1m[Board] [0m   -------------------
[32;1m[Board] [0m     a b c d e f g h
[32;1m[Board] [0m
[32;1m[Referee] [0mThis is the turn of the Black player...
Inputed Board
Currently playing: Black

------------------------------Current Search Space--------------------------------------------
Possible moves for piece: p:
 p: (1,0)->(2,0) / a7a6
 p: (1,0)->(3,0) / a7a5
 p: (1,1)->(2,1) / b7b6
 p: (1,1)->(3,1) / b7b5
 p: (1,3)->(2,3) / d7d6
 p: (1,3)->(3,3) / d7d5
 p: (1,5)->(2,5) / f7f6
 p: (1,5)->(3,5) / f7f5
 p: (1,6)->(2,6) / g7g6
 p: (1,6)->(3,6) / g7g5
 p: (4,7)->(5,7) / h4h3
Possible moves for piece: r:
 r: (0,7)->(1,7) / h8h7
 r: (0,7)->(2,7) / h8h6
 r: (0,7)->(3,7) / h8h5
Possible moves for piece: n:
 n: (0,1)->(2,2) / b8c6
 n: (0,1)->(2,0) / b8a6
 n: (0,6)->(2,7) / g8h6
 n: (0,6)->(2,5) / g8f6
 n: (0,6)->(1,4) / g8e7
Possible moves for piece: b:
 b: (0,5)->(1,4) / f8e7
 b: (0,5)->(2,3) / f8d6
 b: (0,5)->(3,2) / f8c5
 b: (0,5)->(4,1) / f8b4
 b: (0,5)->(5,0) / f8a3
Possible moves for piece: q:
 q: (0,3)->(1,2) / d8c7
 q: (0,3)->(2,1) / d8b6
 q: (0,3)->(3,0) / d8a5
 q: (0,3)->(1,4) / d8e7
 q: (0,3)->(2,5) / d8f6
 q: (0,3)->(3,6) / d8g5
Possible moves for piece: k:
 k: (0,4)->(1,4) / e8e7

------------------------------Filtered Search Space--------------------------------------------
Possible moves for piece: p:
 p: (1,0)->(2,0) / a7a6
 p: (1,0)->(3,0) / a7a5
 p: (1,1)->(2,1) / b7b6
 p: (1,1)->(3,1) / b7b5
 p: (1,3)->(2,3) / d7d6
 p: (1,3)->(3,3) / d7d5
 p: (1,5)->(2,5) / f7f6
 p: (1,5)->(3,5) / f7f5
 p: (1,6)->(2,6) / g7g6
 p: (1,6)->(3,6) / g7g5
 p: (4,7)->(5,7) / h4h3
Possible moves for piece: r:
 r: (0,7)->(1,7) / h8h7
 r: (0,7)->(2,7) / h8h6
 r: (0,7)->(3,7) / h8h5
Possible moves for piece: n:
 n: (0,1)->(2,2) / b8c6
 n: (0,1)->(2,0) / b8a6
 n: (0,6)->(2,7) / g8h6
 n: (0,6)->(2,5) / g8f6
 n: (0,6)->(1,4) / g8e7
Possible moves for piece: b:
 b: (0,5)->(1,4) / f8e7
 b: (0,5)->(2,3) / f8d6
 b: (0,5)->(3,2) / f8c5
 b: (0,5)->(4,1) / f8b4
 b: (0,5)->(5,0) / f8a3
Possible moves for piece: q:
 q: (0,3)->(1,2) / d8c7
 q: (0,3)->(2,1) / d8b6
 q: (0,3)->(3,0) / d8a5
 q: (0,3)->(1,4) / d8e7
 q: (0,3)->(2,5) / d8f6
 q: (0,3)->(3,6) / d8g5
Possible moves for piece: k:
 k: (0,4)->(1,4) / e8e7

--------------------------------Info on Attacks---------------------------------------------------
Squares attacked by White pieces:
(0,2) (1,2) (1,3) (1,5) (2,0) (2,2) (2,4) (2,6) (2,7) (3,1) (3,2) (3,3) (3,6) (4,0) (4,1) (4,3) (4,4) (4,5) (4,6) (4,7) (5,0) (5,1) (5,3) (5,4) (5,5) (5,6) (5,7) (6,3) (7,1) (7,3) (7,6) 

-------------------------------Squares controlled by the enemy------------------------------------
* * X * * * * * 
* * X X * X * * 
X * X * X * X X 
* X X X * * X * 
X X * X X X X X 
X X * X X X X X 
* * * X * * * * 
* X * X * * X * 

------------------------------Check Information---------------------------------------------------
Black King located at: (0,4)
Black King is safe, no check at this position.

------------------------------Special Move Information-------------------------------------------
No en passant allowed right now
------------------------------Castling Rights Information-------------------------------------------
White Kingside Castle:  AVAILABLE
White Queenside Castle: AVAILABLE
Black Kingside Castle:  AVAILABLE
Black Queenside Castle: AVAILABLE
---------------------------------------------------------------------------------------------------

========== CAPTURE EXPLORATION ==========
========================================

========== CHECK EXPLORATION ==========
(no checks found)
======================================
--------------------------------------------------------------------------------------------------
Chosen Move: (0,1) --> (2,2)
 / b8c6

r * b q k b n r 
p p * p * p p * 
* * n * * * * * 
* * * * N * * * 
* * Q * * * * p 
* * N * * * * * 
P P P * P P P P 
R * B * K B * R 

Code timed out used determine move
[32;1m[Game] [0mPlayer's error code: 0
[32;1m[Game] [0mChecking move validity...
[32;1m[Board] [0mInitializing board (size: 8)...
[32;1m[Board] [0m32 piece(s) on board.
[32;1m[Board] [0mLoading history file `championship/en-passant-chessgambit/history.csv`...
[32;1m[Board] [0mLoaded 11 move(s).
[32;1m[Board] [0mHistory replayed, 29 piece(s) on board.
[32;1m[Board] [0mLoading move file `championship/en-passant-chessgambit/move.csv`...
[32;1m[Board] [0mBlack player is playing b8 to c6.
[32;1m[Board] [0m
[32;1m[Board] [0m     a b c d e f g h
[32;1m[Board] [0m   -------------------
[32;1m[Board] [0m 8 ||[30;1mr[0m| |[30;1mb[0m|[30;1mQ[0m|[30;1mK[0m|[30;1mb[0m|[30;1mk[0m|[30;1mr[0m|| 8
[32;1m[Board] [0m   -------------------
[32;1m[Board] [0m 7 ||[30;1mp[0m|[30;1mp[0m| |[30;1mp[0m| |[30;1mp[0m|[30;1mp[0m|[7;1m [0m|| 7
[32;1m[Board] [0m   -------------------
[32;1m[Board] [0m 6 ||[7;1m [0m| |[30;1mk[0m| |[7;1m [0m| |[7;1m [0m| || 6
[32;1m[Board] [0m   -------------------
[32;1m[Board] [0m 5 || |[7;1m [0m| |[7;1m [0m|[0;1mk[0m|[7;1m [0m| |[7;1m [0m|| 5
[32;1m[Board] [0m   -------------------
[32;1m[Board] [0m 4 ||[7;1m [0m| |[0;1mQ[0m| |[7;1m [0m| |[7;1m [0m|[30;1mp[0m|| 4
[32;1m[Board] [0m   -------------------
[32;1m[Board] [0m 3 || |[7;1m [0m|[0;1mk[0m|[7;1m [0m| |[7;1m [0m| |[7;1m [0m|| 3
[32;1m[Board] [0m   -------------------
[32;1m[Board] [0m 2 ||[0;1mp[0m|[0;1mp[0m|[0;1mp[0m| |[0;1mp[0m|[0;1mp[0m|[0;1mp[0m|[0;1mp[0m|| 2
[32;1m[Board] [0m   -------------------
[32;1m[Board] [0m 1 ||[0;1mr[0m|[7;1m [0m|[0;1mb[0m|[7;1m [0m|[0;1mK[0m|[0;1mb[0m| |[0;1mr[0m|| 1
[32;1m[Board] [0m   -------------------
[32;1m[Board] [0m     a b c d e f g h
[32;1m[Board] [0m
[32;1m[Referee] [0mThis is the turn of the White player...
info depth 1
info depth 2
info depth 3
info depth 4
[32;1m[Game] [0mPlayer's error code: 0
[32;1m[Game] [0mChecking move validity...
[32;1m[Board] [0mInitializing board (size: 8)...
[32;1m[Board] [0m32 piece(s) on board.
[32;1m[Board] [0mLoading history file `championship/en-passant-chessgambit/history.csv`...
[32;1m[Board] [0mLoaded 12 move(s).
[32;1m[Board] [0mHistory replayed, 29 piece(s) on board.
[32;1m[Board] [0mLoading move file `championship/en-passant-chessgambit/move.csv`...
[32;1m[Board] [0mWhite player is playing c4 to f7.
[32;1m[Board] [0m[5;1mWhite Queen is taking Black Pawn.[0m
[32;1m[Board] [0m
[32;1m[Board] [0m     a b c d e f g h
[32;1m[Board] [0m   -------------------
[32;1m[Board] [0m 8 ||[30;1mr[0m| |[30;1mb[0m|[30;1mQ[0m|[30;1mK[0m|[30;1mb[0m|[30;1mk[0m|[30;1mr[0m|| 8
[32;1m[Board] [0m   -------------------
[32;1m[Board] [0m 7 ||[30;1mp[0m|[30;1mp[0m| |[30;1mp[0m| |[0;1mQ[0m|[30;1mp[0m|[7;1m [0m|| 7
[32;1m[Board] [0m   -------------------
[32;1m[Board] [0m 6 ||[7;1m [0m| |[30;1mk[0m| |[7;1m [0m| |[7;1m [0m| || 6
[32;1m[Board] [0m   -------------------
[32;1m[Board] [0m 5 || |[7;1m [0m| |[7;1m [0m|[0;1mk[0m|[7;1m [0m| |[7;1m [0m|| 5
[32;1m[Board] [0m   -------------------
[32;1m[Board] [0m 4 ||[7;1m [0m| |[7;1m [0m| |[7;1m [0m| |[7;1m [0m|[30;1mp[0m|| 4
[32;1m[Board] [0m   -------------------
[32;1m[Board] [0m 3 || |[7;1m [0m|[0;1mk[0m|[7;1m [0m| |[7;1m [0m| |[7;1m [0m|| 3
[32;1m[Board] [0m   -------------------
[32;1m[Board] [0m 2 ||[0;1mp[0m|[0;1mp[0m|[0;1mp[0m| |[0;1mp[0m|[0;1mp[0m|[0;1mp[0m|[0;1mp[0m|| 2
[32;1m[Board] [0m   -------------------
[32;1m[Board] [0m 1 ||[0;1mr[0m|[7;1m [0m|[0;1mb[0m|[7;1m [0m|[0;1mK[0m|[0;1mb[0m| |[0;1mr[0m|| 1
[32;1m[Board] [0m   -------------------
[32;1m[Board] [0m     a b c d e f g h
[32;1m[Board] [0m
[32;1m[Referee] [0mThis is the turn of the Black player...
