Position history: 1 positions tracked
Position history: 3 positions tracked
Position history: 5 positions tracked
Position history: 7 positions tracked
Static eval for side to move: 20
Completed depth 1 (score: 42)
Completed depth 2 (score: 15)
Completed depth 3 (score: 65)
Search aborted at depth 4
Position history: 9 positions tracked
Static eval for side to move: 30
Completed depth 1 (score: 131)
Completed depth 2 (score: 76)
Search aborted at depth 3
Position history: 11 positions tracked
Static eval for side to move: -69
Completed depth 1 (score: 242)
Completed depth 2 (score: 106)
Completed depth 3 (score: 205)
Search aborted at depth 4
Position history: 13 positions tracked
Static eval for side to move: 106
Completed depth 1 (score: 205)
Completed depth 2 (score: 180)
Search aborted at depth 3
Position history: 15 positions tracked
Static eval for side to move: 235
Completed depth 1 (score: 163)
Search aborted at depth 2
Position history: 17 positions tracked
Static eval for side to move: 155
Completed depth 1 (score: 206)
Completed depth 2 (score: 185)
Completed depth 3 (score: 246)
Search aborted at depth 4
Position history: 19 positions tracked
Static eval for side to move: 246
Completed depth 1 (score: 291)
Completed depth 2 (score: 275)
Completed depth 3 (score: 316)
Search aborted at depth 4
Position history: 21 positions tracked
Static eval for side to move: 301
Completed depth 1 (score: 317)
Completed depth 2 (score: 317)
Completed depth 3 (score: 351)
Search aborted at depth 4
Position history: 23 positions tracked
Static eval for side to move: 360
Completed depth 1 (score: 360)
Completed depth 2 (score: 371)
Search aborted at depth 3
Position history: 25 positions tracked
Static eval for side to move: 371
Completed depth 1 (score: 351)
Completed depth 2 (score: 351)
Search aborted at depth 3
Position history: 27 positions tracked
Static eval for side to move: 417
Completed depth 1 (score: 530)
Completed depth 2 (score: 530)
Search aborted at depth 3
Position history: 29 positions tracked
Static eval for side to move: 530
Completed depth 1 (score: 487)
Completed depth 2 (score: 487)
Completed depth 3 (score: 487)
Search aborted at depth 4
Position history: 31 positions tracked
Static eval for side to move: 563
Completed depth 1 (score: 502)
Completed depth 2 (score: 502)
Search aborted at depth 3
Position history: 33 positions tracked
Static eval for side to move: 554
Completed depth 1 (score: 649)
Completed depth 2 (score: 649)
Search aborted at depth 3
[32;1m[Board] [0m[33;1m[WARNING][0m [5;1mBlack King in check![0m
[32;1m[Board] [0m[33;1m[WARNING][0m    Threatened by White Pawn (b7)
Position history: 35 positions tracked
Static eval for side to move: 909
Completed depth 1 (score: 837)
Search aborted at depth 2
Position history: 37 positions tracked
Static eval for side to move: 882
Completed depth 1 (score: 682)
Search aborted at depth 2
[32;1m[Board] [0m[33;1m[WARNING][0m [5;1mWhite King in check![0m
[32;1m[Board] [0m[33;1m[WARNING][0m    Threatened by Black Queen (c5)
Position history: 39 positions tracked
Static eval for side to move: 963
Completed depth 1 (score: 703)
Completed depth 2 (score: 703)
Completed depth 3 (score: 612)
Search aborted at depth 4
Position history: 41 positions tracked
Static eval for side to move: 963
Completed depth 1 (score: 988)
Completed depth 2 (score: 988)
Completed depth 3 (score: 830)
Search aborted at depth 4
Position history: 43 positions tracked
Static eval for side to move: 993
Completed depth 1 (score: 830)
Completed depth 2 (score: 830)
Search aborted at depth 3
Position history: 45 positions tracked
Static eval for side to move: 859
Completed depth 1 (score: 894)
Completed depth 2 (score: 817)
Completed depth 3 (score: 826)
Search aborted at depth 4
Position history: 47 positions tracked
Static eval for side to move: 924
Completed depth 1 (score: 884)
Completed depth 2 (score: 884)
Search aborted at depth 3
Position history: 49 positions tracked
Static eval for side to move: 884
Completed depth 1 (score: 614)
Completed depth 2 (score: 614)
Completed depth 3 (score: 614)
Completed depth 4 (score: 614)
Position is clearly winning (eval: 884, search: 614), stopping search.
Position history: 51 positions tracked
Static eval for side to move: 568
Completed depth 1 (score: 614)
Completed depth 2 (score: 614)
Completed depth 3 (score: 614)
Completed depth 4 (score: 569)
Position is clearly winning (eval: 568, search: 569), stopping search.
Position history: 53 positions tracked
Static eval for side to move: 348
Completed depth 1 (score: 614)
Completed depth 2 (score: 569)
Completed depth 3 (score: 594)
Completed depth 4 (score: 597)
Position is clearly winning (eval: 348, search: 597), stopping search.
Position history: 55 positions tracked
Static eval for side to move: 569
Completed depth 1 (score: 604)
Completed depth 2 (score: 579)
Completed depth 3 (score: 599)
Completed depth 4 (score: 595)
Position is clearly winning (eval: 569, search: 595), stopping search.
Position history: 57 positions tracked
Static eval for side to move: 574
Completed depth 1 (score: 599)
Completed depth 2 (score: 595)
Completed depth 3 (score: 594)
Search aborted at depth 4
Position history: 59 positions tracked
Static eval for side to move: 604
Completed depth 1 (score: 606)
Completed depth 2 (score: 605)
Completed depth 3 (score: 601)
Search aborted at depth 4
Position history: 61 positions tracked
Static eval for side to move: 554
Completed depth 1 (score: 654)
Completed depth 2 (score: 623)
Completed depth 3 (score: 661)
Completed depth 4 (score: 659)
Position is clearly winning (eval: 554, search: 659), stopping search.
Position history: 63 positions tracked
Static eval for side to move: 659
Completed depth 1 (score: 709)
Completed depth 2 (score: 669)
Completed depth 3 (score: 699)
Search aborted at depth 4
Position history: 65 positions tracked
Static eval for side to move: 704
Completed depth 1 (score: 706)
Completed depth 2 (score: 724)
Completed depth 3 (score: 741)
Search aborted at depth 4
Position history: 67 positions tracked
Static eval for side to move: 749
Completed depth 1 (score: 774)
Completed depth 2 (score: 729)
Search aborted at depth 3
Position history: 69 positions tracked
Static eval for side to move: 744
Completed depth 1 (score: 754)
Completed depth 2 (score: 709)
Search aborted at depth 3
Position history: 71 positions tracked
Static eval for side to move: 709
Completed depth 1 (score: 694)
Completed depth 2 (score: 689)
Completed depth 3 (score: 677)
Search aborted at depth 4
Position history: 73 positions tracked
Static eval for side to move: 744
Completed depth 1 (score: 752)
Completed depth 2 (score: 699)
Completed depth 3 (score: 774)
Search aborted at depth 4
[32;1m[Board] [0m[33;1m[WARNING][0m [5;1mWhite King in check![0m
[32;1m[Board] [0m[33;1m[WARNING][0m    Threatened by Black Pawn (e5)
Position history: 75 positions tracked
Static eval for side to move: 679
Completed depth 1 (score: 899)
Completed depth 2 (score: 829)
Completed depth 3 (score: 827)
Completed depth 4 (score: 827)
Position is clearly winning (eval: 679, search: 827), stopping search.
Position history: 77 positions tracked
Static eval for side to move: 904
Completed depth 1 (score: 827)
Completed depth 2 (score: 827)
Completed depth 3 (score: 827)
Search aborted at depth 4
Position history: 79 positions tracked
Static eval for side to move: 936
Completed depth 1 (score: 941)
Completed depth 2 (score: 917)
Search aborted at depth 3
[32;1m[Board] [0m[33;1m[WARNING][0m [5;1mWhite King in check![0m
[32;1m[Board] [0m[33;1m[WARNING][0m    Threatened by Black Rook (b5)
Position history: 81 positions tracked
Static eval for side to move: 921
Completed depth 1 (score: 941)
Completed depth 2 (score: 917)
Completed depth 3 (score: 832)
Completed depth 4 (score: 832)
Position is clearly winning (eval: 921, search: 832), stopping search.
[32;1m[Board] [0m[33;1m[WARNING][0m [5;1mWhite King in check![0m
[32;1m[Board] [0m[33;1m[WARNING][0m    Threatened by Black Rook (b6)
Position history: 83 positions tracked
Static eval for side to move: 922
Completed depth 1 (score: 941)
Completed depth 2 (score: 917)
Completed depth 3 (score: 832)
Completed depth 4 (score: 832)
Position is clearly winning (eval: 922, search: 832), stopping search.
Position history: 85 positions tracked
Static eval for side to move: 917
Completed depth 1 (score: 832)
Completed depth 2 (score: 832)
Completed depth 3 (score: 832)
Search aborted at depth 4
Position history: 87 positions tracked
Static eval for side to move: 947
Completed depth 1 (score: 937)
Completed depth 2 (score: 902)
Completed depth 3 (score: 872)
Search aborted at depth 4
[32;1m[Board] [0m[33;1m[WARNING][0m [5;1mWhite King in check![0m
[32;1m[Board] [0m[33;1m[WARNING][0m    Threatened by Black Rook (d8)
Position history: 89 positions tracked
Static eval for side to move: 887
Completed depth 1 (score: 907)
Completed depth 2 (score: 872)
Completed depth 3 (score: 907)
Completed depth 4 (score: 897)
Position is clearly winning (eval: 887, search: 897), stopping search.
Position history: 91 positions tracked
Static eval for side to move: 912
Completed depth 1 (score: 937)
Completed depth 2 (score: 907)
Completed depth 3 (score: 917)
Completed depth 4 (score: 922)
Position is clearly winning (eval: 912, search: 922), stopping search.
[32;1m[Board] [0m[33;1m[WARNING][0m [5;1mWhite King in check![0m
[32;1m[Board] [0m[33;1m[WARNING][0m    Threatened by Black Rook (f4)
Position history: 93 positions tracked
Static eval for side to move: 913
Completed depth 1 (score: 883)
Completed depth 2 (score: 888)
Completed depth 3 (score: 922)
Completed depth 4 (score: 922)
Position is clearly winning (eval: 913, search: 922), stopping search.
Position history: 95 positions tracked
Static eval for side to move: 821
Completed depth 1 (score: 1158)
Completed depth 2 (score: 1158)
Completed depth 3 (score: 1158)
Completed depth 4 (score: 1158)
Position is clearly winning (eval: 821, search: 1158), stopping search.
[32;1m[Board] [0m[33;1m[WARNING][0m [5;1mBlack King in check![0m
[32;1m[Board] [0m[33;1m[WARNING][0m    Threatened by White Rook (b3)
Position history: 97 positions tracked
Static eval for side to move: 676
Completed depth 1 (score: 1158)
Completed depth 2 (score: 1158)
Completed depth 3 (score: 1158)
Completed depth 4 (score: 1133)
Position is clearly winning (eval: 676, search: 1133), stopping search.
[32;1m[Board] [0m[33;1m[WARNING][0m [5;1mBlack King in check![0m
[32;1m[Board] [0m[33;1m[WARNING][0m    Threatened by White Bishop (d5)
Position history: 99 positions tracked
Static eval for side to move: 677
Completed depth 1 (score: 1158)
Completed depth 2 (score: 1133)
Completed depth 3 (score: 1193)
Completed depth 4 (score: 1168)
Position is clearly winning (eval: 677, search: 1168), stopping search.
Position history: 101 positions tracked
Static eval for side to move: 1133
Completed depth 1 (score: 1193)
Completed depth 2 (score: 1168)
Completed depth 3 (score: 1199)
Completed depth 4 (score: 1266)
Position is clearly winning (eval: 1133, search: 1266), stopping search.
Position history: 103 positions tracked
Static eval for side to move: 1208
Completed depth 1 (score: 1239)
Completed depth 2 (score: 1266)
Completed depth 3 (score: 1284)
Completed depth 4 (score: 1295)
Position is clearly winning (eval: 1208, search: 1295), stopping search.
Position history: 105 positions tracked
Static eval for side to move: 1198
Completed depth 1 (score: 1229)
Completed depth 2 (score: 1311)
Completed depth 3 (score: 1311)
Completed depth 4 (score: 1320)
Position is clearly winning (eval: 1198, search: 1320), stopping search.
Position history: 107 positions tracked
Static eval for side to move: 1161
Completed depth 1 (score: 1311)
Completed depth 2 (score: 1421)
Completed depth 3 (score: 1421)
Completed depth 4 (score: 1451)
Position is clearly winning (eval: 1161, search: 1451), stopping search.
Position history: 109 positions tracked
Static eval for side to move: 1321
Completed depth 1 (score: 1496)
Completed depth 2 (score: 1451)
Completed depth 3 (score: 1473)
Completed depth 4 (score: 1441)
Position is clearly winning (eval: 1321, search: 1441), stopping search.
Position history: 111 positions tracked
Static eval for side to move: 1451
Completed depth 1 (score: 1473)
Completed depth 2 (score: 1516)
Completed depth 3 (score: 1513)
Completed depth 4 (score: 1567)
Position is clearly winning (eval: 1451, search: 1567), stopping search.
Position history: 113 positions tracked
Static eval for side to move: 1518
Completed depth 1 (score: 1586)
Completed depth 2 (score: 1586)
Completed depth 3 (score: 1591)
Completed depth 4 (score: 1597)
Position is clearly winning (eval: 1518, search: 1597), stopping search.
Position history: 115 positions tracked
Static eval for side to move: 1497
Completed depth 1 (score: 1607)
Completed depth 2 (score: 1613)
Completed depth 3 (score: 1618)
Completed depth 4 (score: 1617)
Position is clearly winning (eval: 1497, search: 1617), stopping search.
Position history: 117 positions tracked
Static eval for side to move: 1562
Completed depth 1 (score: 1643)
Completed depth 2 (score: 1627)
Completed depth 3 (score: 1632)
Completed depth 4 (score: 1627)
Position is clearly winning (eval: 1562, search: 1627), stopping search.
Position history: 119 positions tracked
Static eval for side to move: 1527
Completed depth 1 (score: 1637)
Completed depth 2 (score: 1643)
Completed depth 3 (score: 1648)
Completed depth 4 (score: 1667)
Position is clearly winning (eval: 1527, search: 1667), stopping search.
Position history: 121 positions tracked
Static eval for side to move: 1612
Completed depth 1 (score: 1732)
Completed depth 2 (score: 1722)
Completed depth 3 (score: 2207)
Completed depth 4 (score: 100000)
Found forced mate! Stopping search early.
Position history: 123 positions tracked
Static eval for side to move: 1687
Completed depth 1 (score: 2222)
Completed depth 2 (score: 100000)
Found forced mate! Stopping search early.
Position history: 125 positions tracked
Static eval for side to move: 2212
Completed depth 1 (score: 100000)
Found forced mate! Stopping search early.
[32;1m[Board] [0m[33;1m[WARNING][0m [5;1mBlack King in check![0m
[32;1m[Board] [0m[33;1m[WARNING][0m    Threatened by White Queen (c1)
Position history: 127 positions tracked
Static eval for side to move: 2272
Completed depth 1 (score: 100000)
Found forced mate! Stopping search early.
[32;1m[Board] [0m[33;1m[WARNING][0m [5;1mBlack King in check![0m
[32;1m[Board] [0m[33;1m[WARNING][0m    Threatened by White Queen (c2)
Position history: 129 positions tracked
Static eval for side to move: 2272
Completed depth 1 (score: 100000)
Found forced mate! Stopping search early.
[32;1m[Board] [0m[33;1m[WARNING][0m [5;1mBlack King in check![0m
[32;1m[Board] [0m[33;1m[WARNING][0m    Threatened by White Queen (e2)
Position history: 131 positions tracked
Static eval for side to move: 2283
Completed depth 1 (score: 100000)
Found forced mate! Stopping search early.
[32;1m[Board] [0m[33;1m[WARNING][0m [5;1mBlack King in check![0m
[32;1m[Board] [0m[33;1m[WARNING][0m    Threatened by White Queen (e3)
Position history: 133 positions tracked
Static eval for side to move: 2061
Completed depth 1 (score: 100000)
Found forced mate! Stopping search early.
[32;1m[Board] [0m[33;1m[WARNING][0m [5;1mBlack King in check![0m
[32;1m[Board] [0m[33;1m[WARNING][0m    Threatened by White Queen (g3)
Position history: 135 positions tracked
Static eval for side to move: 2062
Completed depth 1 (score: 100000)
Found forced mate! Stopping search early.
[32;1m[Board] [0m[33;1m[WARNING][0m [5;1mBlack King in check![0m
[32;1m[Board] [0m[33;1m[WARNING][0m    Threatened by White Queen (h3)
Position history: 137 positions tracked
Static eval for side to move: 2047
Completed depth 1 (score: 100000)
Found forced mate! Stopping search early.
[32;1m[Board] [0m[33;1m[WARNING][0m [5;1mBlack King in check![0m
[32;1m[Board] [0m[33;1m[WARNING][0m    Threatened by White Queen (e3)
Position history: 139 positions tracked
Static eval for side to move: 2061
Completed depth 1 (score: 100000)
Found forced mate! Stopping search early.
[32;1m[Board] [0m[33;1m[WARNING][0m [5;1mBlack King in check![0m
[32;1m[Board] [0m[33;1m[WARNING][0m    Threatened by White Bishop (e4)
Position history: 141 positions tracked
Static eval for side to move: 2021
Completed depth 1 (score: 100000)
Found forced mate! Stopping search early.
[32;1m[Board] [0m[33;1m[WARNING][0m [5;1mBlack King in check![0m
[32;1m[Board] [0m[33;1m[WARNING][0m    Threatened by White Queen (e2)
Position history: 143 positions tracked
Static eval for side to move: 2018
Completed depth 1 (score: 100000)
Found forced mate! Stopping search early.
[32;1m[Board] [0m[33;1m[WARNING][0m [5;1mBlack King in checkmate![0m
[32;1m[Board] [0m[33;1m[WARNING][0m The White player wins!
