[32;1m[Board] [0m[33;1m[WARNING][0m Current board equals previous board (move #39)
[32;1m[Board] [0m[33;1m[WARNING][0m [5;1mWhite King in check![0m
[32;1m[Board] [0m[33;1m[WARNING][0m    Threatened by Black Knight (c2)
[32;1m[Board] [0m[33;1m[WARNING][0m [5;1mWhite King in check![0m
[32;1m[Board] [0m[33;1m[WARNING][0m    Threatened by Black Rook (e4)
[32;1m[Board] [0m[33;1m[WARNING][0m [5;1mWhite King in check![0m
[32;1m[Board] [0m[33;1m[WARNING][0m    Threatened by Black Knight (g3)
[32;1m[Board] [0m[33;1m[WARNING][0m [5;1mWhite King in check![0m
[32;1m[Board] [0m[33;1m[WARNING][0m    Threatened by Black Queen (g1)
[32;1m[Board] [0m[33;1m[WARNING][0m Current board equals previous board (move #172)
[32;1m[Board] [0m[33;1m[WARNING][0m Current board equals previous board (move #173)
[32;1m[Board] [0m[33;1m[WARNING][0m [5;1mWhite King in check![0m
[32;1m[Board] [0m[33;1m[WARNING][0m    Threatened by Black Queen (d4)
[32;1m[Board] [0m[33;1m[WARNING][0m [5;1mWhite King in check![0m
[32;1m[Board] [0m[33;1m[WARNING][0m    Threatened by Black Queen (f1)
[32;1m[Board] [0m[33;1m[WARNING][0m [5;1mWhite King in check![0m
[32;1m[Board] [0m[33;1m[WARNING][0m    Threatened by Black Pawn (g2)
[32;1m[Board] [0m[33;1m[WARNING][0m Current board equals previous board (move #238)
[32;1m[Board] [0m[33;1m[WARNING][0m Current board equals previous board (move #239)
[32;1m[Board] [0m[33;1m[WARNING][0m Current board equals previous board (move #264)
[32;1m[Board] [0m[33;1m[WARNING][0m Current board equals previous board (move #265)
[32;1m[Board] [0m[33;1m[WARNING][0m [5;1mWhite King in check![0m
[32;1m[Board] [0m[33;1m[WARNING][0m    Threatened by Black Queen (e1)
[32;1m[Board] [0m[33;1m[WARNING][0m [5;1mWhite King in check![0m
[32;1m[Board] [0m[33;1m[WARNING][0m    Threatened by Black Queen (e2)
[32;1m[Board] [0m[33;1m[WARNING][0m [5;1mWhite King in check![0m
[32;1m[Board] [0m[33;1m[WARNING][0m    Threatened by Black Queen (f3)
[32;1m[Board] [0m[33;1m[WARNING][0m [5;1mWhite King in check![0m
[32;1m[Board] [0m[33;1m[WARNING][0m    Threatened by Black Queen (e3)
[32;1m[Board] [0m[33;1m[WARNING][0m [5;1mWhite King in check![0m
[32;1m[Board] [0m[33;1m[WARNING][0m    Threatened by Black Queen (e2)
[32;1m[Board] [0m[33;1m[WARNING][0m [5;1mWhite King in check![0m
[32;1m[Board] [0m[33;1m[WARNING][0m    Threatened by Black Queen (h2)
[32;1m[Board] [0m[33;1m[WARNING][0m Current board equals previous board (move #300)
[32;1m[Board] [0m[33;1m[WARNING][0m Current board equals previous board (move #301)
[32;1m[Board] [0m[33;1m[WARNING][0m Current board equals previous board (move #302)
[32;1m[Board] [0m[33;1m[WARNING][0m Current board equals previous board (move #303)
[32;1m[Board] [0m[33;1m[WARNING][0m Current board equals previous board (move #312)
[32;1m[Board] [0m[33;1m[WARNING][0m Current board equals previous board (move #313)
[32;1m[Board] [0m[33;1m[WARNING][0m Current board equals previous board (move #324)
[32;1m[Board] [0m[33;1m[WARNING][0m Current board equals previous board (move #325)
[32;1m[Board] [0m[33;1m[WARNING][0m Current board equals previous board (move #348)
[32;1m[Board] [0m[33;1m[WARNING][0m Current board equals previous board (move #349)
[32;1m[Board] [0m[33;1m[WARNING][0m Current board equals previous board (move #342)
[32;1m[Board] [0m[33;1m[WARNING][0m Current board equals previous board (move #343)
[32;1m[Board] [0m[33;1m[WARNING][0m Current board equals previous board (move #344)
[32;1m[Board] [0m[33;1m[WARNING][0m Current board equals previous board (move #345)
[32;1m[Board] [0m[33;1m[WARNING][0m Current board equals previous board (move #342)
[32;1m[Board] [0m[33;1m[WARNING][0m Current board equals previous board (move #358)
[32;1m[Board] [0m[33;1m[WARNING][0m [5;1mThe current board occurred at least 3 times already :([0m
[32;1m[Board] [0m[33;1m[WARNING][0m Draw! Game over.
