[32;1m[Board] [0mInitializing board (size: 8)...
[32;1m[Board] [0m32 piece(s) on board.
[32;1m[Board] [0m
[32;1m[Board] [0m     a b c d e f g h
[32;1m[Board] [0m   -------------------
[32;1m[Board] [0m 8 ||[30;1mr[0m|[30;1mk[0m|[30;1mb[0m|[30;1mQ[0m|[30;1mK[0m|[30;1mb[0m|[30;1mk[0m|[30;1mr[0m|| 8
[32;1m[Board] [0m   -------------------
[32;1m[Board] [0m 7 ||[30;1mp[0m|[30;1mp[0m|[30;1mp[0m|[30;1mp[0m|[30;1mp[0m|[30;1mp[0m|[30;1mp[0m|[30;1mp[0m|| 7
[32;1m[Board] [0m   -------------------
[32;1m[Board] [0m 6 ||[7;1m [0m| |[7;1m [0m| |[7;1m [0m| |[7;1m [0m| || 6
[32;1m[Board] [0m   -------------------
[32;1m[Board] [0m 5 || |[7;1m [0m| |[7;1m [0m| |[7;1m [0m| |[7;1m [0m|| 5
[32;1m[Board] [0m   -------------------
[32;1m[Board] [0m 4 ||[7;1m [0m| |[7;1m [0m| |[7;1m [0m| |[7;1m [0m| || 4
[32;1m[Board] [0m   -------------------
[32;1m[Board] [0m 3 || |[7;1m [0m| |[7;1m [0m| |[7;1m [0m| |[7;1m [0m|| 3
[32;1m[Board] [0m   -------------------
[32;1m[Board] [0m 2 ||[0;1mp[0m|[0;1mp[0m|[0;1mp[0m|[0;1mp[0m|[0;1mp[0m|[0;1mp[0m|[0;1mp[0m|[0;1mp[0m|| 2
[32;1m[Board] [0m   -------------------
[32;1m[Board] [0m 1 ||[0;1mr[0m|[0;1mk[0m|[0;1mb[0m|[0;1mQ[0m|[0;1mK[0m|[0;1mb[0m|[0;1mk[0m|[0;1mr[0m|| 1
[32;1m[Board] [0m   -------------------
[32;1m[Board] [0m     a b c d e f g h
[32;1m[Board] [0m
[32;1m[Referee] [0mThis is the turn of the White player...
Choice: g1f3 | Depth: 7 | Time: 9567ms
[32;1m[Game] [0mPlayer's error code: 0
[32;1m[Game] [0mChecking move validity...
[32;1m[Board] [0mInitializing board (size: 8)...
[32;1m[Board] [0m32 piece(s) on board.
[32;1m[Board] [0mLoading history file `championship/lmc-ai-chessgambit/history.csv`...
[32;1m[Board] [0mLoaded 0 move(s).
[32;1m[Board] [0mHistory replayed, 32 piece(s) on board.
[32;1m[Board] [0mLoading move file `championship/lmc-ai-chessgambit/move.csv`...
[32;1m[Board] [0mWhite player is playing g1 to f3.
[32;1m[Board] [0m
[32;1m[Board] [0m     a b c d e f g h
[32;1m[Board] [0m   -------------------
[32;1m[Board] [0m 8 ||[30;1mr[0m|[30;1mk[0m|[30;1mb[0m|[30;1mQ[0m|[30;1mK[0m|[30;1mb[0m|[30;1mk[0m|[30;1mr[0m|| 8
[32;1m[Board] [0m   -------------------
[32;1m[Board] [0m 7 ||[30;1mp[0m|[30;1mp[0m|[30;1mp[0m|[30;1mp[0m|[30;1mp[0m|[30;1mp[0m|[30;1mp[0m|[30;1mp[0m|| 7
[32;1m[Board] [0m   -------------------
[32;1m[Board] [0m 6 ||[7;1m [0m| |[7;1m [0m| |[7;1m [0m| |[7;1m [0m| || 6
[32;1m[Board] [0m   -------------------
[32;1m[Board] [0m 5 || |[7;1m [0m| |[7;1m [0m| |[7;1m [0m| |[7;1m [0m|| 5
[32;1m[Board] [0m   -------------------
[32;1m[Board] [0m 4 ||[7;1m [0m| |[7;1m [0m| |[7;1m [0m| |[7;1m [0m| || 4
[32;1m[Board] [0m   -------------------
[32;1m[Board] [0m 3 || |[7;1m [0m| |[7;1m [0m| |[0;1mk[0m| |[7;1m [0m|| 3
[32;1m[Board] [0m   -------------------
[32;1m[Board] [0m 2 ||[0;1mp[0m|[0;1mp[0m|[0;1mp[0m|[0;1mp[0m|[0;1mp[0m|[0;1mp[0m|[0;1mp[0m|[0;1mp[0m|| 2
[32;1m[Board] [0m   -------------------
[32;1m[Board] [0m 1 ||[0;1mr[0m|[0;1mk[0m|[0;1mb[0m|[0;1mQ[0m|[0;1mK[0m|[0;1mb[0m| |[0;1mr[0m|| 1
[32;1m[Board] [0m   -------------------
[32;1m[Board] [0m     a b c d e f g h
[32;1m[Board] [0m
[32;1m[Referee] [0mThis is the turn of the Black player...
Inputed Board

We are going to play Black...

------------------------------Current Search Space--------------------------------------------
Possible moves for piece: p:
 p: (1,0)->(2,0) / a7a6
 p: (1,0)->(3,0) / a7a5
 p: (1,1)->(2,1) / b7b6
 p: (1,1)->(3,1) / b7b5
 p: (1,2)->(2,2) / c7c6
 p: (1,2)->(3,2) / c7c5
 p: (1,3)->(2,3) / d7d6
 p: (1,3)->(3,3) / d7d5
 p: (1,4)->(2,4) / e7e6
 p: (1,4)->(3,4) / e7e5
 p: (1,5)->(2,5) / f7f6
 p: (1,5)->(3,5) / f7f5
 p: (1,6)->(2,6) / g7g6
 p: (1,6)->(3,6) / g7g5
 p: (1,7)->(2,7) / h7h6
 p: (1,7)->(3,7) / h7h5
Possible moves for piece: n:
 n: (0,1)->(2,2) / b8c6
 n: (0,1)->(2,0) / b8a6
 n: (0,6)->(2,7) / g8h6
 n: (0,6)->(2,5) / g8f6

------------------------------Filtered Search Space--------------------------------------------
Possible moves for piece: p:
 p: (1,0)->(2,0) / a7a6
 p: (1,0)->(3,0) / a7a5
 p: (1,1)->(2,1) / b7b6
 p: (1,1)->(3,1) / b7b5
 p: (1,2)->(2,2) / c7c6
 p: (1,2)->(3,2) / c7c5
 p: (1,3)->(2,3) / d7d6
 p: (1,3)->(3,3) / d7d5
 p: (1,4)->(2,4) / e7e6
 p: (1,4)->(3,4) / e7e5
 p: (1,5)->(2,5) / f7f6
 p: (1,5)->(3,5) / f7f5
 p: (1,6)->(2,6) / g7g6
 p: (1,6)->(3,6) / g7g5
 p: (1,7)->(2,7) / h7h6
 p: (1,7)->(3,7) / h7h5
Possible moves for piece: n:
 n: (0,1)->(2,2) / b8c6
 n: (0,1)->(2,0) / b8a6
 n: (0,6)->(2,7) / g8h6
 n: (0,6)->(2,5) / g8f6

--------------------------------Info on Attacks---------------------------------------------------
Squares attacked by White pieces:
(3,4) (3,6) (4,3) (4,7) (5,0) (5,1) (5,2) (5,3) (5,4) (5,6) (5,7) (7,6) 

-------------------------------Squares controlled by the enemy------------------------------------
* * * * * * * * 
* * * * * * * * 
* * * * * * * * 
* * * * X * X * 
* * * X * * * X 
X X X X X * X X 
* * * * * * * * 
* * * * * * X * 

------------------------------Check Information---------------------------------------------------
Black King located at: (0,4)
Black King is safe, no check at this position.

------------------------------Special Move Information-------------------------------------------
No en passant allowed right now
------------------------------Castling Rights Information-------------------------------------------
White Kingside Castle:  AVAILABLE
White Queenside Castle: AVAILABLE
Black Kingside Castle:  AVAILABLE
Black Queenside Castle: AVAILABLE
---------------------------------------------------------------------------------------------------

========== CAPTURE EXPLORATION ==========
========================================

========== CHECK EXPLORATION ==========
(no checks found)
======================================
--------------------------------------------------------------------------------------------------
Chosen Move: (1,2) --> (3,2)
 / c7c5

r n b q k b n r 
p p * p p p p p 
* * * * * * * * 
* * p * * * * * 
* * * * * * * * 
* * * * * N * * 
P P P P P P P P 
R N B Q K B * R 

[32;1m[Game] [0mPlayer's error code: 0
[32;1m[Game] [0mChecking move validity...
[32;1m[Board] [0mInitializing board (size: 8)...
[32;1m[Board] [0m32 piece(s) on board.
[32;1m[Board] [0mLoading history file `championship/lmc-ai-chessgambit/history.csv`...
[32;1m[Board] [0mLoaded 1 move(s).
[32;1m[Board] [0mHistory replayed, 32 piece(s) on board.
[32;1m[Board] [0mLoading move file `championship/lmc-ai-chessgambit/move.csv`...
[32;1m[Board] [0mBlack player is playing c7 to c5.
[32;1m[Board] [0m
[32;1m[Board] [0m     a b c d e f g h
[32;1m[Board] [0m   -------------------
[32;1m[Board] [0m 8 ||[30;1mr[0m|[30;1mk[0m|[30;1mb[0m|[30;1mQ[0m|[30;1mK[0m|[30;1mb[0m|[30;1mk[0m|[30;1mr[0m|| 8
[32;1m[Board] [0m   -------------------
[32;1m[Board] [0m 7 ||[30;1mp[0m|[30;1mp[0m| |[30;1mp[0m|[30;1mp[0m|[30;1mp[0m|[30;1mp[0m|[30;1mp[0m|| 7
[32;1m[Board] [0m   -------------------
[32;1m[Board] [0m 6 ||[7;1m [0m| |[7;1m [0m| |[7;1m [0m| |[7;1m [0m| || 6
[32;1m[Board] [0m   -------------------
[32;1m[Board] [0m 5 || |[7;1m [0m|[30;1mp[0m|[7;1m [0m| |[7;1m [0m| |[7;1m [0m|| 5
[32;1m[Board] [0m   -------------------
[32;1m[Board] [0m 4 ||[7;1m [0m| |[7;1m [0m| |[7;1m [0m| |[7;1m [0m| || 4
[32;1m[Board] [0m   -------------------
[32;1m[Board] [0m 3 || |[7;1m [0m| |[7;1m [0m| |[0;1mk[0m| |[7;1m [0m|| 3
[32;1m[Board] [0m   -------------------
[32;1m[Board] [0m 2 ||[0;1mp[0m|[0;1mp[0m|[0;1mp[0m|[0;1mp[0m|[0;1mp[0m|[0;1mp[0m|[0;1mp[0m|[0;1mp[0m|| 2
[32;1m[Board] [0m   -------------------
[32;1m[Board] [0m 1 ||[0;1mr[0m|[0;1mk[0m|[0;1mb[0m|[0;1mQ[0m|[0;1mK[0m|[0;1mb[0m| |[0;1mr[0m|| 1
[32;1m[Board] [0m   -------------------
[32;1m[Board] [0m     a b c d e f g h
[32;1m[Board] [0m
[32;1m[Referee] [0mThis is the turn of the White player...
Choice: e2e4 | Depth: 7 | Time: 9564ms
[32;1m[Game] [0mPlayer's error code: 0
[32;1m[Game] [0mChecking move validity...
[32;1m[Board] [0mInitializing board (size: 8)...
[32;1m[Board] [0m32 piece(s) on board.
[32;1m[Board] [0mLoading history file `championship/lmc-ai-chessgambit/history.csv`...
[32;1m[Board] [0mLoaded 2 move(s).
[32;1m[Board] [0mHistory replayed, 32 piece(s) on board.
[32;1m[Board] [0mLoading move file `championship/lmc-ai-chessgambit/move.csv`...
[32;1m[Board] [0mWhite player is playing e2 to e4.
[32;1m[Board] [0m
[32;1m[Board] [0m     a b c d e f g h
[32;1m[Board] [0m   -------------------
[32;1m[Board] [0m 8 ||[30;1mr[0m|[30;1mk[0m|[30;1mb[0m|[30;1mQ[0m|[30;1mK[0m|[30;1mb[0m|[30;1mk[0m|[30;1mr[0m|| 8
[32;1m[Board] [0m   -------------------
[32;1m[Board] [0m 7 ||[30;1mp[0m|[30;1mp[0m| |[30;1mp[0m|[30;1mp[0m|[30;1mp[0m|[30;1mp[0m|[30;1mp[0m|| 7
[32;1m[Board] [0m   -------------------
[32;1m[Board] [0m 6 ||[7;1m [0m| |[7;1m [0m| |[7;1m [0m| |[7;1m [0m| || 6
[32;1m[Board] [0m   -------------------
[32;1m[Board] [0m 5 || |[7;1m [0m|[30;1mp[0m|[7;1m [0m| |[7;1m [0m| |[7;1m [0m|| 5
[32;1m[Board] [0m   -------------------
[32;1m[Board] [0m 4 ||[7;1m [0m| |[7;1m [0m| |[0;1mp[0m| |[7;1m [0m| || 4
[32;1m[Board] [0m   -------------------
[32;1m[Board] [0m 3 || |[7;1m [0m| |[7;1m [0m| |[0;1mk[0m| |[7;1m [0m|| 3
[32;1m[Board] [0m   -------------------
[32;1m[Board] [0m 2 ||[0;1mp[0m|[0;1mp[0m|[0;1mp[0m|[0;1mp[0m|[7;1m [0m|[0;1mp[0m|[0;1mp[0m|[0;1mp[0m|| 2
[32;1m[Board] [0m   -------------------
[32;1m[Board] [0m 1 ||[0;1mr[0m|[0;1mk[0m|[0;1mb[0m|[0;1mQ[0m|[0;1mK[0m|[0;1mb[0m| |[0;1mr[0m|| 1
[32;1m[Board] [0m   -------------------
[32;1m[Board] [0m     a b c d e f g h
[32;1m[Board] [0m
[32;1m[Referee] [0mThis is the turn of the Black player...
Inputed Board
Currently playing: Black

------------------------------Current Search Space--------------------------------------------
Possible moves for piece: p:
 p: (1,0)->(2,0) / a7a6
 p: (1,0)->(3,0) / a7a5
 p: (1,1)->(2,1) / b7b6
 p: (1,1)->(3,1) / b7b5
 p: (1,3)->(2,3) / d7d6
 p: (1,3)->(3,3) / d7d5
 p: (1,4)->(2,4) / e7e6
 p: (1,4)->(3,4) / e7e5
 p: (1,5)->(2,5) / f7f6
 p: (1,5)->(3,5) / f7f5
 p: (1,6)->(2,6) / g7g6
 p: (1,6)->(3,6) / g7g5
 p: (1,7)->(2,7) / h7h6
 p: (1,7)->(3,7) / h7h5
 p: (3,2)->(4,2) / c5c4
Possible moves for piece: n:
 n: (0,1)->(2,2) / b8c6
 n: (0,1)->(2,0) / b8a6
 n: (0,6)->(2,7) / g8h6
 n: (0,6)->(2,5) / g8f6
Possible moves for piece: q:
 q: (0,3)->(1,2) / d8c7
 q: (0,3)->(2,1) / d8b6
 q: (0,3)->(3,0) / d8a5

------------------------------Filtered Search Space--------------------------------------------
Possible moves for piece: p:
 p: (1,0)->(2,0) / a7a6
 p: (1,0)->(3,0) / a7a5
 p: (1,1)->(2,1) / b7b6
 p: (1,1)->(3,1) / b7b5
 p: (1,3)->(2,3) / d7d6
 p: (1,3)->(3,3) / d7d5
 p: (1,4)->(2,4) / e7e6
 p: (1,4)->(3,4) / e7e5
 p: (1,5)->(2,5) / f7f6
 p: (1,5)->(3,5) / f7f5
 p: (1,6)->(2,6) / g7g6
 p: (1,6)->(3,6) / g7g5
 p: (1,7)->(2,7) / h7h6
 p: (1,7)->(3,7) / h7h5
 p: (3,2)->(4,2) / c5c4
Possible moves for piece: n:
 n: (0,1)->(2,2) / b8c6
 n: (0,1)->(2,0) / b8a6
 n: (0,6)->(2,7) / g8h6
 n: (0,6)->(2,5) / g8f6
Possible moves for piece: q:
 q: (0,3)->(1,2) / d8c7
 q: (0,3)->(2,1) / d8b6
 q: (0,3)->(3,0) / d8a5

--------------------------------Info on Attacks---------------------------------------------------
Squares attacked by White pieces:
(2,0) (3,1) (3,3) (3,4) (3,5) (3,6) (4,2) (4,3) (4,7) (5,0) (5,1) (5,2) (5,3) (5,4) (5,6) (5,7) (6,4) (7,6) 

-------------------------------Squares controlled by the enemy------------------------------------
* * * * * * * * 
* * * * * * * * 
X * * * * * * * 
* X * X X X X * 
* * X X * * * X 
X X X X X * X X 
* * * * X * * * 
* * * * * * X * 

------------------------------Check Information---------------------------------------------------
Black King located at: (0,4)
Black King is safe, no check at this position.

------------------------------Special Move Information-------------------------------------------
No en passant allowed right now
------------------------------Castling Rights Information-------------------------------------------
White Kingside Castle:  AVAILABLE
White Queenside Castle: AVAILABLE
Black Kingside Castle:  AVAILABLE
Black Queenside Castle: AVAILABLE
---------------------------------------------------------------------------------------------------

========== CAPTURE EXPLORATION ==========
========================================

========== CHECK EXPLORATION ==========
(no checks found)
======================================
--------------------------------------------------------------------------------------------------
Chosen Move: (0,6) --> (2,7)
 / g8h6

r n b q k b * r 
p p * p p p p p 
* * * * * * * n 
* * p * * * * * 
* * * * P * * * 
* * * * * N * * 
P P P P * P P P 
R N B Q K B * R 

Code timed out used determine move
[32;1m[Game] [0mPlayer's error code: 0
[32;1m[Game] [0mChecking move validity...
[32;1m[Board] [0mInitializing board (size: 8)...
[32;1m[Board] [0m32 piece(s) on board.
[32;1m[Board] [0mLoading history file `championship/lmc-ai-chessgambit/history.csv`...
[32;1m[Board] [0mLoaded 3 move(s).
[32;1m[Board] [0mHistory replayed, 32 piece(s) on board.
[32;1m[Board] [0mLoading move file `championship/lmc-ai-chessgambit/move.csv`...
[32;1m[Board] [0mBlack player is playing g8 to h6.
[32;1m[Board] [0m
[32;1m[Board] [0m     a b c d e f g h
[32;1m[Board] [0m   -------------------
[32;1m[Board] [0m 8 ||[30;1mr[0m|[30;1mk[0m|[30;1mb[0m|[30;1mQ[0m|[30;1mK[0m|[30;1mb[0m|[7;1m [0m|[30;1mr[0m|| 8
[32;1m[Board] [0m   -------------------
[32;1m[Board] [0m 7 ||[30;1mp[0m|[30;1mp[0m| |[30;1mp[0m|[30;1mp[0m|[30;1mp[0m|[30;1mp[0m|[30;1mp[0m|| 7
[32;1m[Board] [0m   -------------------
[32;1m[Board] [0m 6 ||[7;1m [0m| |[7;1m [0m| |[7;1m [0m| |[7;1m [0m|[30;1mk[0m|| 6
[32;1m[Board] [0m   -------------------
[32;1m[Board] [0m 5 || |[7;1m [0m|[30;1mp[0m|[7;1m [0m| |[7;1m [0m| |[7;1m [0m|| 5
[32;1m[Board] [0m   -------------------
[32;1m[Board] [0m 4 ||[7;1m [0m| |[7;1m [0m| |[0;1mp[0m| |[7;1m [0m| || 4
[32;1m[Board] [0m   -------------------
[32;1m[Board] [0m 3 || |[7;1m [0m| |[7;1m [0m| |[0;1mk[0m| |[7;1m [0m|| 3
[32;1m[Board] [0m   -------------------
[32;1m[Board] [0m 2 ||[0;1mp[0m|[0;1mp[0m|[0;1mp[0m|[0;1mp[0m|[7;1m [0m|[0;1mp[0m|[0;1mp[0m|[0;1mp[0m|| 2
[32;1m[Board] [0m   -------------------
[32;1m[Board] [0m 1 ||[0;1mr[0m|[0;1mk[0m|[0;1mb[0m|[0;1mQ[0m|[0;1mK[0m|[0;1mb[0m| |[0;1mr[0m|| 1
[32;1m[Board] [0m   -------------------
[32;1m[Board] [0m     a b c d e f g h
[32;1m[Board] [0m
[32;1m[Referee] [0mThis is the turn of the White player...
Choice: f1c4 | Depth: 7 | Time: 9607ms
[32;1m[Game] [0mPlayer's error code: 0
[32;1m[Game] [0mChecking move validity...
[32;1m[Board] [0mInitializing board (size: 8)...
[32;1m[Board] [0m32 piece(s) on board.
[32;1m[Board] [0mLoading history file `championship/lmc-ai-chessgambit/history.csv`...
[32;1m[Board] [0mLoaded 4 move(s).
[32;1m[Board] [0mHistory replayed, 32 piece(s) on board.
[32;1m[Board] [0mLoading move file `championship/lmc-ai-chessgambit/move.csv`...
[32;1m[Board] [0mWhite player is playing f1 to c4.
[32;1m[Board] [0m
[32;1m[Board] [0m     a b c d e f g h
[32;1m[Board] [0m   -------------------
[32;1m[Board] [0m 8 ||[30;1mr[0m|[30;1mk[0m|[30;1mb[0m|[30;1mQ[0m|[30;1mK[0m|[30;1mb[0m|[7;1m [0m|[30;1mr[0m|| 8
[32;1m[Board] [0m   -------------------
[32;1m[Board] [0m 7 ||[30;1mp[0m|[30;1mp[0m| |[30;1mp[0m|[30;1mp[0m|[30;1mp[0m|[30;1mp[0m|[30;1mp[0m|| 7
[32;1m[Board] [0m   -------------------
[32;1m[Board] [0m 6 ||[7;1m [0m| |[7;1m [0m| |[7;1m [0m| |[7;1m [0m|[30;1mk[0m|| 6
[32;1m[Board] [0m   -------------------
[32;1m[Board] [0m 5 || |[7;1m [0m|[30;1mp[0m|[7;1m [0m| |[7;1m [0m| |[7;1m [0m|| 5
[32;1m[Board] [0m   -------------------
[32;1m[Board] [0m 4 ||[7;1m [0m| |[0;1mb[0m| |[0;1mp[0m| |[7;1m [0m| || 4
[32;1m[Board] [0m   -------------------
[32;1m[Board] [0m 3 || |[7;1m [0m| |[7;1m [0m| |[0;1mk[0m| |[7;1m [0m|| 3
[32;1m[Board] [0m   -------------------
[32;1m[Board] [0m 2 ||[0;1mp[0m|[0;1mp[0m|[0;1mp[0m|[0;1mp[0m|[7;1m [0m|[0;1mp[0m|[0;1mp[0m|[0;1mp[0m|| 2
[32;1m[Board] [0m   -------------------
[32;1m[Board] [0m 1 ||[0;1mr[0m|[0;1mk[0m|[0;1mb[0m|[0;1mQ[0m|[0;1mK[0m|[7;1m [0m| |[0;1mr[0m|| 1
[32;1m[Board] [0m   -------------------
[32;1m[Board] [0m     a b c d e f g h
[32;1m[Board] [0m
[32;1m[Referee] [0mThis is the turn of the Black player...
Inputed Board
Currently playing: Black

------------------------------Current Search Space--------------------------------------------
Possible moves for piece: p:
 p: (1,0)->(2,0) / a7a6
 p: (1,0)->(3,0) / a7a5
 p: (1,1)->(2,1) / b7b6
 p: (1,1)->(3,1) / b7b5
 p: (1,3)->(2,3) / d7d6
 p: (1,3)->(3,3) / d7d5
 p: (1,4)->(2,4) / e7e6
 p: (1,4)->(3,4) / e7e5
 p: (1,5)->(2,5) / f7f6
 p: (1,5)->(3,5) / f7f5
 p: (1,6)->(2,6) / g7g6
 p: (1,6)->(3,6) / g7g5
Possible moves for piece: r:
 r: (0,7)->(0,6) / h8g8
Possible moves for piece: n:
 n: (0,1)->(2,2) / b8c6
 n: (0,1)->(2,0) / b8a6
 n: (2,7)->(4,6) / h6g4
 n: (2,7)->(0,6) / h6g8
 n: (2,7)->(3,5) / h6f5
Possible moves for piece: q:
 q: (0,3)->(1,2) / d8c7
 q: (0,3)->(2,1) / d8b6
 q: (0,3)->(3,0) / d8a5

------------------------------Filtered Search Space--------------------------------------------
Possible moves for piece: p:
 p: (1,0)->(2,0) / a7a6
 p: (1,0)->(3,0) / a7a5
 p: (1,1)->(2,1) / b7b6
 p: (1,1)->(3,1) / b7b5
 p: (1,3)->(2,3) / d7d6
 p: (1,3)->(3,3) / d7d5
 p: (1,4)->(2,4) / e7e6
 p: (1,4)->(3,4) / e7e5
 p: (1,5)->(2,5) / f7f6
 p: (1,5)->(3,5) / f7f5
 p: (1,6)->(2,6) / g7g6
 p: (1,6)->(3,6) / g7g5
Possible moves for piece: r:
 r: (0,7)->(0,6) / h8g8
Possible moves for piece: n:
 n: (0,1)->(2,2) / b8c6
 n: (0,1)->(2,0) / b8a6
 n: (2,7)->(4,6) / h6g4
 n: (2,7)->(0,6) / h6g8
 n: (2,7)->(3,5) / h6f5
Possible moves for piece: q:
 q: (0,3)->(1,2) / d8c7
 q: (0,3)->(2,1) / d8b6
 q: (0,3)->(3,0) / d8a5

--------------------------------Info on Attacks---------------------------------------------------
Squares attacked by White pieces:
(1,5) (2,0) (2,4) (3,1) (3,3) (3,4) (3,5) (3,6) (4,3) (4,7) (5,0) (5,1) (5,2) (5,3) (5,4) (5,6) (5,7) (6,4) (7,5) (7,6) 

-------------------------------Squares controlled by the enemy------------------------------------
* * * * * * * * 
* * * * * X * * 
X * * * X * * * 
* X * X X X X * 
* * * X * * * X 
X X X X X * X X 
* * * * X * * * 
* * * * * X X * 

------------------------------Check Information---------------------------------------------------
Black King located at: (0,4)
Black King is safe, no check at this position.

------------------------------Special Move Information-------------------------------------------
No en passant allowed right now
------------------------------Castling Rights Information-------------------------------------------
White Kingside Castle:  AVAILABLE
White Queenside Castle: AVAILABLE
Black Kingside Castle:  AVAILABLE
Black Queenside Castle: AVAILABLE
---------------------------------------------------------------------------------------------------

========== CAPTURE EXPLORATION ==========
========================================

========== CHECK EXPLORATION ==========
(no checks found)
======================================
--------------------------------------------------------------------------------------------------
Chosen Move: (2,7) --> (4,6)
 / h6g4

r n b q k b * r 
p p * p p p p p 
* * * * * * * * 
* * p * * * * * 
* * B * P * n * 
* * * * * N * * 
P P P P * P P P 
R N B Q K * * R 

Code timed out used determine move
[32;1m[Game] [0mPlayer's error code: 0
[32;1m[Game] [0mChecking move validity...
[32;1m[Board] [0mInitializing board (size: 8)...
[32;1m[Board] [0m32 piece(s) on board.
[32;1m[Board] [0mLoading history file `championship/lmc-ai-chessgambit/history.csv`...
[32;1m[Board] [0mLoaded 5 move(s).
[32;1m[Board] [0mHistory replayed, 32 piece(s) on board.
[32;1m[Board] [0mLoading move file `championship/lmc-ai-chessgambit/move.csv`...
[32;1m[Board] [0mBlack player is playing h6 to g4.
[32;1m[Board] [0m
[32;1m[Board] [0m     a b c d e f g h
[32;1m[Board] [0m   -------------------
[32;1m[Board] [0m 8 ||[30;1mr[0m|[30;1mk[0m|[30;1mb[0m|[30;1mQ[0m|[30;1mK[0m|[30;1mb[0m|[7;1m [0m|[30;1mr[0m|| 8
[32;1m[Board] [0m   -------------------
[32;1m[Board] [0m 7 ||[30;1mp[0m|[30;1mp[0m| |[30;1mp[0m|[30;1mp[0m|[30;1mp[0m|[30;1mp[0m|[30;1mp[0m|| 7
[32;1m[Board] [0m   -------------------
[32;1m[Board] [0m 6 ||[7;1m [0m| |[7;1m [0m| |[7;1m [0m| |[7;1m [0m| || 6
[32;1m[Board] [0m   -------------------
[32;1m[Board] [0m 5 || |[7;1m [0m|[30;1mp[0m|[7;1m [0m| |[7;1m [0m| |[7;1m [0m|| 5
[32;1m[Board] [0m   -------------------
[32;1m[Board] [0m 4 ||[7;1m [0m| |[0;1mb[0m| |[0;1mp[0m| |[30;1mk[0m| || 4
[32;1m[Board] [0m   -------------------
[32;1m[Board] [0m 3 || |[7;1m [0m| |[7;1m [0m| |[0;1mk[0m| |[7;1m [0m|| 3
[32;1m[Board] [0m   -------------------
[32;1m[Board] [0m 2 ||[0;1mp[0m|[0;1mp[0m|[0;1mp[0m|[0;1mp[0m|[7;1m [0m|[0;1mp[0m|[0;1mp[0m|[0;1mp[0m|| 2
[32;1m[Board] [0m   -------------------
[32;1m[Board] [0m 1 ||[0;1mr[0m|[0;1mk[0m|[0;1mb[0m|[0;1mQ[0m|[0;1mK[0m|[7;1m [0m| |[0;1mr[0m|| 1
[32;1m[Board] [0m   -------------------
[32;1m[Board] [0m     a b c d e f g h
[32;1m[Board] [0m
[32;1m[Referee] [0mThis is the turn of the White player...
Choice: e1g1 | Depth: 6 | Time: 9579ms
[32;1m[Game] [0mPlayer's error code: 0
[32;1m[Game] [0mChecking move validity...
[32;1m[Board] [0mInitializing board (size: 8)...
[32;1m[Board] [0m32 piece(s) on board.
[32;1m[Board] [0mLoading history file `championship/lmc-ai-chessgambit/history.csv`...
[32;1m[Board] [0mLoaded 6 move(s).
[32;1m[Board] [0mHistory replayed, 32 piece(s) on board.
[32;1m[Board] [0mLoading move file `championship/lmc-ai-chessgambit/move.csv`...
[32;1m[Board] [0mWhite player is playing e1 to g1.
[32;1m[Board] [0mWhite player is castling kingside...
[32;1m[Board] [0m
[32;1m[Board] [0m     a b c d e f g h
[32;1m[Board] [0m   -------------------
[32;1m[Board] [0m 8 ||[30;1mr[0m|[30;1mk[0m|[30;1mb[0m|[30;1mQ[0m|[30;1mK[0m|[30;1mb[0m|[7;1m [0m|[30;1mr[0m|| 8
[32;1m[Board] [0m   -------------------
[32;1m[Board] [0m 7 ||[30;1mp[0m|[30;1mp[0m| |[30;1mp[0m|[30;1mp[0m|[30;1mp[0m|[30;1mp[0m|[30;1mp[0m|| 7
[32;1m[Board] [0m   -------------------
[32;1m[Board] [0m 6 ||[7;1m [0m| |[7;1m [0m| |[7;1m [0m| |[7;1m [0m| || 6
[32;1m[Board] [0m   -------------------
[32;1m[Board] [0m 5 || |[7;1m [0m|[30;1mp[0m|[7;1m [0m| |[7;1m [0m| |[7;1m [0m|| 5
[32;1m[Board] [0m   -------------------
[32;1m[Board] [0m 4 ||[7;1m [0m| |[0;1mb[0m| |[0;1mp[0m| |[30;1mk[0m| || 4
[32;1m[Board] [0m   -------------------
[32;1m[Board] [0m 3 || |[7;1m [0m| |[7;1m [0m| |[0;1mk[0m| |[7;1m [0m|| 3
[32;1m[Board] [0m   -------------------
[32;1m[Board] [0m 2 ||[0;1mp[0m|[0;1mp[0m|[0;1mp[0m|[0;1mp[0m|[7;1m [0m|[0;1mp[0m|[0;1mp[0m|[0;1mp[0m|| 2
[32;1m[Board] [0m   -------------------
[32;1m[Board] [0m 1 ||[0;1mr[0m|[0;1mk[0m|[0;1mb[0m|[0;1mQ[0m| |[0;1mr[0m|[0;1mK[0m|[7;1m [0m|| 1
[32;1m[Board] [0m   -------------------
[32;1m[Board] [0m     a b c d e f g h
[32;1m[Board] [0m
[32;1m[Referee] [0mThis is the turn of the Black player...
Inputed Board
Currently playing: Black

------------------------------Current Search Space--------------------------------------------
Possible moves for piece: p:
 p: (1,0)->(2,0) / a7a6
 p: (1,0)->(3,0) / a7a5
 p: (1,1)->(2,1) / b7b6
 p: (1,1)->(3,1) / b7b5
 p: (1,3)->(2,3) / d7d6
 p: (1,3)->(3,3) / d7d5
 p: (1,4)->(2,4) / e7e6
 p: (1,4)->(3,4) / e7e5
 p: (1,5)->(2,5) / f7f6
 p: (1,5)->(3,5) / f7f5
 p: (1,6)->(2,6) / g7g6
 p: (1,6)->(3,6) / g7g5
 p: (1,7)->(2,7) / h7h6
 p: (1,7)->(3,7) / h7h5
Possible moves for piece: r:
 r: (0,7)->(0,6) / h8g8
Possible moves for piece: n:
 n: (0,1)->(2,2) / b8c6
 n: (0,1)->(2,0) / b8a6
 n: (4,6)->(6,7) / g4h2
 n: (4,6)->(6,5) / g4f2
 n: (4,6)->(2,7) / g4h6
 n: (4,6)->(2,5) / g4f6
 n: (4,6)->(5,4) / g4e3
 n: (4,6)->(3,4) / g4e5
Possible moves for piece: q:
 q: (0,3)->(1,2) / d8c7
 q: (0,3)->(2,1) / d8b6
 q: (0,3)->(3,0) / d8a5

------------------------------Filtered Search Space--------------------------------------------
Possible moves for piece: p:
 p: (1,0)->(2,0) / a7a6
 p: (1,0)->(3,0) / a7a5
 p: (1,1)->(2,1) / b7b6
 p: (1,1)->(3,1) / b7b5
 p: (1,3)->(2,3) / d7d6
 p: (1,3)->(3,3) / d7d5
 p: (1,4)->(2,4) / e7e6
 p: (1,4)->(3,4) / e7e5
 p: (1,5)->(2,5) / f7f6
 p: (1,5)->(3,5) / f7f5
 p: (1,6)->(2,6) / g7g6
 p: (1,6)->(3,6) / g7g5
 p: (1,7)->(2,7) / h7h6
 p: (1,7)->(3,7) / h7h5
Possible moves for piece: r:
 r: (0,7)->(0,6) / h8g8
Possible moves for piece: n:
 n: (0,1)->(2,2) / b8c6
 n: (0,1)->(2,0) / b8a6
 n: (4,6)->(6,7) / g4h2
 n: (4,6)->(6,5) / g4f2
 n: (4,6)->(2,7) / g4h6
 n: (4,6)->(2,5) / g4f6
 n: (4,6)->(5,4) / g4e3
 n: (4,6)->(3,4) / g4e5
Possible moves for piece: q:
 q: (0,3)->(1,2) / d8c7
 q: (0,3)->(2,1) / d8b6
 q: (0,3)->(3,0) / d8a5

--------------------------------Info on Attacks---------------------------------------------------
Squares attacked by White pieces:
(1,5) (2,0) (2,4) (3,1) (3,3) (3,4) (3,5) (3,6) (4,3) (4,7) (5,0) (5,1) (5,2) (5,3) (5,4) (5,6) (5,7) (6,4) (7,4) (7,7) 

-------------------------------Squares controlled by the enemy------------------------------------
* * * * * * * * 
* * * * * X * * 
X * * * X * * * 
* X * X X X X * 
* * * X * * * X 
X X X X X * X X 
* * * * X * * * 
* * * * X * * X 

------------------------------Check Information---------------------------------------------------
Black King located at: (0,4)
Black King is safe, no check at this position.

------------------------------Special Move Information-------------------------------------------
No en passant allowed right now
------------------------------Castling Rights Information-------------------------------------------
White Kingside Castle:  NOT AVAILABLE
White Queenside Castle: NOT AVAILABLE
Black Kingside Castle:  AVAILABLE
Black Queenside Castle: AVAILABLE
---------------------------------------------------------------------------------------------------

========== CAPTURE EXPLORATION ==========
[0] n x P | Potential loss: NO | Score: 100
[1] n x P | Potential loss: NO | Score: 100
========================================

========== CHECK EXPLORATION ==========
(no checks found)
======================================
--------------------------------------------------------------------------------------------------
Chosen Move: (4,6) --> (6,7)
 / g4h2

r n b q k b * r 
p p * p p p p p 
* * * * * * * * 
* * p * * * * * 
* * B * P * * * 
* * * * * N * * 
P P P P * P P n 
R N B Q * R K * 

Code timed out used determine move
[32;1m[Game] [0mPlayer's error code: 0
[32;1m[Game] [0mChecking move validity...
[32;1m[Board] [0mInitializing board (size: 8)...
[32;1m[Board] [0m32 piece(s) on board.
[32;1m[Board] [0mLoading history file `championship/lmc-ai-chessgambit/history.csv`...
[32;1m[Board] [0mLoaded 7 move(s).
[32;1m[Board] [0mHistory replayed, 32 piece(s) on board.
[32;1m[Board] [0mLoading move file `championship/lmc-ai-chessgambit/move.csv`...
[32;1m[Board] [0mBlack player is playing g4 to h2.
[32;1m[Board] [0m[5;1mBlack Knight is taking White Pawn.[0m
[32;1m[Board] [0m
[32;1m[Board] [0m     a b c d e f g h
[32;1m[Board] [0m   -------------------
[32;1m[Board] [0m 8 ||[30;1mr[0m|[30;1mk[0m|[30;1mb[0m|[30;1mQ[0m|[30;1mK[0m|[30;1mb[0m|[7;1m [0m|[30;1mr[0m|| 8
[32;1m[Board] [0m   -------------------
[32;1m[Board] [0m 7 ||[30;1mp[0m|[30;1mp[0m| |[30;1mp[0m|[30;1mp[0m|[30;1mp[0m|[30;1mp[0m|[30;1mp[0m|| 7
[32;1m[Board] [0m   -------------------
[32;1m[Board] [0m 6 ||[7;1m [0m| |[7;1m [0m| |[7;1m [0m| |[7;1m [0m| || 6
[32;1m[Board] [0m   -------------------
[32;1m[Board] [0m 5 || |[7;1m [0m|[30;1mp[0m|[7;1m [0m| |[7;1m [0m| |[7;1m [0m|| 5
[32;1m[Board] [0m   -------------------
[32;1m[Board] [0m 4 ||[7;1m [0m| |[0;1mb[0m| |[0;1mp[0m| |[7;1m [0m| || 4
[32;1m[Board] [0m   -------------------
[32;1m[Board] [0m 3 || |[7;1m [0m| |[7;1m [0m| |[0;1mk[0m| |[7;1m [0m|| 3
[32;1m[Board] [0m   -------------------
[32;1m[Board] [0m 2 ||[0;1mp[0m|[0;1mp[0m|[0;1mp[0m|[0;1mp[0m|[7;1m [0m|[0;1mp[0m|[0;1mp[0m|[30;1mk[0m|| 2
[32;1m[Board] [0m   -------------------
[32;1m[Board] [0m 1 ||[0;1mr[0m|[0;1mk[0m|[0;1mb[0m|[0;1mQ[0m| |[0;1mr[0m|[0;1mK[0m|[7;1m [0m|| 1
[32;1m[Board] [0m   -------------------
[32;1m[Board] [0m     a b c d e f g h
[32;1m[Board] [0m
[32;1m[Referee] [0mThis is the turn of the White player...
Choice: g1h2 | Depth: 7 | Time: 9563ms
[32;1m[Game] [0mPlayer's error code: 0
[32;1m[Game] [0mChecking move validity...
[32;1m[Board] [0mInitializing board (size: 8)...
[32;1m[Board] [0m32 piece(s) on board.
[32;1m[Board] [0mLoading history file `championship/lmc-ai-chessgambit/history.csv`...
[32;1m[Board] [0mLoaded 8 move(s).
[32;1m[Board] [0mHistory replayed, 31 piece(s) on board.
[32;1m[Board] [0mLoading move file `championship/lmc-ai-chessgambit/move.csv`...
[32;1m[Board] [0mWhite player is playing g1 to h2.
[32;1m[Board] [0m[5;1mWhite King is taking Black Knight.[0m
[32;1m[Board] [0m
[32;1m[Board] [0m     a b c d e f g h
[32;1m[Board] [0m   -------------------
[32;1m[Board] [0m 8 ||[30;1mr[0m|[30;1mk[0m|[30;1mb[0m|[30;1mQ[0m|[30;1mK[0m|[30;1mb[0m|[7;1m [0m|[30;1mr[0m|| 8
[32;1m[Board] [0m   -------------------
[32;1m[Board] [0m 7 ||[30;1mp[0m|[30;1mp[0m| |[30;1mp[0m|[30;1mp[0m|[30;1mp[0m|[30;1mp[0m|[30;1mp[0m|| 7
[32;1m[Board] [0m   -------------------
[32;1m[Board] [0m 6 ||[7;1m [0m| |[7;1m [0m| |[7;1m [0m| |[7;1m [0m| || 6
[32;1m[Board] [0m   -------------------
[32;1m[Board] [0m 5 || |[7;1m [0m|[30;1mp[0m|[7;1m [0m| |[7;1m [0m| |[7;1m [0m|| 5
[32;1m[Board] [0m   -------------------
[32;1m[Board] [0m 4 ||[7;1m [0m| |[0;1mb[0m| |[0;1mp[0m| |[7;1m [0m| || 4
[32;1m[Board] [0m   -------------------
[32;1m[Board] [0m 3 || |[7;1m [0m| |[7;1m [0m| |[0;1mk[0m| |[7;1m [0m|| 3
[32;1m[Board] [0m   -------------------
[32;1m[Board] [0m 2 ||[0;1mp[0m|[0;1mp[0m|[0;1mp[0m|[0;1mp[0m|[7;1m [0m|[0;1mp[0m|[0;1mp[0m|[0;1mK[0m|| 2
[32;1m[Board] [0m   -------------------
[32;1m[Board] [0m 1 ||[0;1mr[0m|[0;1mk[0m|[0;1mb[0m|[0;1mQ[0m| |[0;1mr[0m| |[7;1m [0m|| 1
[32;1m[Board] [0m   -------------------
[32;1m[Board] [0m     a b c d e f g h
[32;1m[Board] [0m
[32;1m[Referee] [0mThis is the turn of the Black player...
Inputed Board
Currently playing: Black

------------------------------Current Search Space--------------------------------------------
Possible moves for piece: p:
 p: (1,0)->(2,0) / a7a6
 p: (1,0)->(3,0) / a7a5
 p: (1,1)->(2,1) / b7b6
 p: (1,1)->(3,1) / b7b5
 p: (1,3)->(2,3) / d7d6
 p: (1,3)->(3,3) / d7d5
 p: (1,4)->(2,4) / e7e6
 p: (1,4)->(3,4) / e7e5
 p: (1,5)->(2,5) / f7f6
 p: (1,5)->(3,5) / f7f5
 p: (1,6)->(2,6) / g7g6
 p: (1,6)->(3,6) / g7g5
 p: (1,7)->(2,7) / h7h6
 p: (1,7)->(3,7) / h7h5
Possible moves for piece: r:
 r: (0,7)->(0,6) / h8g8
Possible moves for piece: n:
 n: (0,1)->(2,2) / b8c6
 n: (0,1)->(2,0) / b8a6
Possible moves for piece: q:
 q: (0,3)->(1,2) / d8c7
 q: (0,3)->(2,1) / d8b6
 q: (0,3)->(3,0) / d8a5

------------------------------Filtered Search Space--------------------------------------------
Possible moves for piece: p:
 p: (1,0)->(2,0) / a7a6
 p: (1,0)->(3,0) / a7a5
 p: (1,1)->(2,1) / b7b6
 p: (1,1)->(3,1) / b7b5
 p: (1,3)->(2,3) / d7d6
 p: (1,3)->(3,3) / d7d5
 p: (1,4)->(2,4) / e7e6
 p: (1,4)->(3,4) / e7e5
 p: (1,5)->(2,5) / f7f6
 p: (1,5)->(3,5) / f7f5
 p: (1,6)->(2,6) / g7g6
 p: (1,6)->(3,6) / g7g5
 p: (1,7)->(2,7) / h7h6
 p: (1,7)->(3,7) / h7h5
Possible moves for piece: r:
 r: (0,7)->(0,6) / h8g8
Possible moves for piece: n:
 n: (0,1)->(2,2) / b8c6
 n: (0,1)->(2,0) / b8a6
Possible moves for piece: q:
 q: (0,3)->(1,2) / d8c7
 q: (0,3)->(2,1) / d8b6
 q: (0,3)->(3,0) / d8a5

--------------------------------Info on Attacks---------------------------------------------------
Squares attacked by White pieces:
(1,5) (2,0) (2,4) (3,1) (3,3) (3,4) (3,5) (3,6) (4,3) (4,7) (5,0) (5,1) (5,2) (5,3) (5,4) (5,6) (5,7) (6,4) (7,4) (7,6) (7,7) 

-------------------------------Squares controlled by the enemy------------------------------------
* * * * * * * * 
* * * * * X * * 
X * * * X * * * 
* X * X X X X * 
* * * X * * * X 
X X X X X * X X 
* * * * X * * * 
* * * * X * X X 

------------------------------Check Information---------------------------------------------------
Black King located at: (0,4)
Black King is safe, no check at this position.

------------------------------Special Move Information-------------------------------------------
No en passant allowed right now
------------------------------Castling Rights Information-------------------------------------------
White Kingside Castle:  NOT AVAILABLE
White Queenside Castle: NOT AVAILABLE
Black Kingside Castle:  AVAILABLE
Black Queenside Castle: AVAILABLE
---------------------------------------------------------------------------------------------------

========== CAPTURE EXPLORATION ==========
========================================

========== CHECK EXPLORATION ==========
[0] Candidate: q -> (0,3) -> (1,2) | Checking move: q (0,3) -> (1,2)Checkmate: NO
======================================
--------------------------------------------------------------------------------------------------
Chosen Move: (1,4) --> (3,4)
 / e7e5

r n b q k b * r 
p p * p * p p p 
* * * * * * * * 
* * p * p * * * 
* * B * P * * * 
* * * * * N * * 
P P P P * P P K 
R N B Q * R * * 

Code timed out used determine move
[32;1m[Game] [0mPlayer's error code: 0
[32;1m[Game] [0mChecking move validity...
[32;1m[Board] [0mInitializing board (size: 8)...
[32;1m[Board] [0m32 piece(s) on board.
[32;1m[Board] [0mLoading history file `championship/lmc-ai-chessgambit/history.csv`...
[32;1m[Board] [0mLoaded 9 move(s).
[32;1m[Board] [0mHistory replayed, 30 piece(s) on board.
[32;1m[Board] [0mLoading move file `championship/lmc-ai-chessgambit/move.csv`...
[32;1m[Board] [0mBlack player is playing e7 to e5.
[32;1m[Board] [0m
[32;1m[Board] [0m     a b c d e f g h
[32;1m[Board] [0m   -------------------
[32;1m[Board] [0m 8 ||[30;1mr[0m|[30;1mk[0m|[30;1mb[0m|[30;1mQ[0m|[30;1mK[0m|[30;1mb[0m|[7;1m [0m|[30;1mr[0m|| 8
[32;1m[Board] [0m   -------------------
[32;1m[Board] [0m 7 ||[30;1mp[0m|[30;1mp[0m| |[30;1mp[0m| |[30;1mp[0m|[30;1mp[0m|[30;1mp[0m|| 7
[32;1m[Board] [0m   -------------------
[32;1m[Board] [0m 6 ||[7;1m [0m| |[7;1m [0m| |[7;1m [0m| |[7;1m [0m| || 6
[32;1m[Board] [0m   -------------------
[32;1m[Board] [0m 5 || |[7;1m [0m|[30;1mp[0m|[7;1m [0m|[30;1mp[0m|[7;1m [0m| |[7;1m [0m|| 5
[32;1m[Board] [0m   -------------------
[32;1m[Board] [0m 4 ||[7;1m [0m| |[0;1mb[0m| |[0;1mp[0m| |[7;1m [0m| || 4
[32;1m[Board] [0m   -------------------
[32;1m[Board] [0m 3 || |[7;1m [0m| |[7;1m [0m| |[0;1mk[0m| |[7;1m [0m|| 3
[32;1m[Board] [0m   -------------------
[32;1m[Board] [0m 2 ||[0;1mp[0m|[0;1mp[0m|[0;1mp[0m|[0;1mp[0m|[7;1m [0m|[0;1mp[0m|[0;1mp[0m|[0;1mK[0m|| 2
[32;1m[Board] [0m   -------------------
[32;1m[Board] [0m 1 ||[0;1mr[0m|[0;1mk[0m|[0;1mb[0m|[0;1mQ[0m| |[0;1mr[0m| |[7;1m [0m|| 1
[32;1m[Board] [0m   -------------------
[32;1m[Board] [0m     a b c d e f g h
[32;1m[Board] [0m
[32;1m[Referee] [0mThis is the turn of the White player...
Choice: f3e5 | Depth: 7 | Time: 9588ms
[32;1m[Game] [0mPlayer's error code: 0
[32;1m[Game] [0mChecking move validity...
[32;1m[Board] [0mInitializing board (size: 8)...
[32;1m[Board] [0m32 piece(s) on board.
[32;1m[Board] [0mLoading history file `championship/lmc-ai-chessgambit/history.csv`...
[32;1m[Board] [0mLoaded 10 move(s).
[32;1m[Board] [0mHistory replayed, 30 piece(s) on board.
[32;1m[Board] [0mLoading move file `championship/lmc-ai-chessgambit/move.csv`...
[32;1m[Board] [0mWhite player is playing f3 to e5.
[32;1m[Board] [0m[5;1mWhite Knight is taking Black Pawn.[0m
[32;1m[Board] [0m
[32;1m[Board] [0m     a b c d e f g h
[32;1m[Board] [0m   -------------------
[32;1m[Board] [0m 8 ||[30;1mr[0m|[30;1mk[0m|[30;1mb[0m|[30;1mQ[0m|[30;1mK[0m|[30;1mb[0m|[7;1m [0m|[30;1mr[0m|| 8
[32;1m[Board] [0m   -------------------
[32;1m[Board] [0m 7 ||[30;1mp[0m|[30;1mp[0m| |[30;1mp[0m| |[30;1mp[0m|[30;1mp[0m|[30;1mp[0m|| 7
[32;1m[Board] [0m   -------------------
[32;1m[Board] [0m 6 ||[7;1m [0m| |[7;1m [0m| |[7;1m [0m| |[7;1m [0m| || 6
[32;1m[Board] [0m   -------------------
[32;1m[Board] [0m 5 || |[7;1m [0m|[30;1mp[0m|[7;1m [0m|[0;1mk[0m|[7;1m [0m| |[7;1m [0m|| 5
[32;1m[Board] [0m   -------------------
[32;1m[Board] [0m 4 ||[7;1m [0m| |[0;1mb[0m| |[0;1mp[0m| |[7;1m [0m| || 4
[32;1m[Board] [0m   -------------------
[32;1m[Board] [0m 3 || |[7;1m [0m| |[7;1m [0m| |[7;1m [0m| |[7;1m [0m|| 3
[32;1m[Board] [0m   -------------------
[32;1m[Board] [0m 2 ||[0;1mp[0m|[0;1mp[0m|[0;1mp[0m|[0;1mp[0m|[7;1m [0m|[0;1mp[0m|[0;1mp[0m|[0;1mK[0m|| 2
[32;1m[Board] [0m   -------------------
[32;1m[Board] [0m 1 ||[0;1mr[0m|[0;1mk[0m|[0;1mb[0m|[0;1mQ[0m| |[0;1mr[0m| |[7;1m [0m|| 1
[32;1m[Board] [0m   -------------------
[32;1m[Board] [0m     a b c d e f g h
[32;1m[Board] [0m
[32;1m[Referee] [0mThis is the turn of the Black player...
Inputed Board
Currently playing: Black

------------------------------Current Search Space--------------------------------------------
Possible moves for piece: p:
 p: (1,0)->(2,0) / a7a6
 p: (1,0)->(3,0) / a7a5
 p: (1,1)->(2,1) / b7b6
 p: (1,1)->(3,1) / b7b5
 p: (1,3)->(2,3) / d7d6
 p: (1,3)->(3,3) / d7d5
 p: (1,5)->(2,5) / f7f6
 p: (1,5)->(3,5) / f7f5
 p: (1,6)->(2,6) / g7g6
 p: (1,6)->(3,6) / g7g5
 p: (1,7)->(2,7) / h7h6
 p: (1,7)->(3,7) / h7h5
Possible moves for piece: r:
 r: (0,7)->(0,6) / h8g8
Possible moves for piece: n:
 n: (0,1)->(2,2) / b8c6
 n: (0,1)->(2,0) / b8a6
Possible moves for piece: b:
 b: (0,5)->(1,4) / f8e7
 b: (0,5)->(2,3) / f8d6
Possible moves for piece: q:
 q: (0,3)->(1,2) / d8c7
 q: (0,3)->(2,1) / d8b6
 q: (0,3)->(3,0) / d8a5
 q: (0,3)->(1,4) / d8e7
 q: (0,3)->(2,5) / d8f6
 q: (0,3)->(3,6) / d8g5
 q: (0,3)->(4,7) / d8h4
Possible moves for piece: k:
 k: (0,4)->(1,4) / e8e7

------------------------------Filtered Search Space--------------------------------------------
Possible moves for piece: p:
 p: (1,0)->(2,0) / a7a6
 p: (1,0)->(3,0) / a7a5
 p: (1,1)->(2,1) / b7b6
 p: (1,1)->(3,1) / b7b5
 p: (1,3)->(2,3) / d7d6
 p: (1,3)->(3,3) / d7d5
 p: (1,5)->(2,5) / f7f6
 p: (1,5)->(3,5) / f7f5
 p: (1,6)->(2,6) / g7g6
 p: (1,6)->(3,6) / g7g5
 p: (1,7)->(2,7) / h7h6
 p: (1,7)->(3,7) / h7h5
Possible moves for piece: r:
 r: (0,7)->(0,6) / h8g8
Possible moves for piece: n:
 n: (0,1)->(2,2) / b8c6
 n: (0,1)->(2,0) / b8a6
Possible moves for piece: b:
 b: (0,5)->(1,4) / f8e7
 b: (0,5)->(2,3) / f8d6
Possible moves for piece: q:
 q: (0,3)->(1,2) / d8c7
 q: (0,3)->(2,1) / d8b6
 q: (0,3)->(3,0) / d8a5
 q: (0,3)->(1,4) / d8e7
 q: (0,3)->(2,5) / d8f6
 q: (0,3)->(3,6) / d8g5
 q: (0,3)->(4,7) / d8h4
Possible moves for piece: k:
 k: (0,4)->(1,4) / e8e7

--------------------------------Info on Attacks---------------------------------------------------
Squares attacked by White pieces:
(1,3) (1,5) (2,0) (2,2) (2,4) (2,6) (3,1) (3,3) (3,5) (3,7) (4,6) (5,0) (5,1) (5,2) (5,3) (5,4) (5,5) (5,6) (5,7) (6,4) (7,4) (7,6) (7,7) 

-------------------------------Squares controlled by the enemy------------------------------------
* * * * * * * * 
* * * X * X * * 
X * X * X * X * 
* X * X * X * X 
* * * * * * X * 
X X X X X X X X 
* * * * X * * * 
* * * * X * X X 

------------------------------Check Information---------------------------------------------------
Black King located at: (0,4)
Black King is safe, no check at this position.

------------------------------Special Move Information-------------------------------------------
No en passant allowed right now
------------------------------Castling Rights Information-------------------------------------------
White Kingside Castle:  NOT AVAILABLE
White Queenside Castle: NOT AVAILABLE
Black Kingside Castle:  AVAILABLE
Black Queenside Castle: AVAILABLE
---------------------------------------------------------------------------------------------------

========== CAPTURE EXPLORATION ==========
========================================

========== CHECK EXPLORATION ==========
[0] Candidate: q -> (0,3) -> (4,7) | Checking move: q (0,3) -> (4,7)Checkmate: NO
======================================
--------------------------------------------------------------------------------------------------
Chosen Move: (0,3) --> (4,7)
 / d8h4

r n b * k b * r 
p p * p * p p p 
* * * * * * * * 
* * p * N * * * 
* * B * P * * q 
* * * * * * * * 
P P P P * P P K 
R N B Q * R * * 

[32;1m[Game] [0mPlayer's error code: 0
[32;1m[Game] [0mChecking move validity...
[32;1m[Board] [0mInitializing board (size: 8)...
[32;1m[Board] [0m32 piece(s) on board.
[32;1m[Board] [0mLoading history file `championship/lmc-ai-chessgambit/history.csv`...
[32;1m[Board] [0mLoaded 11 move(s).
[32;1m[Board] [0mHistory replayed, 29 piece(s) on board.
[32;1m[Board] [0mLoading move file `championship/lmc-ai-chessgambit/move.csv`...
[32;1m[Board] [0mBlack player is playing d8 to h4.
[32;1m[Board] [0m
[32;1m[Board] [0m     a b c d e f g h
[32;1m[Board] [0m   -------------------
[32;1m[Board] [0m 8 ||[30;1mr[0m|[30;1mk[0m|[30;1mb[0m| |[30;1mK[0m|[30;1mb[0m|[7;1m [0m|[30;1mr[0m|| 8
[32;1m[Board] [0m   -------------------
[32;1m[Board] [0m 7 ||[30;1mp[0m|[30;1mp[0m| |[30;1mp[0m| |[30;1mp[0m|[30;1mp[0m|[30;1mp[0m|| 7
[32;1m[Board] [0m   -------------------
[32;1m[Board] [0m 6 ||[7;1m [0m| |[7;1m [0m| |[7;1m [0m| |[7;1m [0m| || 6
[32;1m[Board] [0m   -------------------
[32;1m[Board] [0m 5 || |[7;1m [0m|[30;1mp[0m|[7;1m [0m|[0;1mk[0m|[7;1m [0m| |[7;1m [0m|| 5
[32;1m[Board] [0m   -------------------
[32;1m[Board] [0m 4 ||[7;1m [0m| |[0;1mb[0m| |[0;1mp[0m| |[7;1m [0m|[30;1mQ[0m|| 4
[32;1m[Board] [0m   -------------------
[32;1m[Board] [0m 3 || |[7;1m [0m| |[7;1m [0m| |[7;1m [0m| |[7;1m [0m|| 3
[32;1m[Board] [0m   -------------------
[32;1m[Board] [0m 2 ||[0;1mp[0m|[0;1mp[0m|[0;1mp[0m|[0;1mp[0m|[7;1m [0m|[0;1mp[0m|[0;1mp[0m|[0;1mK[0m|| 2
[32;1m[Board] [0m   -------------------
[32;1m[Board] [0m 1 ||[0;1mr[0m|[0;1mk[0m|[0;1mb[0m|[0;1mQ[0m| |[0;1mr[0m| |[7;1m [0m|| 1
[32;1m[Board] [0m   -------------------
[32;1m[Board] [0m     a b c d e f g h
[32;1m[Board] [0m
[32;1m[Referee] [0mThis is the turn of the White player...
Choice: h2g1 | Depth: 8 | Time: 9605ms
[32;1m[Game] [0mPlayer's error code: 0
[32;1m[Game] [0mChecking move validity...
[32;1m[Board] [0mInitializing board (size: 8)...
[32;1m[Board] [0m32 piece(s) on board.
[32;1m[Board] [0mLoading history file `championship/lmc-ai-chessgambit/history.csv`...
[32;1m[Board] [0mLoaded 12 move(s).
[32;1m[Board] [0mHistory replayed, 29 piece(s) on board.
[32;1m[Board] [0mLoading move file `championship/lmc-ai-chessgambit/move.csv`...
[32;1m[Board] [0mWhite player is playing h2 to g1.
[32;1m[Board] [0m
[32;1m[Board] [0m     a b c d e f g h
[32;1m[Board] [0m   -------------------
[32;1m[Board] [0m 8 ||[30;1mr[0m|[30;1mk[0m|[30;1mb[0m| |[30;1mK[0m|[30;1mb[0m|[7;1m [0m|[30;1mr[0m|| 8
[32;1m[Board] [0m   -------------------
[32;1m[Board] [0m 7 ||[30;1mp[0m|[30;1mp[0m| |[30;1mp[0m| |[30;1mp[0m|[30;1mp[0m|[30;1mp[0m|| 7
[32;1m[Board] [0m   -------------------
[32;1m[Board] [0m 6 ||[7;1m [0m| |[7;1m [0m| |[7;1m [0m| |[7;1m [0m| || 6
[32;1m[Board] [0m   -------------------
[32;1m[Board] [0m 5 || |[7;1m [0m|[30;1mp[0m|[7;1m [0m|[0;1mk[0m|[7;1m [0m| |[7;1m [0m|| 5
[32;1m[Board] [0m   -------------------
[32;1m[Board] [0m 4 ||[7;1m [0m| |[0;1mb[0m| |[0;1mp[0m| |[7;1m [0m|[30;1mQ[0m|| 4
[32;1m[Board] [0m   -------------------
[32;1m[Board] [0m 3 || |[7;1m [0m| |[7;1m [0m| |[7;1m [0m| |[7;1m [0m|| 3
[32;1m[Board] [0m   -------------------
[32;1m[Board] [0m 2 ||[0;1mp[0m|[0;1mp[0m|[0;1mp[0m|[0;1mp[0m|[7;1m [0m|[0;1mp[0m|[0;1mp[0m| || 2
[32;1m[Board] [0m   -------------------
[32;1m[Board] [0m 1 ||[0;1mr[0m|[0;1mk[0m|[0;1mb[0m|[0;1mQ[0m| |[0;1mr[0m|[0;1mK[0m|[7;1m [0m|| 1
[32;1m[Board] [0m   -------------------
[32;1m[Board] [0m     a b c d e f g h
[32;1m[Board] [0m
[32;1m[Referee] [0mThis is the turn of the Black player...
Inputed Board
Currently playing: Black

------------------------------Current Search Space--------------------------------------------
Possible moves for piece: p:
 p: (1,0)->(2,0) / a7a6
 p: (1,0)->(3,0) / a7a5
 p: (1,1)->(2,1) / b7b6
 p: (1,1)->(3,1) / b7b5
 p: (1,3)->(2,3) / d7d6
 p: (1,3)->(3,3) / d7d5
 p: (1,5)->(2,5) / f7f6
 p: (1,5)->(3,5) / f7f5
 p: (1,6)->(2,6) / g7g6
 p: (1,6)->(3,6) / g7g5
 p: (1,7)->(2,7) / h7h6
 p: (1,7)->(3,7) / h7h5
Possible moves for piece: r:
 r: (0,7)->(0,6) / h8g8
Possible moves for piece: n:
 n: (0,1)->(2,2) / b8c6
 n: (0,1)->(2,0) / b8a6
Possible moves for piece: b:
 b: (0,5)->(1,4) / f8e7
 b: (0,5)->(2,3) / f8d6
Possible moves for piece: q:
 q: (4,7)->(5,7) / h4h3
 q: (4,7)->(6,7) / h4h2
 q: (4,7)->(7,7) / h4h1
 q: (4,7)->(3,7) / h4h5
 q: (4,7)->(2,7) / h4h6
 q: (4,7)->(4,6) / h4g4
 q: (4,7)->(4,5) / h4f4
 q: (4,7)->(4,4) / h4e4
 q: (4,7)->(3,6) / h4g5
 q: (4,7)->(2,5) / h4f6
 q: (4,7)->(1,4) / h4e7
 q: (4,7)->(0,3) / h4d8
 q: (4,7)->(5,6) / h4g3
 q: (4,7)->(6,5) / h4f2
Possible moves for piece: k:
 k: (0,4)->(1,4) / e8e7
 k: (0,4)->(0,3) / e8d8

------------------------------Filtered Search Space--------------------------------------------
Possible moves for piece: p:
 p: (1,0)->(2,0) / a7a6
 p: (1,0)->(3,0) / a7a5
 p: (1,1)->(2,1) / b7b6
 p: (1,1)->(3,1) / b7b5
 p: (1,3)->(2,3) / d7d6
 p: (1,3)->(3,3) / d7d5
 p: (1,5)->(2,5) / f7f6
 p: (1,5)->(3,5) / f7f5
 p: (1,6)->(2,6) / g7g6
 p: (1,6)->(3,6) / g7g5
 p: (1,7)->(2,7) / h7h6
 p: (1,7)->(3,7) / h7h5
Possible moves for piece: r:
 r: (0,7)->(0,6) / h8g8
Possible moves for piece: n:
 n: (0,1)->(2,2) / b8c6
 n: (0,1)->(2,0) / b8a6
Possible moves for piece: b:
 b: (0,5)->(1,4) / f8e7
 b: (0,5)->(2,3) / f8d6
Possible moves for piece: q:
 q: (4,7)->(5,7) / h4h3
 q: (4,7)->(6,7) / h4h2
 q: (4,7)->(7,7) / h4h1
 q: (4,7)->(3,7) / h4h5
 q: (4,7)->(2,7) / h4h6
 q: (4,7)->(4,6) / h4g4
 q: (4,7)->(4,5) / h4f4
 q: (4,7)->(4,4) / h4e4
 q: (4,7)->(3,6) / h4g5
 q: (4,7)->(2,5) / h4f6
 q: (4,7)->(1,4) / h4e7
 q: (4,7)->(0,3) / h4d8
 q: (4,7)->(5,6) / h4g3
 q: (4,7)->(6,5) / h4f2
Possible moves for piece: k:
 k: (0,4)->(1,4) / e8e7
 k: (0,4)->(0,3) / e8d8

--------------------------------Info on Attacks---------------------------------------------------
Squares attacked by White pieces:
(1,3) (1,5) (2,0) (2,2) (2,4) (2,6) (3,1) (3,3) (3,5) (3,7) (4,6) (5,0) (5,1) (5,2) (5,3) (5,4) (5,5) (5,6) (5,7) (6,4) (6,7) (7,4) (7,7) 

-------------------------------Squares controlled by the enemy------------------------------------
* * * * * * * * 
* * * X * X * * 
X * X * X * X * 
* X * X * X * X 
* * * * * * X * 
X X X X X X X X 
* * * * X * * X 
* * * * X * * X 

------------------------------Check Information---------------------------------------------------
Black King located at: (0,4)
Black King is safe, no check at this position.

------------------------------Special Move Information-------------------------------------------
No en passant allowed right now
------------------------------Castling Rights Information-------------------------------------------
White Kingside Castle:  NOT AVAILABLE
White Queenside Castle: NOT AVAILABLE
Black Kingside Castle:  AVAILABLE
Black Queenside Castle: AVAILABLE
---------------------------------------------------------------------------------------------------

========== CAPTURE EXPLORATION ==========
[0] q x P | Potential loss: NO | Score: 100
[1] q x P | Potential loss: NO | Score: 100
========================================

========== CHECK EXPLORATION ==========
[0] Candidate: q -> (4,7) -> (6,7) | Checking move: q (4,7) -> (6,7)Checkmate: NO
[1] Candidate: q -> (4,7) -> (7,7) | Checking move: q (4,7) -> (7,7)Checkmate: NO
[2] Candidate: q -> (4,7) -> (6,5) x P | Checking move: q (4,7) -> (6,5)Checkmate: NO
======================================
--------------------------------------------------------------------------------------------------
Chosen Move: (4,7) --> (4,4)
 / h4e4

r n b * k b * r 
p p * p * p p p 
* * * * * * * * 
* * p * N * * * 
* * B * q * * * 
* * * * * * * * 
P P P P * P P * 
R N B Q * R K * 

[32;1m[Game] [0mPlayer's error code: 0
[32;1m[Game] [0mChecking move validity...
[32;1m[Board] [0mInitializing board (size: 8)...
[32;1m[Board] [0m32 piece(s) on board.
[32;1m[Board] [0mLoading history file `championship/lmc-ai-chessgambit/history.csv`...
[32;1m[Board] [0mLoaded 13 move(s).
[32;1m[Board] [0mHistory replayed, 29 piece(s) on board.
[32;1m[Board] [0mLoading move file `championship/lmc-ai-chessgambit/move.csv`...
[32;1m[Board] [0mBlack player is playing h4 to e4.
[32;1m[Board] [0m[5;1mBlack Queen is taking White Pawn.[0m
[32;1m[Board] [0m
[32;1m[Board] [0m     a b c d e f g h
[32;1m[Board] [0m   -------------------
[32;1m[Board] [0m 8 ||[30;1mr[0m|[30;1mk[0m|[30;1mb[0m| |[30;1mK[0m|[30;1mb[0m|[7;1m [0m|[30;1mr[0m|| 8
[32;1m[Board] [0m   -------------------
[32;1m[Board] [0m 7 ||[30;1mp[0m|[30;1mp[0m| |[30;1mp[0m| |[30;1mp[0m|[30;1mp[0m|[30;1mp[0m|| 7
[32;1m[Board] [0m   -------------------
[32;1m[Board] [0m 6 ||[7;1m [0m| |[7;1m [0m| |[7;1m [0m| |[7;1m [0m| || 6
[32;1m[Board] [0m   -------------------
[32;1m[Board] [0m 5 || |[7;1m [0m|[30;1mp[0m|[7;1m [0m|[0;1mk[0m|[7;1m [0m| |[7;1m [0m|| 5
[32;1m[Board] [0m   -------------------
[32;1m[Board] [0m 4 ||[7;1m [0m| |[0;1mb[0m| |[30;1mQ[0m| |[7;1m [0m| || 4
[32;1m[Board] [0m   -------------------
[32;1m[Board] [0m 3 || |[7;1m [0m| |[7;1m [0m| |[7;1m [0m| |[7;1m [0m|| 3
[32;1m[Board] [0m   -------------------
[32;1m[Board] [0m 2 ||[0;1mp[0m|[0;1mp[0m|[0;1mp[0m|[0;1mp[0m|[7;1m [0m|[0;1mp[0m|[0;1mp[0m| || 2
[32;1m[Board] [0m   -------------------
[32;1m[Board] [0m 1 ||[0;1mr[0m|[0;1mk[0m|[0;1mb[0m|[0;1mQ[0m| |[0;1mr[0m|[0;1mK[0m|[7;1m [0m|| 1
[32;1m[Board] [0m   -------------------
[32;1m[Board] [0m     a b c d e f g h
[32;1m[Board] [0m
[32;1m[Referee] [0mThis is the turn of the White player...
Choice: f1e1 | Depth: 7 | Time: 9562ms
[32;1m[Game] [0mPlayer's error code: 0
[32;1m[Game] [0mChecking move validity...
[32;1m[Board] [0mInitializing board (size: 8)...
[32;1m[Board] [0m32 piece(s) on board.
[32;1m[Board] [0mLoading history file `championship/lmc-ai-chessgambit/history.csv`...
[32;1m[Board] [0mLoaded 14 move(s).
[32;1m[Board] [0mHistory replayed, 28 piece(s) on board.
[32;1m[Board] [0mLoading move file `championship/lmc-ai-chessgambit/move.csv`...
[32;1m[Board] [0mWhite player is playing f1 to e1.
[32;1m[Board] [0m
[32;1m[Board] [0m     a b c d e f g h
[32;1m[Board] [0m   -------------------
[32;1m[Board] [0m 8 ||[30;1mr[0m|[30;1mk[0m|[30;1mb[0m| |[30;1mK[0m|[30;1mb[0m|[7;1m [0m|[30;1mr[0m|| 8
[32;1m[Board] [0m   -------------------
[32;1m[Board] [0m 7 ||[30;1mp[0m|[30;1mp[0m| |[30;1mp[0m| |[30;1mp[0m|[30;1mp[0m|[30;1mp[0m|| 7
[32;1m[Board] [0m   -------------------
[32;1m[Board] [0m 6 ||[7;1m [0m| |[7;1m [0m| |[7;1m [0m| |[7;1m [0m| || 6
[32;1m[Board] [0m   -------------------
[32;1m[Board] [0m 5 || |[7;1m [0m|[30;1mp[0m|[7;1m [0m|[0;1mk[0m|[7;1m [0m| |[7;1m [0m|| 5
[32;1m[Board] [0m   -------------------
[32;1m[Board] [0m 4 ||[7;1m [0m| |[0;1mb[0m| |[30;1mQ[0m| |[7;1m [0m| || 4
[32;1m[Board] [0m   -------------------
[32;1m[Board] [0m 3 || |[7;1m [0m| |[7;1m [0m| |[7;1m [0m| |[7;1m [0m|| 3
[32;1m[Board] [0m   -------------------
[32;1m[Board] [0m 2 ||[0;1mp[0m|[0;1mp[0m|[0;1mp[0m|[0;1mp[0m|[7;1m [0m|[0;1mp[0m|[0;1mp[0m| || 2
[32;1m[Board] [0m   -------------------
[32;1m[Board] [0m 1 ||[0;1mr[0m|[0;1mk[0m|[0;1mb[0m|[0;1mQ[0m|[0;1mr[0m|[7;1m [0m|[0;1mK[0m|[7;1m [0m|| 1
[32;1m[Board] [0m   -------------------
[32;1m[Board] [0m     a b c d e f g h
[32;1m[Board] [0m
[32;1m[Referee] [0mThis is the turn of the Black player...
Inputed Board
Currently playing: Black

------------------------------Current Search Space--------------------------------------------
Possible moves for piece: p:
 p: (1,0)->(2,0) / a7a6
 p: (1,0)->(3,0) / a7a5
 p: (1,1)->(2,1) / b7b6
 p: (1,1)->(3,1) / b7b5
 p: (1,3)->(2,3) / d7d6
 p: (1,3)->(3,3) / d7d5
 p: (1,5)->(2,5) / f7f6
 p: (1,5)->(3,5) / f7f5
 p: (1,6)->(2,6) / g7g6
 p: (1,6)->(3,6) / g7g5
 p: (1,7)->(2,7) / h7h6
 p: (1,7)->(3,7) / h7h5
Possible moves for piece: r:
 r: (0,7)->(0,6) / h8g8
Possible moves for piece: n:
 n: (0,1)->(2,2) / b8c6
 n: (0,1)->(2,0) / b8a6
Possible moves for piece: b:
 b: (0,5)->(1,4) / f8e7
 b: (0,5)->(2,3) / f8d6
Possible moves for piece: q:
 q: (4,4)->(5,4) / e4e3
 q: (4,4)->(6,4) / e4e2
 q: (4,4)->(7,4) / e4e1
 q: (4,4)->(3,4) / e4e5
 q: (4,4)->(4,5) / e4f4
 q: (4,4)->(4,6) / e4g4
 q: (4,4)->(4,7) / e4h4
 q: (4,4)->(4,3) / e4d4
 q: (4,4)->(4,2) / e4c4
 q: (4,4)->(3,3) / e4d5
 q: (4,4)->(2,2) / e4c6
 q: (4,4)->(3,5) / e4f5
 q: (4,4)->(2,6) / e4g6
 q: (4,4)->(5,3) / e4d3
 q: (4,4)->(6,2) / e4c2
 q: (4,4)->(5,5) / e4f3
 q: (4,4)->(6,6) / e4g2
Possible moves for piece: k:
 k: (0,4)->(1,4) / e8e7
 k: (0,4)->(0,3) / e8d8

------------------------------Filtered Search Space--------------------------------------------
Possible moves for piece: p:
 p: (1,0)->(2,0) / a7a6
 p: (1,0)->(3,0) / a7a5
 p: (1,1)->(2,1) / b7b6
 p: (1,1)->(3,1) / b7b5
 p: (1,3)->(2,3) / d7d6
 p: (1,3)->(3,3) / d7d5
 p: (1,5)->(2,5) / f7f6
 p: (1,5)->(3,5) / f7f5
 p: (1,6)->(2,6) / g7g6
 p: (1,6)->(3,6) / g7g5
 p: (1,7)->(2,7) / h7h6
 p: (1,7)->(3,7) / h7h5
Possible moves for piece: r:
 r: (0,7)->(0,6) / h8g8
Possible moves for piece: n:
 n: (0,1)->(2,2) / b8c6
 n: (0,1)->(2,0) / b8a6
Possible moves for piece: b:
 b: (0,5)->(1,4) / f8e7
 b: (0,5)->(2,3) / f8d6
Possible moves for piece: q:
 q: (4,4)->(5,4) / e4e3
 q: (4,4)->(6,4) / e4e2
 q: (4,4)->(7,4) / e4e1
 q: (4,4)->(3,4) / e4e5
 q: (4,4)->(4,5) / e4f4
 q: (4,4)->(4,6) / e4g4
 q: (4,4)->(4,7) / e4h4
 q: (4,4)->(4,3) / e4d4
 q: (4,4)->(4,2) / e4c4
 q: (4,4)->(3,3) / e4d5
 q: (4,4)->(2,2) / e4c6
 q: (4,4)->(3,5) / e4f5
 q: (4,4)->(2,6) / e4g6
 q: (4,4)->(5,3) / e4d3
 q: (4,4)->(6,2) / e4c2
 q: (4,4)->(5,5) / e4f3
 q: (4,4)->(6,6) / e4g2
Possible moves for piece: k:
 k: (0,4)->(1,4) / e8e7
 k: (0,4)->(0,3) / e8d8

--------------------------------Info on Attacks---------------------------------------------------
Squares attacked by White pieces:
(1,3) (1,5) (2,0) (2,2) (2,4) (2,6) (3,1) (3,3) (3,7) (4,4) (4,6) (5,0) (5,1) (5,2) (5,3) (5,4) (5,5) (5,6) (5,7) (6,4) (6,7) (7,5) (7,7) 

-------------------------------Squares controlled by the enemy------------------------------------
* * * * * * * * 
* * * X * X * * 
X * X * X * X * 
* X * X * * * X 
* * * * X * X * 
X X X X X X X X 
* * * * X * * X 
* * * * * X * X 

------------------------------Check Information---------------------------------------------------
Black King located at: (0,4)
Black King is safe, no check at this position.

------------------------------Special Move Information-------------------------------------------
No en passant allowed right now
------------------------------Castling Rights Information-------------------------------------------
White Kingside Castle:  NOT AVAILABLE
White Queenside Castle: NOT AVAILABLE
Black Kingside Castle:  AVAILABLE
Black Queenside Castle: AVAILABLE
---------------------------------------------------------------------------------------------------

========== CAPTURE EXPLORATION ==========
[0] q x R | Potential loss: NO | Score: 500
[1] q x N | Potential loss: NO | Score: 320
[2] q x B | Potential loss: NO | Score: 330
[3] q x P | Potential loss: NO | Score: 100
[4] q x P | Potential loss: NO | Score: 100
========================================

========== CHECK EXPLORATION ==========
[0] Candidate: q -> (4,4) -> (7,4) x R | Checking move: q (4,4) -> (7,4)Checkmate: NO
[1] Candidate: q -> (4,4) -> (6,6) x P | Checking move: q (4,4) -> (6,6)Checkmate: NO
======================================
--------------------------------------------------------------------------------------------------
Chosen Move: (1,5) --> (3,5)
 / f7f5

r n b * k b * r 
p p * p * * p p 
* * * * * * * * 
* * p * N p * * 
* * B * q * * * 
* * * * * * * * 
P P P P * P P * 
R N B Q R * K * 

[32;1m[Game] [0mPlayer's error code: 0
[32;1m[Game] [0mChecking move validity...
[32;1m[Board] [0mInitializing board (size: 8)...
[32;1m[Board] [0m32 piece(s) on board.
[32;1m[Board] [0mLoading history file `championship/lmc-ai-chessgambit/history.csv`...
[32;1m[Board] [0mLoaded 15 move(s).
[32;1m[Board] [0mHistory replayed, 28 piece(s) on board.
[32;1m[Board] [0mLoading move file `championship/lmc-ai-chessgambit/move.csv`...
[32;1m[Board] [0mBlack player is playing f7 to f5.
[32;1m[Board] [0m
[32;1m[Board] [0m     a b c d e f g h
[32;1m[Board] [0m   -------------------
[32;1m[Board] [0m 8 ||[30;1mr[0m|[30;1mk[0m|[30;1mb[0m| |[30;1mK[0m|[30;1mb[0m|[7;1m [0m|[30;1mr[0m|| 8
[32;1m[Board] [0m   -------------------
[32;1m[Board] [0m 7 ||[30;1mp[0m|[30;1mp[0m| |[30;1mp[0m| |[7;1m [0m|[30;1mp[0m|[30;1mp[0m|| 7
[32;1m[Board] [0m   -------------------
[32;1m[Board] [0m 6 ||[7;1m [0m| |[7;1m [0m| |[7;1m [0m| |[7;1m [0m| || 6
[32;1m[Board] [0m   -------------------
[32;1m[Board] [0m 5 || |[7;1m [0m|[30;1mp[0m|[7;1m [0m|[0;1mk[0m|[30;1mp[0m| |[7;1m [0m|| 5
[32;1m[Board] [0m   -------------------
[32;1m[Board] [0m 4 ||[7;1m [0m| |[0;1mb[0m| |[30;1mQ[0m| |[7;1m [0m| || 4
[32;1m[Board] [0m   -------------------
[32;1m[Board] [0m 3 || |[7;1m [0m| |[7;1m [0m| |[7;1m [0m| |[7;1m [0m|| 3
[32;1m[Board] [0m   -------------------
[32;1m[Board] [0m 2 ||[0;1mp[0m|[0;1mp[0m|[0;1mp[0m|[0;1mp[0m|[7;1m [0m|[0;1mp[0m|[0;1mp[0m| || 2
[32;1m[Board] [0m   -------------------
[32;1m[Board] [0m 1 ||[0;1mr[0m|[0;1mk[0m|[0;1mb[0m|[0;1mQ[0m|[0;1mr[0m|[7;1m [0m|[0;1mK[0m|[7;1m [0m|| 1
[32;1m[Board] [0m   -------------------
[32;1m[Board] [0m     a b c d e f g h
[32;1m[Board] [0m
[32;1m[Referee] [0mThis is the turn of the White player...
Choice: e1e4 | Depth: 7 | Time: 9579ms
[32;1m[Game] [0mPlayer's error code: 0
[32;1m[Game] [0mChecking move validity...
[32;1m[Board] [0mInitializing board (size: 8)...
[32;1m[Board] [0m32 piece(s) on board.
[32;1m[Board] [0mLoading history file `championship/lmc-ai-chessgambit/history.csv`...
[32;1m[Board] [0mLoaded 16 move(s).
[32;1m[Board] [0mHistory replayed, 28 piece(s) on board.
[32;1m[Board] [0mLoading move file `championship/lmc-ai-chessgambit/move.csv`...
[32;1m[Board] [0mWhite player is playing e1 to e4.
[32;1m[Board] [0m[5;1mWhite Rook is taking Black Queen.[0m
[32;1m[Board] [0m
[32;1m[Board] [0m     a b c d e f g h
[32;1m[Board] [0m   -------------------
[32;1m[Board] [0m 8 ||[30;1mr[0m|[30;1mk[0m|[30;1mb[0m| |[30;1mK[0m|[30;1mb[0m|[7;1m [0m|[30;1mr[0m|| 8
[32;1m[Board] [0m   -------------------
[32;1m[Board] [0m 7 ||[30;1mp[0m|[30;1mp[0m| |[30;1mp[0m| |[7;1m [0m|[30;1mp[0m|[30;1mp[0m|| 7
[32;1m[Board] [0m   -------------------
[32;1m[Board] [0m 6 ||[7;1m [0m| |[7;1m [0m| |[7;1m [0m| |[7;1m [0m| || 6
[32;1m[Board] [0m   -------------------
[32;1m[Board] [0m 5 || |[7;1m [0m|[30;1mp[0m|[7;1m [0m|[0;1mk[0m|[30;1mp[0m| |[7;1m [0m|| 5
[32;1m[Board] [0m   -------------------
[32;1m[Board] [0m 4 ||[7;1m [0m| |[0;1mb[0m| |[0;1mr[0m| |[7;1m [0m| || 4
[32;1m[Board] [0m   -------------------
[32;1m[Board] [0m 3 || |[7;1m [0m| |[7;1m [0m| |[7;1m [0m| |[7;1m [0m|| 3
[32;1m[Board] [0m   -------------------
[32;1m[Board] [0m 2 ||[0;1mp[0m|[0;1mp[0m|[0;1mp[0m|[0;1mp[0m|[7;1m [0m|[0;1mp[0m|[0;1mp[0m| || 2
[32;1m[Board] [0m   -------------------
[32;1m[Board] [0m 1 ||[0;1mr[0m|[0;1mk[0m|[0;1mb[0m|[0;1mQ[0m| |[7;1m [0m|[0;1mK[0m|[7;1m [0m|| 1
[32;1m[Board] [0m   -------------------
[32;1m[Board] [0m     a b c d e f g h
[32;1m[Board] [0m
[32;1m[Referee] [0mThis is the turn of the Black player...
Inputed Board
Currently playing: Black

------------------------------Current Search Space--------------------------------------------
Possible moves for piece: p:
 p: (1,0)->(2,0) / a7a6
 p: (1,0)->(3,0) / a7a5
 p: (1,1)->(2,1) / b7b6
 p: (1,1)->(3,1) / b7b5
 p: (1,3)->(2,3) / d7d6
 p: (1,3)->(3,3) / d7d5
 p: (1,6)->(2,6) / g7g6
 p: (1,6)->(3,6) / g7g5
 p: (1,7)->(2,7) / h7h6
 p: (1,7)->(3,7) / h7h5
 p: (3,5)->(4,5) / f5f4
 p: (3,5)->(4,4) / f5e4
Possible moves for piece: r:
 r: (0,7)->(0,6) / h8g8
Possible moves for piece: n:
 n: (0,1)->(2,2) / b8c6
 n: (0,1)->(2,0) / b8a6
Possible moves for piece: b:
 b: (0,5)->(1,4) / f8e7
 b: (0,5)->(2,3) / f8d6
Possible moves for piece: k:
 k: (0,4)->(1,4) / e8e7
 k: (0,4)->(0,3) / e8d8
 k: (0,4)->(1,5) / e8f7

------------------------------Filtered Search Space--------------------------------------------
Possible moves for piece: p:
 p: (1,0)->(2,0) / a7a6
 p: (1,0)->(3,0) / a7a5
 p: (1,1)->(2,1) / b7b6
 p: (1,1)->(3,1) / b7b5
 p: (1,3)->(2,3) / d7d6
 p: (1,3)->(3,3) / d7d5
 p: (1,6)->(2,6) / g7g6
 p: (1,6)->(3,6) / g7g5
 p: (1,7)->(2,7) / h7h6
 p: (1,7)->(3,7) / h7h5
 p: (3,5)->(4,5) / f5f4
 p: (3,5)->(4,4) / f5e4
Possible moves for piece: r:
 r: (0,7)->(0,6) / h8g8
Possible moves for piece: n:
 n: (0,1)->(2,2) / b8c6
 n: (0,1)->(2,0) / b8a6
Possible moves for piece: b:
 b: (0,5)->(1,4) / f8e7
 b: (0,5)->(2,3) / f8d6
Possible moves for piece: k:
 k: (0,4)->(1,4) / e8e7
 k: (0,4)->(0,3) / e8d8

--------------------------------Info on Attacks---------------------------------------------------
Squares attacked by White pieces:
(0,6) (1,3) (1,5) (2,0) (2,2) (2,4) (2,6) (3,1) (3,3) (3,7) (4,3) (4,5) (4,6) (4,7) (5,0) (5,1) (5,2) (5,3) (5,4) (5,5) (5,6) (5,7) (6,4) (6,7) (7,4) (7,5) (7,7) 

-------------------------------Squares controlled by the enemy------------------------------------
* * * * * * X * 
* * * X * X * * 
X * X * X * X * 
* X * X * * * X 
* * * X * X X X 
X X X X X X X X 
* * * * X * * X 
* * * * X X * X 

------------------------------Check Information---------------------------------------------------
Black King located at: (0,4)
Black King is safe, no check at this position.

------------------------------Special Move Information-------------------------------------------
No en passant allowed right now
------------------------------Castling Rights Information-------------------------------------------
White Kingside Castle:  NOT AVAILABLE
White Queenside Castle: NOT AVAILABLE
Black Kingside Castle:  AVAILABLE
Black Queenside Castle: AVAILABLE
---------------------------------------------------------------------------------------------------

========== CAPTURE EXPLORATION ==========
[0] p x R | Potential loss: NO | Score: 500
========================================

========== CHECK EXPLORATION ==========
(no checks found)
======================================
--------------------------------------------------------------------------------------------------
Chosen Move: (3,5) --> (4,4)
 / f5e4

r n b * k b * r 
p p * p * * p p 
* * * * * * * * 
* * p * N * * * 
* * B * p * * * 
* * * * * * * * 
P P P P * P P * 
R N B Q * * K * 

[32;1m[Game] [0mPlayer's error code: 0
[32;1m[Game] [0mChecking move validity...
[32;1m[Board] [0mInitializing board (size: 8)...
[32;1m[Board] [0m32 piece(s) on board.
[32;1m[Board] [0mLoading history file `championship/lmc-ai-chessgambit/history.csv`...
[32;1m[Board] [0mLoaded 17 move(s).
[32;1m[Board] [0mHistory replayed, 27 piece(s) on board.
[32;1m[Board] [0mLoading move file `championship/lmc-ai-chessgambit/move.csv`...
[32;1m[Board] [0mBlack player is playing f5 to e4.
[32;1m[Board] [0m[5;1mBlack Pawn is taking White Rook.[0m
[32;1m[Board] [0m
[32;1m[Board] [0m     a b c d e f g h
[32;1m[Board] [0m   -------------------
[32;1m[Board] [0m 8 ||[30;1mr[0m|[30;1mk[0m|[30;1mb[0m| |[30;1mK[0m|[30;1mb[0m|[7;1m [0m|[30;1mr[0m|| 8
[32;1m[Board] [0m   -------------------
[32;1m[Board] [0m 7 ||[30;1mp[0m|[30;1mp[0m| |[30;1mp[0m| |[7;1m [0m|[30;1mp[0m|[30;1mp[0m|| 7
[32;1m[Board] [0m   -------------------
[32;1m[Board] [0m 6 ||[7;1m [0m| |[7;1m [0m| |[7;1m [0m| |[7;1m [0m| || 6
[32;1m[Board] [0m   -------------------
[32;1m[Board] [0m 5 || |[7;1m [0m|[30;1mp[0m|[7;1m [0m|[0;1mk[0m|[7;1m [0m| |[7;1m [0m|| 5
[32;1m[Board] [0m   -------------------
[32;1m[Board] [0m 4 ||[7;1m [0m| |[0;1mb[0m| |[30;1mp[0m| |[7;1m [0m| || 4
[32;1m[Board] [0m   -------------------
[32;1m[Board] [0m 3 || |[7;1m [0m| |[7;1m [0m| |[7;1m [0m| |[7;1m [0m|| 3
[32;1m[Board] [0m   -------------------
[32;1m[Board] [0m 2 ||[0;1mp[0m|[0;1mp[0m|[0;1mp[0m|[0;1mp[0m|[7;1m [0m|[0;1mp[0m|[0;1mp[0m| || 2
[32;1m[Board] [0m   -------------------
[32;1m[Board] [0m 1 ||[0;1mr[0m|[0;1mk[0m|[0;1mb[0m|[0;1mQ[0m| |[7;1m [0m|[0;1mK[0m|[7;1m [0m|| 1
[32;1m[Board] [0m   -------------------
[32;1m[Board] [0m     a b c d e f g h
[32;1m[Board] [0m
[32;1m[Referee] [0mThis is the turn of the White player...
Choice: d1h5 | Depth: 7 | Time: 9584ms
[32;1m[Game] [0mPlayer's error code: 0
[32;1m[Game] [0mChecking move validity...
[32;1m[Board] [0mInitializing board (size: 8)...
[32;1m[Board] [0m32 piece(s) on board.
[32;1m[Board] [0mLoading history file `championship/lmc-ai-chessgambit/history.csv`...
[32;1m[Board] [0mLoaded 18 move(s).
[32;1m[Board] [0mHistory replayed, 26 piece(s) on board.
[32;1m[Board] [0mLoading move file `championship/lmc-ai-chessgambit/move.csv`...
[32;1m[Board] [0mWhite player is playing d1 to h5.
[32;1m[Board] [0m
[32;1m[Board] [0m     a b c d e f g h
[32;1m[Board] [0m   -------------------
[32;1m[Board] [0m 8 ||[30;1mr[0m|[30;1mk[0m|[30;1mb[0m| |[30;1mK[0m|[30;1mb[0m|[7;1m [0m|[30;1mr[0m|| 8
[32;1m[Board] [0m   -------------------
[32;1m[Board] [0m 7 ||[30;1mp[0m|[30;1mp[0m| |[30;1mp[0m| |[7;1m [0m|[30;1mp[0m|[30;1mp[0m|| 7
[32;1m[Board] [0m   -------------------
[32;1m[Board] [0m 6 ||[7;1m [0m| |[7;1m [0m| |[7;1m [0m| |[7;1m [0m| || 6
[32;1m[Board] [0m   -------------------
[32;1m[Board] [0m 5 || |[7;1m [0m|[30;1mp[0m|[7;1m [0m|[0;1mk[0m|[7;1m [0m| |[0;1mQ[0m|| 5
[32;1m[Board] [0m   -------------------
[32;1m[Board] [0m 4 ||[7;1m [0m| |[0;1mb[0m| |[30;1mp[0m| |[7;1m [0m| || 4
[32;1m[Board] [0m   -------------------
[32;1m[Board] [0m 3 || |[7;1m [0m| |[7;1m [0m| |[7;1m [0m| |[7;1m [0m|| 3
[32;1m[Board] [0m   -------------------
[32;1m[Board] [0m 2 ||[0;1mp[0m|[0;1mp[0m|[0;1mp[0m|[0;1mp[0m|[7;1m [0m|[0;1mp[0m|[0;1mp[0m| || 2
[32;1m[Board] [0m   -------------------
[32;1m[Board] [0m 1 ||[0;1mr[0m|[0;1mk[0m|[0;1mb[0m|[7;1m [0m| |[7;1m [0m|[0;1mK[0m|[7;1m [0m|| 1
[32;1m[Board] [0m   -------------------
[32;1m[Board] [0m     a b c d e f g h
[32;1m[Board] [0m
[32;1m[Referee] [0mThis is the turn of the Black player...
Inputed Board
Currently playing: Black

------------------------------Current Search Space--------------------------------------------
Possible moves for piece: p:
 p: (1,0)->(2,0) / a7a6
 p: (1,0)->(3,0) / a7a5
 p: (1,1)->(2,1) / b7b6
 p: (1,1)->(3,1) / b7b5
 p: (1,3)->(2,3) / d7d6
 p: (1,3)->(3,3) / d7d5
 p: (1,6)->(2,6) / g7g6
 p: (1,6)->(3,6) / g7g5
 p: (1,7)->(2,7) / h7h6
 p: (4,4)->(5,4) / e4e3
Possible moves for piece: r:
 r: (0,7)->(0,6) / h8g8
Possible moves for piece: n:
 n: (0,1)->(2,2) / b8c6
 n: (0,1)->(2,0) / b8a6
Possible moves for piece: b:
 b: (0,5)->(1,4) / f8e7
 b: (0,5)->(2,3) / f8d6
Possible moves for piece: k:
 k: (0,4)->(1,4) / e8e7
 k: (0,4)->(0,3) / e8d8
 k: (0,4)->(1,5) / e8f7

------------------------------Filtered Search Space--------------------------------------------
Possible moves for piece: p:
 p: (1,6)->(2,6) / g7g6
Possible moves for piece: k:
 k: (0,4)->(1,4) / e8e7
 k: (0,4)->(0,3) / e8d8

--------------------------------Info on Attacks---------------------------------------------------
Squares attacked by White pieces:
(0,4) (0,6) (1,3) (1,5) (1,7) (2,0) (2,2) (2,4) (2,6) (2,7) (3,1) (3,3) (3,5) (3,6) (4,6) (4,7) (5,0) (5,1) (5,2) (5,3) (5,4) (5,5) (5,6) (5,7) (6,4) (6,7) (7,3) (7,5) (7,7) 

-------------------------------Squares controlled by the enemy------------------------------------
* * * * X * X * 
* * * X * X * X 
X * X * X * X X 
* X * X * X X * 
* * * * * * X X 
X X X X X X X X 
* * * * X * * X 
* * * X * X * X 

------------------------------Check Information---------------------------------------------------
Black King located at: (0,4)
Black King is in check by Q at (3,7)

------------------------------Special Move Information-------------------------------------------
No en passant allowed right now
------------------------------Castling Rights Information-------------------------------------------
White Kingside Castle:  NOT AVAILABLE
White Queenside Castle: NOT AVAILABLE
Black Kingside Castle:  AVAILABLE
Black Queenside Castle: AVAILABLE
---------------------------------------------------------------------------------------------------

========== CAPTURE EXPLORATION ==========
========================================

========== CHECK EXPLORATION ==========
(no checks found)
======================================
--------------------------------------------------------------------------------------------------
Chosen Move: (0,4) --> (1,4)
 / e8e7

r n b * * b * r 
p p * p k * p p 
* * * * * * * * 
* * p * N * * Q 
* * B * p * * * 
* * * * * * * * 
P P P P * P P * 
R N B * * * K * 

[32;1m[Game] [0mPlayer's error code: 0
[32;1m[Game] [0mChecking move validity...
[32;1m[Board] [0mInitializing board (size: 8)...
[32;1m[Board] [0m32 piece(s) on board.
[32;1m[Board] [0mLoading history file `championship/lmc-ai-chessgambit/history.csv`...
[32;1m[Board] [0mLoaded 19 move(s).
[32;1m[Board] [0mHistory replayed, 26 piece(s) on board.
[32;1m[Board] [0mLoading move file `championship/lmc-ai-chessgambit/move.csv`...
[32;1m[Board] [0mBlack player is playing e8 to e7.
[32;1m[Board] [0m
[32;1m[Board] [0m     a b c d e f g h
[32;1m[Board] [0m   -------------------
[32;1m[Board] [0m 8 ||[30;1mr[0m|[30;1mk[0m|[30;1mb[0m| |[7;1m [0m|[30;1mb[0m|[7;1m [0m|[30;1mr[0m|| 8
[32;1m[Board] [0m   -------------------
[32;1m[Board] [0m 7 ||[30;1mp[0m|[30;1mp[0m| |[30;1mp[0m|[30;1mK[0m|[7;1m [0m|[30;1mp[0m|[30;1mp[0m|| 7
[32;1m[Board] [0m   -------------------
[32;1m[Board] [0m 6 ||[7;1m [0m| |[7;1m [0m| |[7;1m [0m| |[7;1m [0m| || 6
[32;1m[Board] [0m   -------------------
[32;1m[Board] [0m 5 || |[7;1m [0m|[30;1mp[0m|[7;1m [0m|[0;1mk[0m|[7;1m [0m| |[0;1mQ[0m|| 5
[32;1m[Board] [0m   -------------------
[32;1m[Board] [0m 4 ||[7;1m [0m| |[0;1mb[0m| |[30;1mp[0m| |[7;1m [0m| || 4
[32;1m[Board] [0m   -------------------
[32;1m[Board] [0m 3 || |[7;1m [0m| |[7;1m [0m| |[7;1m [0m| |[7;1m [0m|| 3
[32;1m[Board] [0m   -------------------
[32;1m[Board] [0m 2 ||[0;1mp[0m|[0;1mp[0m|[0;1mp[0m|[0;1mp[0m|[7;1m [0m|[0;1mp[0m|[0;1mp[0m| || 2
[32;1m[Board] [0m   -------------------
[32;1m[Board] [0m 1 ||[0;1mr[0m|[0;1mk[0m|[0;1mb[0m|[7;1m [0m| |[7;1m [0m|[0;1mK[0m|[7;1m [0m|| 1
[32;1m[Board] [0m   -------------------
[32;1m[Board] [0m     a b c d e f g h
[32;1m[Board] [0m
[32;1m[Referee] [0mThis is the turn of the White player...
Choice: b1c3 | Depth: 6 | Time: 9581ms
[32;1m[Game] [0mPlayer's error code: 0
[32;1m[Game] [0mChecking move validity...
[32;1m[Board] [0mInitializing board (size: 8)...
[32;1m[Board] [0m32 piece(s) on board.
[32;1m[Board] [0mLoading history file `championship/lmc-ai-chessgambit/history.csv`...
[32;1m[Board] [0mLoaded 20 move(s).
[32;1m[Board] [0mHistory replayed, 26 piece(s) on board.
[32;1m[Board] [0mLoading move file `championship/lmc-ai-chessgambit/move.csv`...
[32;1m[Board] [0mWhite player is playing b1 to c3.
[32;1m[Board] [0m
[32;1m[Board] [0m     a b c d e f g h
[32;1m[Board] [0m   -------------------
[32;1m[Board] [0m 8 ||[30;1mr[0m|[30;1mk[0m|[30;1mb[0m| |[7;1m [0m|[30;1mb[0m|[7;1m [0m|[30;1mr[0m|| 8
[32;1m[Board] [0m   -------------------
[32;1m[Board] [0m 7 ||[30;1mp[0m|[30;1mp[0m| |[30;1mp[0m|[30;1mK[0m|[7;1m [0m|[30;1mp[0m|[30;1mp[0m|| 7
[32;1m[Board] [0m   -------------------
[32;1m[Board] [0m 6 ||[7;1m [0m| |[7;1m [0m| |[7;1m [0m| |[7;1m [0m| || 6
[32;1m[Board] [0m   -------------------
[32;1m[Board] [0m 5 || |[7;1m [0m|[30;1mp[0m|[7;1m [0m|[0;1mk[0m|[7;1m [0m| |[0;1mQ[0m|| 5
[32;1m[Board] [0m   -------------------
[32;1m[Board] [0m 4 ||[7;1m [0m| |[0;1mb[0m| |[30;1mp[0m| |[7;1m [0m| || 4
[32;1m[Board] [0m   -------------------
[32;1m[Board] [0m 3 || |[7;1m [0m|[0;1mk[0m|[7;1m [0m| |[7;1m [0m| |[7;1m [0m|| 3
[32;1m[Board] [0m   -------------------
[32;1m[Board] [0m 2 ||[0;1mp[0m|[0;1mp[0m|[0;1mp[0m|[0;1mp[0m|[7;1m [0m|[0;1mp[0m|[0;1mp[0m| || 2
[32;1m[Board] [0m   -------------------
[32;1m[Board] [0m 1 ||[0;1mr[0m|[7;1m [0m|[0;1mb[0m|[7;1m [0m| |[7;1m [0m|[0;1mK[0m|[7;1m [0m|| 1
[32;1m[Board] [0m   -------------------
[32;1m[Board] [0m     a b c d e f g h
[32;1m[Board] [0m
[32;1m[Referee] [0mThis is the turn of the Black player...
Inputed Board
Currently playing: Black

------------------------------Current Search Space--------------------------------------------
Possible moves for piece: p:
 p: (1,0)->(2,0) / a7a6
 p: (1,0)->(3,0) / a7a5
 p: (1,1)->(2,1) / b7b6
 p: (1,1)->(3,1) / b7b5
 p: (1,3)->(2,3) / d7d6
 p: (1,3)->(3,3) / d7d5
 p: (1,6)->(2,6) / g7g6
 p: (1,6)->(3,6) / g7g5
 p: (1,7)->(2,7) / h7h6
 p: (4,4)->(5,4) / e4e3
Possible moves for piece: r:
 r: (0,7)->(0,6) / h8g8
Possible moves for piece: n:
 n: (0,1)->(2,2) / b8c6
 n: (0,1)->(2,0) / b8a6
Possible moves for piece: k:
 k: (1,4)->(2,4) / e7e6
 k: (1,4)->(0,4) / e7e8
 k: (1,4)->(1,5) / e7f7
 k: (1,4)->(2,5) / e7f6
 k: (1,4)->(2,3) / e7d6
 k: (1,4)->(0,3) / e7d8

------------------------------Filtered Search Space--------------------------------------------
Possible moves for piece: p:
 p: (1,0)->(2,0) / a7a6
 p: (1,0)->(3,0) / a7a5
 p: (1,1)->(2,1) / b7b6
 p: (1,1)->(3,1) / b7b5
 p: (1,3)->(2,3) / d7d6
 p: (1,3)->(3,3) / d7d5
 p: (1,6)->(2,6) / g7g6
 p: (1,6)->(3,6) / g7g5
 p: (1,7)->(2,7) / h7h6
 p: (4,4)->(5,4) / e4e3
Possible moves for piece: r:
 r: (0,7)->(0,6) / h8g8
Possible moves for piece: n:
 n: (0,1)->(2,2) / b8c6
 n: (0,1)->(2,0) / b8a6
Possible moves for piece: k:
 k: (1,4)->(2,5) / e7f6
 k: (1,4)->(2,3) / e7d6
 k: (1,4)->(0,3) / e7d8

--------------------------------Info on Attacks---------------------------------------------------
Squares attacked by White pieces:
(0,4) (0,6) (1,3) (1,5) (1,7) (2,0) (2,2) (2,4) (2,6) (2,7) (3,1) (3,3) (3,5) (3,6) (4,0) (4,4) (4,6) (4,7) (5,0) (5,1) (5,3) (5,4) (5,5) (5,6) (5,7) (6,4) (6,7) (7,1) (7,3) (7,5) (7,7) 

-------------------------------Squares controlled by the enemy------------------------------------
* * * * X * X * 
* * * X * X * X 
X * X * X * X X 
* X * X * X X * 
X * * * X * X X 
X X * X X X X X 
* * * * X * * X 
* X * X * X * X 

------------------------------Check Information---------------------------------------------------
Black King located at: (1,4)
Black King is safe, no check at this position.

------------------------------Special Move Information-------------------------------------------
No en passant allowed right now
------------------------------Castling Rights Information-------------------------------------------
White Kingside Castle:  NOT AVAILABLE
White Queenside Castle: NOT AVAILABLE
Black Kingside Castle:  NOT AVAILABLE
Black Queenside Castle: NOT AVAILABLE
---------------------------------------------------------------------------------------------------

========== CAPTURE EXPLORATION ==========
========================================

========== CHECK EXPLORATION ==========
(no checks found)
======================================
--------------------------------------------------------------------------------------------------
Chosen Move: (1,1) --> (3,1)
 / b7b5

r n b * * b * r 
p * * p k * p p 
* * * * * * * * 
* p p * N * * Q 
* * B * p * * * 
* * N * * * * * 
P P P P * P P * 
R * B * * * K * 

[32;1m[Game] [0mPlayer's error code: 0
[32;1m[Game] [0mChecking move validity...
[32;1m[Board] [0mInitializing board (size: 8)...
[32;1m[Board] [0m32 piece(s) on board.
[32;1m[Board] [0mLoading history file `championship/lmc-ai-chessgambit/history.csv`...
[32;1m[Board] [0mLoaded 21 move(s).
[32;1m[Board] [0mHistory replayed, 26 piece(s) on board.
[32;1m[Board] [0mLoading move file `championship/lmc-ai-chessgambit/move.csv`...
[32;1m[Board] [0mBlack player is playing b7 to b5.
[32;1m[Board] [0m
[32;1m[Board] [0m     a b c d e f g h
[32;1m[Board] [0m   -------------------
[32;1m[Board] [0m 8 ||[30;1mr[0m|[30;1mk[0m|[30;1mb[0m| |[7;1m [0m|[30;1mb[0m|[7;1m [0m|[30;1mr[0m|| 8
[32;1m[Board] [0m   -------------------
[32;1m[Board] [0m 7 ||[30;1mp[0m|[7;1m [0m| |[30;1mp[0m|[30;1mK[0m|[7;1m [0m|[30;1mp[0m|[30;1mp[0m|| 7
[32;1m[Board] [0m   -------------------
[32;1m[Board] [0m 6 ||[7;1m [0m| |[7;1m [0m| |[7;1m [0m| |[7;1m [0m| || 6
[32;1m[Board] [0m   -------------------
[32;1m[Board] [0m 5 || |[30;1mp[0m|[30;1mp[0m|[7;1m [0m|[0;1mk[0m|[7;1m [0m| |[0;1mQ[0m|| 5
[32;1m[Board] [0m   -------------------
[32;1m[Board] [0m 4 ||[7;1m [0m| |[0;1mb[0m| |[30;1mp[0m| |[7;1m [0m| || 4
[32;1m[Board] [0m   -------------------
[32;1m[Board] [0m 3 || |[7;1m [0m|[0;1mk[0m|[7;1m [0m| |[7;1m [0m| |[7;1m [0m|| 3
[32;1m[Board] [0m   -------------------
[32;1m[Board] [0m 2 ||[0;1mp[0m|[0;1mp[0m|[0;1mp[0m|[0;1mp[0m|[7;1m [0m|[0;1mp[0m|[0;1mp[0m| || 2
[32;1m[Board] [0m   -------------------
[32;1m[Board] [0m 1 ||[0;1mr[0m|[7;1m [0m|[0;1mb[0m|[7;1m [0m| |[7;1m [0m|[0;1mK[0m|[7;1m [0m|| 1
[32;1m[Board] [0m   -------------------
[32;1m[Board] [0m     a b c d e f g h
[32;1m[Board] [0m
[32;1m[Referee] [0mThis is the turn of the White player...
Choice: h5g5 | Depth: 7 | Time: 9555ms
[32;1m[Game] [0mPlayer's error code: 0
[32;1m[Game] [0mChecking move validity...
[32;1m[Board] [0mInitializing board (size: 8)...
[32;1m[Board] [0m32 piece(s) on board.
[32;1m[Board] [0mLoading history file `championship/lmc-ai-chessgambit/history.csv`...
[32;1m[Board] [0mLoaded 22 move(s).
[32;1m[Board] [0mHistory replayed, 26 piece(s) on board.
[32;1m[Board] [0mLoading move file `championship/lmc-ai-chessgambit/move.csv`...
[32;1m[Board] [0mWhite player is playing h5 to g5.
[32;1m[Board] [0m
[32;1m[Board] [0m     a b c d e f g h
[32;1m[Board] [0m   -------------------
[32;1m[Board] [0m 8 ||[30;1mr[0m|[30;1mk[0m|[30;1mb[0m| |[7;1m [0m|[30;1mb[0m|[7;1m [0m|[30;1mr[0m|| 8
[32;1m[Board] [0m   -------------------
[32;1m[Board] [0m 7 ||[30;1mp[0m|[7;1m [0m| |[30;1mp[0m|[30;1mK[0m|[7;1m [0m|[30;1mp[0m|[30;1mp[0m|| 7
[32;1m[Board] [0m   -------------------
[32;1m[Board] [0m 6 ||[7;1m [0m| |[7;1m [0m| |[7;1m [0m| |[7;1m [0m| || 6
[32;1m[Board] [0m   -------------------
[32;1m[Board] [0m 5 || |[30;1mp[0m|[30;1mp[0m|[7;1m [0m|[0;1mk[0m|[7;1m [0m|[0;1mQ[0m|[7;1m [0m|| 5
[32;1m[Board] [0m   -------------------
[32;1m[Board] [0m 4 ||[7;1m [0m| |[0;1mb[0m| |[30;1mp[0m| |[7;1m [0m| || 4
[32;1m[Board] [0m   -------------------
[32;1m[Board] [0m 3 || |[7;1m [0m|[0;1mk[0m|[7;1m [0m| |[7;1m [0m| |[7;1m [0m|| 3
[32;1m[Board] [0m   -------------------
[32;1m[Board] [0m 2 ||[0;1mp[0m|[0;1mp[0m|[0;1mp[0m|[0;1mp[0m|[7;1m [0m|[0;1mp[0m|[0;1mp[0m| || 2
[32;1m[Board] [0m   -------------------
[32;1m[Board] [0m 1 ||[0;1mr[0m|[7;1m [0m|[0;1mb[0m|[7;1m [0m| |[7;1m [0m|[0;1mK[0m|[7;1m [0m|| 1
[32;1m[Board] [0m   -------------------
[32;1m[Board] [0m     a b c d e f g h
[32;1m[Board] [0m
[32;1m[Referee] [0mThis is the turn of the Black player...
Inputed Board
Currently playing: Black

------------------------------Current Search Space--------------------------------------------
Possible moves for piece: p:
 p: (1,0)->(2,0) / a7a6
 p: (1,0)->(3,0) / a7a5
 p: (1,3)->(2,3) / d7d6
 p: (1,3)->(3,3) / d7d5
 p: (1,6)->(2,6) / g7g6
 p: (1,7)->(2,7) / h7h6
 p: (1,7)->(3,7) / h7h5
 p: (3,1)->(4,1) / b5b4
 p: (3,1)->(4,2) / b5c4
 p: (4,4)->(5,4) / e4e3
Possible moves for piece: r:
 r: (0,7)->(0,6) / h8g8
Possible moves for piece: n:
 n: (0,1)->(2,2) / b8c6
 n: (0,1)->(2,0) / b8a6
Possible moves for piece: b:
 b: (0,2)->(1,1) / c8b7
 b: (0,2)->(2,0) / c8a6
Possible moves for piece: k:
 k: (1,4)->(2,4) / e7e6
 k: (1,4)->(0,4) / e7e8
 k: (1,4)->(1,5) / e7f7
 k: (1,4)->(2,5) / e7f6
 k: (1,4)->(2,3) / e7d6
 k: (1,4)->(0,3) / e7d8

------------------------------Filtered Search Space--------------------------------------------
Possible moves for piece: k:
 k: (1,4)->(0,4) / e7e8
 k: (1,4)->(2,3) / e7d6

--------------------------------Info on Attacks---------------------------------------------------
Squares attacked by White pieces:
(0,6) (1,3) (1,4) (1,5) (1,6) (2,2) (2,4) (2,5) (2,6) (2,7) (3,1) (3,3) (3,5) (3,7) (4,0) (4,4) (4,5) (4,6) (4,7) (5,0) (5,1) (5,3) (5,4) (5,5) (5,6) (5,7) (6,4) (6,7) (7,1) (7,3) (7,5) (7,7) 

-------------------------------Squares controlled by the enemy------------------------------------
* * * * * * X * 
* * * X X X X * 
* * X * X X X X 
* X * X * X * X 
X * * * X X X X 
X X * X X X X X 
* * * * X * * X 
* X * X * X * X 

------------------------------Check Information---------------------------------------------------
Black King located at: (1,4)
Black King is in check by Q at (3,6)

------------------------------Special Move Information-------------------------------------------
No en passant allowed right now
------------------------------Castling Rights Information-------------------------------------------
White Kingside Castle:  NOT AVAILABLE
White Queenside Castle: NOT AVAILABLE
Black Kingside Castle:  NOT AVAILABLE
Black Queenside Castle: NOT AVAILABLE
---------------------------------------------------------------------------------------------------

========== CAPTURE EXPLORATION ==========
========================================

========== CHECK EXPLORATION ==========
(no checks found)
======================================
--------------------------------------------------------------------------------------------------
Chosen Move: (1,4) --> (0,4)
 / e7e8

r n b * k b * r 
p * * p * * p p 
* * * * * * * * 
* p p * N * Q * 
* * B * p * * * 
* * N * * * * * 
P P P P * P P * 
R * B * * * K * 

[32;1m[Game] [0mPlayer's error code: 0
[32;1m[Game] [0mChecking move validity...
[32;1m[Board] [0mInitializing board (size: 8)...
[32;1m[Board] [0m32 piece(s) on board.
[32;1m[Board] [0mLoading history file `championship/lmc-ai-chessgambit/history.csv`...
[32;1m[Board] [0mLoaded 23 move(s).
[32;1m[Board] [0mHistory replayed, 26 piece(s) on board.
[32;1m[Board] [0mLoading move file `championship/lmc-ai-chessgambit/move.csv`...
[32;1m[Board] [0mBlack player is playing e7 to e8.
[32;1m[Board] [0m
[32;1m[Board] [0m     a b c d e f g h
[32;1m[Board] [0m   -------------------
[32;1m[Board] [0m 8 ||[30;1mr[0m|[30;1mk[0m|[30;1mb[0m| |[30;1mK[0m|[30;1mb[0m|[7;1m [0m|[30;1mr[0m|| 8
[32;1m[Board] [0m   -------------------
[32;1m[Board] [0m 7 ||[30;1mp[0m|[7;1m [0m| |[30;1mp[0m| |[7;1m [0m|[30;1mp[0m|[30;1mp[0m|| 7
[32;1m[Board] [0m   -------------------
[32;1m[Board] [0m 6 ||[7;1m [0m| |[7;1m [0m| |[7;1m [0m| |[7;1m [0m| || 6
[32;1m[Board] [0m   -------------------
[32;1m[Board] [0m 5 || |[30;1mp[0m|[30;1mp[0m|[7;1m [0m|[0;1mk[0m|[7;1m [0m|[0;1mQ[0m|[7;1m [0m|| 5
[32;1m[Board] [0m   -------------------
[32;1m[Board] [0m 4 ||[7;1m [0m| |[0;1mb[0m| |[30;1mp[0m| |[7;1m [0m| || 4
[32;1m[Board] [0m   -------------------
[32;1m[Board] [0m 3 || |[7;1m [0m|[0;1mk[0m|[7;1m [0m| |[7;1m [0m| |[7;1m [0m|| 3
[32;1m[Board] [0m   -------------------
[32;1m[Board] [0m 2 ||[0;1mp[0m|[0;1mp[0m|[0;1mp[0m|[0;1mp[0m|[7;1m [0m|[0;1mp[0m|[0;1mp[0m| || 2
[32;1m[Board] [0m   -------------------
[32;1m[Board] [0m 1 ||[0;1mr[0m|[7;1m [0m|[0;1mb[0m|[7;1m [0m| |[7;1m [0m|[0;1mK[0m|[7;1m [0m|| 1
[32;1m[Board] [0m   -------------------
[32;1m[Board] [0m     a b c d e f g h
[32;1m[Board] [0m
[32;1m[Referee] [0mThis is the turn of the White player...
Choice: c4f7 | Depth: 7 | Time: 9554ms
[32;1m[Game] [0mPlayer's error code: 0
[32;1m[Game] [0mChecking move validity...
[32;1m[Board] [0mInitializing board (size: 8)...
[32;1m[Board] [0m32 piece(s) on board.
[32;1m[Board] [0mLoading history file `championship/lmc-ai-chessgambit/history.csv`...
[32;1m[Board] [0mLoaded 24 move(s).
[32;1m[Board] [0mHistory replayed, 26 piece(s) on board.
[32;1m[Board] [0mLoading move file `championship/lmc-ai-chessgambit/move.csv`...
[32;1m[Board] [0mWhite player is playing c4 to f7.
[32;1m[Board] [0m
[32;1m[Board] [0m     a b c d e f g h
[32;1m[Board] [0m   -------------------
[32;1m[Board] [0m 8 ||[30;1mr[0m|[30;1mk[0m|[30;1mb[0m| |[30;1mK[0m|[30;1mb[0m|[7;1m [0m|[30;1mr[0m|| 8
[32;1m[Board] [0m   -------------------
[32;1m[Board] [0m 7 ||[30;1mp[0m|[7;1m [0m| |[30;1mp[0m| |[0;1mb[0m|[30;1mp[0m|[30;1mp[0m|| 7
[32;1m[Board] [0m   -------------------
[32;1m[Board] [0m 6 ||[7;1m [0m| |[7;1m [0m| |[7;1m [0m| |[7;1m [0m| || 6
[32;1m[Board] [0m   -------------------
[32;1m[Board] [0m 5 || |[30;1mp[0m|[30;1mp[0m|[7;1m [0m|[0;1mk[0m|[7;1m [0m|[0;1mQ[0m|[7;1m [0m|| 5
[32;1m[Board] [0m   -------------------
[32;1m[Board] [0m 4 ||[7;1m [0m| |[7;1m [0m| |[30;1mp[0m| |[7;1m [0m| || 4
[32;1m[Board] [0m   -------------------
[32;1m[Board] [0m 3 || |[7;1m [0m|[0;1mk[0m|[7;1m [0m| |[7;1m [0m| |[7;1m [0m|| 3
[32;1m[Board] [0m   -------------------
[32;1m[Board] [0m 2 ||[0;1mp[0m|[0;1mp[0m|[0;1mp[0m|[0;1mp[0m|[7;1m [0m|[0;1mp[0m|[0;1mp[0m| || 2
[32;1m[Board] [0m   -------------------
[32;1m[Board] [0m 1 ||[0;1mr[0m|[7;1m [0m|[0;1mb[0m|[7;1m [0m| |[7;1m [0m|[0;1mK[0m|[7;1m [0m|| 1
[32;1m[Board] [0m   -------------------
[32;1m[Board] [0m     a b c d e f g h
[32;1m[Board] [0m
[32;1m[Referee] [0mThis is the turn of the Black player...
