[32;1m[Board] [0m[33;1m[WARNING][0m [5;1mBlack King in check![0m
[32;1m[Board] [0m[33;1m[WARNING][0m    Threatened by White Queen (h5)
[32;1m[Board] [0m[33;1m[WARNING][0m [5;1mBlack King in check![0m
[32;1m[Board] [0m[33;1m[WARNING][0m    Threatened by White Bishop (b5)
[32;1m[Board] [0m[33;1m[WARNING][0m [5;1mBlack King in check![0m
[32;1m[Board] [0m[33;1m[WARNING][0m    Threatened by White Pawn (e5)
[32;1m[Board] [0m[33;1m[WARNING][0m [5;1mBlack King in check![0m
[32;1m[Board] [0m[33;1m[WARNING][0m    Threatened by White Queen (c8)
[32;1m[Board] [0m[33;1m[WARNING][0m [5;1mBlack King in check![0m
[32;1m[Board] [0m[33;1m[WARNING][0m    Threatened by White Pawn (c4)
[32;1m[Board] [0m[33;1m[WARNING][0m [5;1mBlack King in check![0m
[32;1m[Board] [0m[33;1m[WARNING][0m    Threatened by White Queen (h8)
[32;1m[Board] [0m[33;1m[WARNING][0m [5;1mBlack King in check![0m
[32;1m[Board] [0m[33;1m[WARNING][0m    Threatened by White Knight (c1)
[32;1m[Board] [0m[33;1m[WARNING][0m [5;1mBlack King in check![0m
[32;1m[Board] [0m[33;1m[WARNING][0m    Threatened by White Knight (c1)
[32;1m[Board] [0m[33;1m[WARNING][0m Current board equals previous board (move #115)
[32;1m[Board] [0m[33;1m[WARNING][0m Current board equals previous board (move #116)
[32;1m[Board] [0m[33;1m[WARNING][0m Current board equals previous board (move #124)
[32;1m[Board] [0m[33;1m[WARNING][0m Current board equals previous board (move #125)
[32;1m[Board] [0m[33;1m[WARNING][0m Current board equals previous board (move #126)
[32;1m[Board] [0m[33;1m[WARNING][0m [5;1mBlack King in check![0m
[32;1m[Board] [0m[33;1m[WARNING][0m    Threatened by White Knight (f1)
[32;1m[Board] [0m[33;1m[WARNING][0m Current board equals previous board (move #132)
[32;1m[Board] [0m[33;1m[WARNING][0m Current board equals previous board (move #133)
[32;1m[Board] [0m[33;1m[WARNING][0m Current board equals previous board (move #143)
[32;1m[Board] [0m[33;1m[WARNING][0m Current board equals previous board (move #144)
[32;1m[Board] [0m[33;1m[WARNING][0m Current board equals previous board (move #145)
[32;1m[Board] [0m[33;1m[WARNING][0m Current board equals previous board (move #146)
[32;1m[Board] [0m[33;1m[WARNING][0m [5;1mBlack King in check![0m
[32;1m[Board] [0m[33;1m[WARNING][0m    Threatened by White Knight (c3)
[32;1m[Board] [0m[33;1m[WARNING][0m [5;1mBlack King in check![0m
[32;1m[Board] [0m[33;1m[WARNING][0m    Threatened by White Rook (b2)
[32;1m[Board] [0m[33;1m[WARNING][0m Current board equals previous board (move #163)
[32;1m[Board] [0m[33;1m[WARNING][0m [5;1mBlack King in check![0m
[32;1m[Board] [0m[33;1m[WARNING][0m    Threatened by White Rook (b2)
[32;1m[Board] [0m[33;1m[WARNING][0m Current board equals previous board (move #164)
[32;1m[Board] [0m[33;1m[WARNING][0m Current board equals previous board (move #165)
[32;1m[Board] [0m[33;1m[WARNING][0m Current board equals previous board (move #166)
[32;1m[Board] [0m[33;1m[WARNING][0m [5;1mBlack King in check![0m
[32;1m[Board] [0m[33;1m[WARNING][0m    Threatened by White Rook (d1)
[32;1m[Board] [0m[33;1m[WARNING][0m Current board equals previous board (move #179)
[32;1m[Board] [0m[33;1m[WARNING][0m Current board equals previous board (move #180)
[32;1m[Board] [0m[33;1m[WARNING][0m Current board equals previous board (move #181)
[32;1m[Board] [0m[33;1m[WARNING][0m Current board equals previous board (move #182)
[32;1m[Board] [0m[33;1m[WARNING][0m [5;1mBlack King in check![0m
[32;1m[Board] [0m[33;1m[WARNING][0m    Threatened by White Rook (e2)
[32;1m[Board] [0m[33;1m[WARNING][0m Current board equals previous board (move #176)
[32;1m[Board] [0m[33;1m[WARNING][0m Current board equals previous board (move #177)
[32;1m[Board] [0m[33;1m[WARNING][0m Current board equals previous board (move #178)
[32;1m[Board] [0m[33;1m[WARNING][0m [5;1mBlack King in check![0m
[32;1m[Board] [0m[33;1m[WARNING][0m    Threatened by White Rook (b3)
[32;1m[Board] [0m[33;1m[WARNING][0m [5;1mBlack King in check![0m
[32;1m[Board] [0m[33;1m[WARNING][0m    Threatened by White Rook (d1)
[32;1m[Board] [0m[33;1m[WARNING][0m [5;1mBlack King in check![0m
[32;1m[Board] [0m[33;1m[WARNING][0m    Threatened by White Rook (b1)
[32;1m[Board] [0m[33;1m[WARNING][0m [5;1mBlack King in check![0m
[32;1m[Board] [0m[33;1m[WARNING][0m    Threatened by White Rook (c1)
[32;1m[Board] [0m[33;1m[WARNING][0m Current board equals previous board (move #211)
[32;1m[Board] [0m[33;1m[WARNING][0m Current board equals previous board (move #212)
[32;1m[Board] [0m[33;1m[WARNING][0m Current board equals previous board (move #213)
[32;1m[Board] [0m[33;1m[WARNING][0m Current board equals previous board (move #214)
[32;1m[Board] [0m[33;1m[WARNING][0m Current board equals previous board (move #187)
[32;1m[Board] [0m[33;1m[WARNING][0m [5;1mBlack King in check![0m
[32;1m[Board] [0m[33;1m[WARNING][0m    Threatened by White Rook (e2)
[32;1m[Board] [0m[33;1m[WARNING][0m Current board equals previous board (move #188)
[32;1m[Board] [0m[33;1m[WARNING][0m Current board equals previous board (move #189)
[32;1m[Board] [0m[33;1m[WARNING][0m Current board equals previous board (move #220)
[32;1m[Board] [0m[33;1m[WARNING][0m [5;1mBlack King in check![0m
[32;1m[Board] [0m[33;1m[WARNING][0m    Threatened by White Rook (c3)
[32;1m[Board] [0m[33;1m[WARNING][0m Current board equals previous board (move #230)
[32;1m[Board] [0m[33;1m[WARNING][0m Current board equals previous board (move #231)
[32;1m[Board] [0m[33;1m[WARNING][0m [5;1mBlack King in check![0m
[32;1m[Board] [0m[33;1m[WARNING][0m    Threatened by White Rook (c3)
[32;1m[Board] [0m[33;1m[WARNING][0m Current board equals previous board (move #232)
[32;1m[Board] [0m[33;1m[WARNING][0m Current board equals previous board (move #228)
[32;1m[Board] [0m[33;1m[WARNING][0m [5;1mBlack King in check![0m
[32;1m[Board] [0m[33;1m[WARNING][0m    Threatened by White Rook (b2)
[32;1m[Board] [0m[33;1m[WARNING][0m Current board equals previous board (move #247)
[32;1m[Board] [0m[33;1m[WARNING][0m Current board equals previous board (move #248)
[32;1m[Board] [0m[33;1m[WARNING][0m Current board equals previous board (move #249)
[32;1m[Board] [0m[33;1m[WARNING][0m [5;1mBlack King in check![0m
[32;1m[Board] [0m[33;1m[WARNING][0m    Threatened by White Rook (b2)
[32;1m[Board] [0m[33;1m[WARNING][0m Current board equals previous board (move #250)
[32;1m[Board] [0m[33;1m[WARNING][0m Current board equals previous board (move #263)
[32;1m[Board] [0m[33;1m[WARNING][0m Current board equals previous board (move #264)
[32;1m[Board] [0m[33;1m[WARNING][0m Current board equals previous board (move #265)
[32;1m[Board] [0m[33;1m[WARNING][0m Current board equals previous board (move #266)
[32;1m[Board] [0m[33;1m[WARNING][0m Current board equals previous board (move #273)
[32;1m[Board] [0m[33;1m[WARNING][0m Current board equals previous board (move #274)
[32;1m[Board] [0m[33;1m[WARNING][0m Current board equals previous board (move #275)
[32;1m[Board] [0m[33;1m[WARNING][0m Current board equals previous board (move #276)
[32;1m[Board] [0m[33;1m[WARNING][0m Current board equals previous board (move #285)
[32;1m[Board] [0m[33;1m[WARNING][0m Current board equals previous board (move #286)
[32;1m[Board] [0m[33;1m[WARNING][0m Current board equals previous board (move #287)
[32;1m[Board] [0m[33;1m[WARNING][0m Current board equals previous board (move #288)
[32;1m[Board] [0m[33;1m[WARNING][0m Current board equals previous board (move #295)
[32;1m[Board] [0m[33;1m[WARNING][0m Current board equals previous board (move #296)
[32;1m[Board] [0m[33;1m[WARNING][0m Current board equals previous board (move #297)
[32;1m[Board] [0m[33;1m[WARNING][0m Current board equals previous board (move #298)
[32;1m[Board] [0m[33;1m[WARNING][0m Current board equals previous board (move #283)
[32;1m[Board] [0m[33;1m[WARNING][0m Current board equals previous board (move #284)
[32;1m[Board] [0m[33;1m[WARNING][0m Current board equals previous board (move #281)
[32;1m[Board] [0m[33;1m[WARNING][0m Current board equals previous board (move #282)
[32;1m[Board] [0m[33;1m[WARNING][0m [5;1mBlack King in check![0m
[32;1m[Board] [0m[33;1m[WARNING][0m    Threatened by White Bishop (a3)
[32;1m[Board] [0m[33;1m[WARNING][0m [5;1mBlack King in check![0m
[32;1m[Board] [0m[33;1m[WARNING][0m    Threatened by White Rook (d1)
[32;1m[Board] [0m[33;1m[WARNING][0m Current board equals previous board (move #317)
[32;1m[Board] [0m[33;1m[WARNING][0m Current board equals previous board (move #318)
[32;1m[Board] [0m[33;1m[WARNING][0m Current board equals previous board (move #319)
[32;1m[Board] [0m[33;1m[WARNING][0m Current board equals previous board (move #325)
[32;1m[Board] [0m[33;1m[WARNING][0m Current board equals previous board (move #326)
[32;1m[Board] [0m[33;1m[WARNING][0m Current board equals previous board (move #327)
[32;1m[Board] [0m[33;1m[WARNING][0m Current board equals previous board (move #328)
[32;1m[Board] [0m[33;1m[WARNING][0m [5;1mBlack King in check![0m
[32;1m[Board] [0m[33;1m[WARNING][0m    Threatened by White Rook (e2)
[32;1m[Board] [0m[33;1m[WARNING][0m Current board equals previous board (move #337)
[32;1m[Board] [0m[33;1m[WARNING][0m Current board equals previous board (move #338)
[32;1m[Board] [0m[33;1m[WARNING][0m Current board equals previous board (move #339)
[32;1m[Board] [0m[33;1m[WARNING][0m Current board equals previous board (move #340)
[32;1m[Board] [0m[33;1m[WARNING][0m [5;1mBlack King in check![0m
[32;1m[Board] [0m[33;1m[WARNING][0m    Threatened by White Rook (d4)
[32;1m[Board] [0m[33;1m[WARNING][0m [5;1mBlack King in check![0m
[32;1m[Board] [0m[33;1m[WARNING][0m    Threatened by White Rook (c3)
[32;1m[Board] [0m[33;1m[WARNING][0m [5;1mBlack King in check![0m
[32;1m[Board] [0m[33;1m[WARNING][0m    Threatened by White Rook (c3)
[32;1m[Board] [0m[33;1m[WARNING][0m Current board equals previous board (move #353)
[32;1m[Board] [0m[33;1m[WARNING][0m [5;1mBlack King in check![0m
[32;1m[Board] [0m[33;1m[WARNING][0m    Threatened by White Rook (a3)
[32;1m[Board] [0m[33;1m[WARNING][0m [5;1mBlack King in check![0m
[32;1m[Board] [0m[33;1m[WARNING][0m    Threatened by White Rook (d1)
[32;1m[Board] [0m[33;1m[WARNING][0m Current board equals previous board (move #369)
[32;1m[Board] [0m[33;1m[WARNING][0m [5;1mBlack King in check![0m
[32;1m[Board] [0m[33;1m[WARNING][0m    Threatened by White Rook (b1)
[32;1m[Board] [0m[33;1m[WARNING][0m [5;1mBlack King in check![0m
[32;1m[Board] [0m[33;1m[WARNING][0m    Threatened by White Rook (c1)
[32;1m[Board] [0m[33;1m[WARNING][0m Current board equals previous board (move #359)
[32;1m[Board] [0m[33;1m[WARNING][0m Current board equals previous board (move #324)
[32;1m[Board] [0m[33;1m[WARNING][0m [5;1mBlack King in check![0m
[32;1m[Board] [0m[33;1m[WARNING][0m    Threatened by White Rook (b3)
[32;1m[Board] [0m[33;1m[WARNING][0m Current board equals previous board (move #363)
[32;1m[Board] [0m[33;1m[WARNING][0m Current board equals previous board (move #364)
[32;1m[Board] [0m[33;1m[WARNING][0m Current board equals previous board (move #365)
[32;1m[Board] [0m[33;1m[WARNING][0m Current board equals previous board (move #366)
[32;1m[Board] [0m[33;1m[WARNING][0m Current board equals previous board (move #367)
[32;1m[Board] [0m[33;1m[WARNING][0m [5;1mBlack King in check![0m
[32;1m[Board] [0m[33;1m[WARNING][0m    Threatened by White Rook (d1)
[32;1m[Board] [0m[33;1m[WARNING][0m Current board equals previous board (move #368)
[32;1m[Board] [0m[33;1m[WARNING][0m Current board equals previous board (move #368)
[32;1m[Board] [0m[33;1m[WARNING][0m Current board equals previous board (move #390)
[32;1m[Board] [0m[33;1m[WARNING][0m [5;1mThe current board occurred at least 3 times already :([0m
[32;1m[Board] [0m[33;1m[WARNING][0m Draw! Game over.
