=== Chess Engine Starting ===
Overhead before search: 30ms
About to call findBestMove...
findBestMove: Starting search...
Depth 1 completed in 5ms
Depth 2 completed in 8ms
Depth 3 completed in 16ms
Depth 4 completed in 77ms
Depth 5 completed in 330ms
Depth 6 completed in 2096ms
Search stopped at depth 7 after 9000ms
Total search time: 9000ms
findBestMove returned, bestMove: g8f6
Total program time: 9030ms
=== Chess Engine Starting ===
Overhead before search: 36ms
About to call findBestMove...
findBestMove: Starting search...
Depth 1 completed in 4ms
Depth 2 completed in 7ms
Depth 3 completed in 16ms
Depth 4 completed in 97ms
Depth 5 completed in 566ms
Depth 6 completed in 3173ms
Search stopped at depth 7 after 9000ms
Total search time: 9000ms
findBestMove returned, bestMove: b8c6
Total program time: 9036ms
=== Chess Engine Starting ===
Overhead before search: 30ms
About to call findBestMove...
findBestMove: Starting search...
Depth 1 completed in 6ms
Depth 2 completed in 16ms
Depth 3 completed in 32ms
Depth 4 completed in 168ms
Depth 5 completed in 946ms
Depth 6 completed in 4780ms
Search stopped at depth 7 after 9000ms
Total search time: 9000ms
findBestMove returned, bestMove: d7d5
Total program time: 9030ms
=== Chess Engine Starting ===
Overhead before search: 30ms
About to call findBestMove...
findBestMove: Starting search...
Depth 1 completed in 6ms
Depth 2 completed in 18ms
Depth 3 completed in 38ms
Depth 4 completed in 189ms
Depth 5 completed in 751ms
Depth 6 completed in 3859ms
Search stopped at depth 7 after 9000ms
Total search time: 9000ms
findBestMove returned, bestMove: c8g4
Total program time: 9030ms
=== Chess Engine Starting ===
Overhead before search: 31ms
About to call findBestMove...
findBestMove: Starting search...
Depth 1 completed in 6ms
Depth 2 completed in 13ms
Depth 3 completed in 70ms
Depth 4 completed in 366ms
Depth 5 completed in 1549ms
Search stopped at depth 6 after 9000ms
Total search time: 9000ms
findBestMove returned, bestMove: d5c4
Total program time: 9031ms
=== Chess Engine Starting ===
Overhead before search: 30ms
About to call findBestMove...
findBestMove: Starting search...
Depth 1 completed in 6ms
Depth 2 completed in 24ms
Depth 3 completed in 102ms
Depth 4 completed in 607ms
Depth 5 completed in 1603ms
Depth 6 completed in 8466ms
Search stopped at depth 7 after 9000ms
Total search time: 9000ms
findBestMove returned, bestMove: d8d4
Total program time: 9030ms
=== Chess Engine Starting ===
Overhead before search: 28ms
About to call findBestMove...
findBestMove: Starting search...
Depth 1 completed in 7ms
Depth 2 completed in 39ms
Depth 3 completed in 109ms
Depth 4 completed in 1149ms
Search stopped at depth 5 after 9000ms
Total search time: 9000ms
findBestMove returned, bestMove: d4e5
Total program time: 9028ms
=== Chess Engine Starting ===
Overhead before search: 27ms
About to call findBestMove...
findBestMove: Starting search...
Depth 1 completed in 5ms
Depth 2 completed in 27ms
Depth 3 completed in 76ms
Depth 4 completed in 1179ms
Depth 5 completed in 3387ms
Search stopped at depth 6 after 9000ms
Total search time: 9000ms
findBestMove returned, bestMove: g4f5
Total program time: 9027ms
=== Chess Engine Starting ===
Overhead before search: 28ms
About to call findBestMove...
findBestMove: Starting search...
Depth 1 completed in 5ms
Depth 2 completed in 15ms
Depth 3 completed in 38ms
Depth 4 completed in 295ms
Depth 5 completed in 1038ms
Depth 6 completed in 7649ms
Search stopped at depth 7 after 9000ms
Total search time: 9000ms
findBestMove returned, bestMove: f5c2
Total program time: 9028ms
[32;1m[Board] [0m[33;1m[WARNING][0m [5;1mWhite King in check![0m
[32;1m[Board] [0m[33;1m[WARNING][0m    Threatened by Black Bishop (c2)
=== Chess Engine Starting ===
Overhead before search: 29ms
About to call findBestMove...
findBestMove: Starting search...
Depth 1 completed in 5ms
Depth 2 completed in 17ms
Depth 3 completed in 88ms
Depth 4 completed in 345ms
Depth 5 completed in 1648ms
Search stopped at depth 6 after 9000ms
Total search time: 9000ms
findBestMove returned, bestMove: e5h5
Total program time: 9029ms
=== Chess Engine Starting ===
Overhead before search: 24ms
About to call findBestMove...
findBestMove: Starting search...
Depth 1 completed in 6ms
Depth 2 completed in 27ms
Depth 3 completed in 52ms
Depth 4 completed in 486ms
Depth 5 completed in 2227ms
Search stopped at depth 6 after 9000ms
Total search time: 9000ms
findBestMove returned, bestMove: c2f5
Total program time: 9024ms
=== Chess Engine Starting ===
Overhead before search: 30ms
About to call findBestMove...
findBestMove: Starting search...
Depth 1 completed in 6ms
Depth 2 completed in 19ms
Depth 3 completed in 45ms
Depth 4 completed in 775ms
Depth 5 completed in 2473ms
Search stopped at depth 6 after 9000ms
Total search time: 9000ms
findBestMove returned, bestMove: c6d4
Total program time: 9030ms
=== Chess Engine Starting ===
Overhead before search: 22ms
About to call findBestMove...
findBestMove: Starting search...
Depth 1 completed in 5ms
Depth 2 completed in 19ms
Depth 3 completed in 33ms
Depth 4 completed in 229ms
Depth 5 completed in 785ms
Depth 6 completed in 5737ms
Search stopped at depth 7 after 9000ms
Total search time: 9000ms
findBestMove returned, bestMove: d4c2
Total program time: 9022ms
[32;1m[Board] [0m[33;1m[WARNING][0m [5;1mWhite King in check![0m
[32;1m[Board] [0m[33;1m[WARNING][0m    Threatened by Black Knight (c2)
=== Chess Engine Starting ===
Overhead before search: 27ms
About to call findBestMove...
findBestMove: Starting search...
Depth 1 completed in 5ms
Depth 2 completed in 16ms
Depth 3 completed in 43ms
Depth 4 completed in 429ms
Depth 5 completed in 975ms
Depth 6 completed in 5947ms
Search stopped at depth 7 after 9000ms
Total search time: 9000ms
findBestMove returned, bestMove: c2a1
Total program time: 9027ms
=== Chess Engine Starting ===
Overhead before search: 21ms
About to call findBestMove...
findBestMove: Starting search...
Depth 1 completed in 4ms
Depth 2 completed in 27ms
Depth 3 completed in 38ms
Depth 4 completed in 207ms
Depth 5 completed in 624ms
Depth 6 completed in 6055ms
Search stopped at depth 7 after 9000ms
Total search time: 9000ms
findBestMove returned, bestMove: f5c2
Total program time: 9021ms
[32;1m[Board] [0m[33;1m[WARNING][0m [5;1mWhite King in check![0m
[32;1m[Board] [0m[33;1m[WARNING][0m    Threatened by Black Bishop (c2)
=== Chess Engine Starting ===
Overhead before search: 21ms
About to call findBestMove...
findBestMove: Starting search...
Depth 1 completed in 4ms
Depth 2 completed in 8ms
Depth 3 completed in 27ms
Depth 4 completed in 222ms
Depth 5 completed in 760ms
Depth 6 completed in 6650ms
Search stopped at depth 7 after 9000ms
Total search time: 9000ms
findBestMove returned, bestMove: c2a4
Total program time: 9021ms
=== Chess Engine Starting ===
Overhead before search: 21ms
About to call findBestMove...
findBestMove: Starting search...
Depth 1 completed in 4ms
Depth 2 completed in 10ms
Depth 3 completed in 27ms
Depth 4 completed in 150ms
Depth 5 completed in 537ms
Depth 6 completed in 3777ms
Search stopped at depth 7 after 9000ms
Total search time: 9000ms
findBestMove returned, bestMove: a1c2
Total program time: 9021ms
[32;1m[Board] [0m[33;1m[WARNING][0m [5;1mWhite King in check![0m
[32;1m[Board] [0m[33;1m[WARNING][0m    Threatened by Black Knight (c2)
=== Chess Engine Starting ===
Overhead before search: 36ms
About to call findBestMove...
findBestMove: Starting search...
Depth 1 completed in 4ms
Depth 2 completed in 10ms
Depth 3 completed in 21ms
Depth 4 completed in 126ms
Depth 5 completed in 469ms
Depth 6 completed in 3481ms
Search stopped at depth 7 after 9000ms
Total search time: 9000ms
findBestMove returned, bestMove: h5d5
Total program time: 9036ms
[32;1m[Board] [0m[33;1m[WARNING][0m [5;1mWhite King in check![0m
[32;1m[Board] [0m[33;1m[WARNING][0m    Threatened by Black Queen (d5)
=== Chess Engine Starting ===
Overhead before search: 34ms
About to call findBestMove...
findBestMove: Starting search...
Depth 1 completed in 3ms
Depth 2 completed in 8ms
Depth 3 completed in 23ms
Depth 4 completed in 195ms
Depth 5 completed in 808ms
Depth 6 completed in 5352ms
Search stopped at depth 7 after 9000ms
Total search time: 9000ms
findBestMove returned, bestMove: d5h1
Total program time: 9034ms
=== Chess Engine Starting ===
Overhead before search: 36ms
About to call findBestMove...
findBestMove: Starting search...
Depth 1 completed in 3ms
Depth 2 completed in 7ms
Depth 3 completed in 19ms
Depth 4 completed in 131ms
Depth 5 completed in 429ms
Depth 6 completed in 2825ms
Depth 7 completed in 8799ms
Search stopped at depth 8 after 9000ms
Total search time: 9000ms
findBestMove returned, bestMove: h1g1
Total program time: 9036ms
=== Chess Engine Starting ===
Overhead before search: 35ms
About to call findBestMove...
findBestMove: Starting search...
Depth 1 completed in 4ms
Depth 2 completed in 6ms
Depth 3 completed in 15ms
Depth 4 completed in 108ms
Depth 5 completed in 360ms
Depth 6 completed in 2438ms
Depth 7 completed in 7614ms
Search stopped at depth 8 after 9000ms
Total search time: 9000ms
findBestMove returned, bestMove: g1f1
Total program time: 9035ms
[32;1m[Board] [0m[33;1m[WARNING][0m [5;1mWhite King in check![0m
[32;1m[Board] [0m[33;1m[WARNING][0m    Threatened by Black Queen (f1)
=== Chess Engine Starting ===
Overhead before search: 34ms
About to call findBestMove...
findBestMove: Starting search...
Depth 1 completed in 3ms
Depth 2 completed in 6ms
Depth 3 completed in 14ms
Depth 4 completed in 90ms
Depth 5 completed in 307ms
Depth 6 completed in 1966ms
Depth 7 completed in 6267ms
Search stopped at depth 8 after 9000ms
Total search time: 9000ms
findBestMove returned, bestMove: f1e1
Total program time: 9034ms
[32;1m[Board] [0m[33;1m[WARNING][0m [5;1mWhite King in checkmate![0m
[32;1m[Board] [0m[33;1m[WARNING][0m The Black player wins!
