=== Chess Engine Starting ===
Overhead before search: 30ms
About to call findBestMove...
findBestMove: Starting search...
Depth 1 completed in 5ms
Depth 2 completed in 7ms
Depth 3 completed in 13ms
Depth 4 completed in 57ms
Depth 5 completed in 194ms
Depth 6 completed in 1395ms
Depth 7 completed in 8223ms
Search stopped at depth 8 after 9000ms
Total search time: 9000ms
findBestMove returned, bestMove: e7e5
Total program time: 9030ms
=== Chess Engine Starting ===
Overhead before search: 32ms
About to call findBestMove...
findBestMove: Starting search...
Depth 1 completed in 4ms
Depth 2 completed in 6ms
Depth 3 completed in 13ms
Depth 4 completed in 110ms
Depth 5 completed in 553ms
Depth 6 completed in 2828ms
Search stopped at depth 7 after 9000ms
Total search time: 9000ms
findBestMove returned, bestMove: b8c6
Total program time: 9032ms
=== Chess Engine Starting ===
Overhead before search: 30ms
About to call findBestMove...
findBestMove: Starting search...
Depth 1 completed in 6ms
Depth 2 completed in 10ms
Depth 3 completed in 25ms
Depth 4 completed in 163ms
Depth 5 completed in 835ms
Depth 6 completed in 5664ms
Search stopped at depth 7 after 9000ms
Total search time: 9000ms
findBestMove returned, bestMove: d7d5
Total program time: 9030ms
=== Chess Engine Starting ===
Overhead before search: 30ms
About to call findBestMove...
findBestMove: Starting search...
Depth 1 completed in 6ms
Depth 2 completed in 14ms
Depth 3 completed in 59ms
Depth 4 completed in 686ms
Depth 5 completed in 2434ms
Search stopped at depth 6 after 9000ms
Total search time: 9000ms
findBestMove returned, bestMove: g8f6
Total program time: 9030ms
=== Chess Engine Starting ===
Overhead before search: 31ms
About to call findBestMove...
findBestMove: Starting search...
Depth 1 completed in 6ms
Depth 2 completed in 20ms
Depth 3 completed in 58ms
Depth 4 completed in 923ms
Depth 5 completed in 3117ms
Search stopped at depth 6 after 9000ms
Total search time: 9000ms
findBestMove returned, bestMove: h7h6
Total program time: 9031ms
=== Chess Engine Starting ===
Overhead before search: 30ms
About to call findBestMove...
findBestMove: Starting search...
Depth 1 completed in 6ms
Depth 2 completed in 16ms
Depth 3 completed in 51ms
Depth 4 completed in 233ms
Depth 5 completed in 1732ms
Depth 6 completed in 6290ms
Search stopped at depth 7 after 9000ms
Total search time: 9000ms
findBestMove returned, bestMove: f8b4
Total program time: 9030ms
[32;1m[Board] [0m[33;1m[WARNING][0m [5;1mWhite King in check![0m
[32;1m[Board] [0m[33;1m[WARNING][0m    Threatened by Black Bishop (b4)
=== Chess Engine Starting ===
Overhead before search: 30ms
About to call findBestMove...
findBestMove: Starting search...
Depth 1 completed in 6ms
Depth 2 completed in 11ms
Depth 3 completed in 48ms
Depth 4 completed in 192ms
Depth 5 completed in 769ms
Depth 6 completed in 4598ms
Search stopped at depth 7 after 9000ms
Total search time: 9000ms
findBestMove returned, bestMove: h6g5
Total program time: 9030ms
=== Chess Engine Starting ===
Overhead before search: 30ms
About to call findBestMove...
findBestMove: Starting search...
Depth 1 completed in 7ms
Depth 2 completed in 22ms
Depth 3 completed in 119ms
Depth 4 completed in 360ms
Depth 5 completed in 1212ms
Depth 6 completed in 7747ms
Search stopped at depth 7 after 9000ms
Total search time: 9000ms
findBestMove returned, bestMove: d8d6
Total program time: 9030ms
=== Chess Engine Starting ===
Overhead before search: 22ms
About to call findBestMove...
findBestMove: Starting search...
Depth 1 completed in 5ms
Depth 2 completed in 19ms
Depth 3 completed in 61ms
Depth 4 completed in 353ms
Depth 5 completed in 2757ms
Search stopped at depth 6 after 9000ms
Total search time: 9000ms
findBestMove returned, bestMove: c8e6
Total program time: 9022ms
=== Chess Engine Starting ===
Overhead before search: 29ms
About to call findBestMove...
findBestMove: Starting search...
Depth 1 completed in 7ms
Depth 2 completed in 36ms
Depth 3 completed in 67ms
Depth 4 completed in 293ms
Depth 5 completed in 990ms
Depth 6 completed in 6398ms
Search stopped at depth 7 after 9000ms
Total search time: 9000ms
findBestMove returned, bestMove: b4c3
Total program time: 9029ms
[32;1m[Board] [0m[33;1m[WARNING][0m [5;1mWhite King in check![0m
[32;1m[Board] [0m[33;1m[WARNING][0m    Threatened by Black Bishop (c3)
=== Chess Engine Starting ===
Overhead before search: 29ms
About to call findBestMove...
findBestMove: Starting search...
Depth 1 completed in 6ms
Depth 2 completed in 26ms
Depth 3 completed in 75ms
Depth 4 completed in 437ms
Depth 5 completed in 1604ms
Search stopped at depth 6 after 9000ms
Total search time: 9000ms
findBestMove returned, bestMove: d5d4
Total program time: 9029ms
=== Chess Engine Starting ===
Overhead before search: 22ms
About to call findBestMove...
findBestMove: Starting search...
Depth 1 completed in 4ms
Depth 2 completed in 14ms
Depth 3 completed in 35ms
Depth 4 completed in 245ms
Depth 5 completed in 764ms
Depth 6 completed in 5530ms
Search stopped at depth 7 after 9000ms
Total search time: 9000ms
findBestMove returned, bestMove: d4c3
Total program time: 9022ms
=== Chess Engine Starting ===
Overhead before search: 30ms
About to call findBestMove...
findBestMove: Starting search...
Depth 1 completed in 6ms
Depth 2 completed in 14ms
Depth 3 completed in 46ms
Depth 4 completed in 351ms
Depth 5 completed in 1281ms
Depth 6 completed in 8524ms
Search stopped at depth 7 after 9000ms
Total search time: 9000ms
findBestMove returned, bestMove: d6a3
Total program time: 9030ms
=== Chess Engine Starting ===
Overhead before search: 21ms
About to call findBestMove...
findBestMove: Starting search...
Depth 1 completed in 4ms
Depth 2 completed in 13ms
Depth 3 completed in 32ms
Depth 4 completed in 283ms
Depth 5 completed in 852ms
Search stopped at depth 6 after 9000ms
Total search time: 9000ms
findBestMove returned, bestMove: a3b2
Total program time: 9021ms
=== Chess Engine Starting ===
Overhead before search: 21ms
About to call findBestMove...
findBestMove: Starting search...
Depth 1 completed in 4ms
Depth 2 completed in 11ms
Depth 3 completed in 25ms
Depth 4 completed in 152ms
Depth 5 completed in 500ms
Depth 6 completed in 3055ms
Search stopped at depth 7 after 9000ms
Total search time: 9000ms
findBestMove returned, bestMove: b2a2
Total program time: 9021ms
=== Chess Engine Starting ===
Overhead before search: 22ms
About to call findBestMove...
findBestMove: Starting search...
Depth 1 completed in 4ms
Depth 2 completed in 9ms
Depth 3 completed in 25ms
Depth 4 completed in 209ms
Depth 5 completed in 811ms
Depth 6 completed in 6220ms
Search stopped at depth 7 after 9000ms
Total search time: 9000ms
findBestMove returned, bestMove: a2c2
Total program time: 9022ms
=== Chess Engine Starting ===
Overhead before search: 31ms
About to call findBestMove...
findBestMove: Starting search...
Depth 1 completed in 4ms
Depth 2 completed in 8ms
Depth 3 completed in 22ms
Depth 4 completed in 158ms
Depth 5 completed in 606ms
Depth 6 completed in 4381ms
Search stopped at depth 7 after 9000ms
Total search time: 9000ms
findBestMove returned, bestMove: c2d2
Total program time: 9031ms
[32;1m[Board] [0m[33;1m[WARNING][0m [5;1mWhite King in checkmate![0m
[32;1m[Board] [0m[33;1m[WARNING][0m The Black player wins!
