e7e6
Negamax calls: 100000, Time elapsed: 8.9861s
Depth: 6 Current Score: -23
Best Move so far: 104637 with score -23
Depth: 8 Current Score: 1000000000
f8c5
Negamax calls: 100000, Time elapsed: 7.8062s
Depth: 6 Current Score: -23
Best Move so far: 101694 with score -23
Depth: 8 Current Score: 1000000000
g8e7
Negamax calls: 100000, Time elapsed: 8.17241s
Depth: 6 Current Score: 72
Best Move so far: 101049 with score 72
Depth: 8 Current Score: 1000000000
b8c6
Negamax calls: 100000, Time elapsed: 8.93135s
Depth: 6 Current Score: 1000000000
Best Move so far: 102268 with score 1000000000
Depth: 8 Current Score: 1000000000
e8f8
Negamax calls: 100000, Time elapsed: 9.05279s
Depth: 6 Current Score: 42
Best Move so far: 100595 with score 42
Depth: 8 Current Score: 1000000000
d7d5
Depth: 6 Current Score: 56
Best Move so far: 101090 with score 56
Depth: 8 Current Score: 1000000000
c5d6
Depth: 6 Current Score: 905
Best Move so far: 102203 with score 905
Depth: 8 Current Score: 1000000000
d8e8
Depth: 6 Current Score: -2
Best Move so far: 101628 with score -2
Depth: 8 Current Score: 1000000000
e8d7
Depth: 6 Current Score: 377
Best Move so far: 102008 with score 377
Depth: 8 Current Score: 1000000000
a8b8
Depth: 6 Current Score: 412
Best Move so far: 104170 with score 412
Depth: 8 Current Score: 1000000000
c6d4
Negamax calls: 100000, Time elapsed: 7.26718s
Depth: 6 Current Score: 422
Best Move so far: 104099 with score 422
Depth: 8 Current Score: 1000000000
d5c4
Depth: 6 Current Score: 663
Best Move so far: 104299 with score 663
Depth: 8 Current Score: 1000000000
d6f4
Negamax calls: 100000, Time elapsed: 9.03745s
Depth: 6 Current Score: 1588
Best Move so far: 103709 with score 1588
Depth: 8 Current Score: 1000000000
f4e3
Negamax calls: 100000, Time elapsed: 7.11054s
Depth: 6 Current Score: 999999999
Best Move so far: 98971 with score 999999999
Depth: 8 Current Score: 999999999
d4c2
[32;1m[Board] [0m[33;1m[WARNING][0m [5;1mWhite King in checkmate![0m
[32;1m[Board] [0m[33;1m[WARNING][0m The Black player wins!
