Negamax calls: 100000, Time elapsed: 4.41431s
Negamax calls: 200000, Time elapsed: 9.05706s
Depth: 6 Current Score: -178
Best Move so far: 101246 with score -178
Depth: 8 Current Score: 1000000000
g8f6
Negamax calls: 100000, Time elapsed: 4.57612s
Negamax calls: 200000, Time elapsed: 8.9947s
Depth: 6 Current Score: -208
Best Move so far: 100141 with score -208
Depth: 8 Current Score: 1000000000
f6e4
Negamax calls: 100000, Time elapsed: 4.38981s
Negamax calls: 200000, Time elapsed: 8.63464s
Depth: 6 Current Score: -250
Best Move so far: 101049 with score -250
Depth: 8 Current Score: 1000000000
b8c6
Negamax calls: 100000, Time elapsed: 4.48929s
Negamax calls: 200000, Time elapsed: 8.98451s
Depth: 6 Current Score: -272
Best Move so far: 100400 with score -272
Depth: 8 Current Score: 1000000000
a7a5
Negamax calls: 100000, Time elapsed: 4.49715s
Negamax calls: 200000, Time elapsed: 9.07269s
Depth: 6 Current Score: -91
Best Move so far: 104032 with score -91
Depth: 8 Current Score: 1000000000
a5b4
Negamax calls: 100000, Time elapsed: 4.41104s
Negamax calls: 200000, Time elapsed: 8.9155s
Depth: 6 Current Score: 316
Best Move so far: 103449 with score 316
Depth: 8 Current Score: 1000000000
b4a3
Negamax calls: 100000, Time elapsed: 4.19423s
Negamax calls: 200000, Time elapsed: 8.44818s
Depth: 6 Current Score: 1217
Best Move so far: 102992 with score 1217
Depth: 8 Current Score: 1000000000
a3b2
Negamax calls: 100000, Time elapsed: 4.23439s
Negamax calls: 200000, Time elapsed: 8.25253s
Depth: 6 Current Score: 1178
Best Move so far: 127113 with score 1178
Depth: 8 Current Score: 1000000000
b2c1q
Negamax calls: 100000, Time elapsed: 2.96812s
Negamax calls: 200000, Time elapsed: 6.80444s
Depth: 6 Current Score: 999999997
Best Move so far: 103554 with score 999999997
Depth: 8 Current Score: 1000000000
c1c3
[32;1m[Board] [0m[33;1m[WARNING][0m [5;1mWhite King in check![0m
[32;1m[Board] [0m[33;1m[WARNING][0m    Threatened by Black Queen (c3)
Negamax calls: 100000, Time elapsed: 3.80371s
Negamax calls: 200000, Time elapsed: 7.7201s
Depth: 6 Current Score: 999999999
Best Move so far: 103122 with score 999999999
Depth: 8 Current Score: 1000000000
c3d2
[32;1m[Board] [0m[33;1m[WARNING][0m [5;1mWhite King in checkmate![0m
[32;1m[Board] [0m[33;1m[WARNING][0m The Black player wins!
