=== Chess Engine Starting ===
Overhead before search: 23ms
About to call findBestMove...
findBestMove: Starting search...
Depth 1 completed in 6ms
Depth 2 completed in 7ms
Depth 3 completed in 9ms
Depth 4 completed in 23ms
Depth 5 completed in 42ms
Depth 6 completed in 118ms
Depth 7 completed in 314ms
Depth 8 completed in 1439ms
Depth 9 completed in 4348ms
Search stopped at depth 10 after 9000ms
Total search time: 9000ms
findBestMove returned, bestMove: b1c3
Total program time: 9023ms
Move count: 20 → chosen depth: 4
time for move generation: 2723 ms
=== Chess Engine Starting ===
Overhead before search: 51ms
About to call findBestMove...
findBestMove: Starting search...
Depth 1 completed in 13ms
Depth 2 completed in 19ms
Depth 3 completed in 39ms
Depth 4 completed in 186ms
Depth 5 completed in 305ms
Depth 6 completed in 606ms
Depth 7 completed in 874ms
Depth 8 completed in 2045ms
Depth 9 completed in 3618ms
Search stopped at depth 10 after 9000ms
Total search time: 9000ms
findBestMove returned, bestMove: e2e3
Total program time: 9051ms
Move count: 28 → chosen depth: 4
time for move generation: 9002 ms
=== Chess Engine Starting ===
Overhead before search: 26ms
About to call findBestMove...
findBestMove: Starting search...
Depth 1 completed in 7ms
Depth 2 completed in 12ms
Depth 3 completed in 37ms
Depth 4 completed in 139ms
Depth 5 completed in 186ms
Depth 6 completed in 721ms
Depth 7 completed in 1100ms
Depth 8 completed in 5156ms
Depth 9 completed in 7764ms
Search stopped at depth 10 after 9000ms
Total search time: 9000ms
findBestMove returned, bestMove: g1f3
Total program time: 9026ms
Move count: 25 → chosen depth: 4
time for move generation: 9001 ms
=== Chess Engine Starting ===
Overhead before search: 49ms
About to call findBestMove...
findBestMove: Starting search...
Depth 1 completed in 14ms
Depth 2 completed in 21ms
Depth 3 completed in 107ms
Depth 4 completed in 218ms
Depth 5 completed in 381ms
Depth 6 completed in 700ms
Depth 7 completed in 1148ms
Depth 8 completed in 2888ms
Search stopped at depth 9 after 9000ms
Total search time: 9000ms
findBestMove returned, bestMove: d2d4
Total program time: 9049ms
Move count: 23 → chosen depth: 4
time for move generation: 9002 ms
=== Chess Engine Starting ===
Overhead before search: 51ms
About to call findBestMove...
findBestMove: Starting search...
Depth 1 completed in 13ms
Depth 2 completed in 40ms
Depth 3 completed in 86ms
Depth 4 completed in 287ms
Depth 5 completed in 334ms
Depth 6 completed in 942ms
Depth 7 completed in 1453ms
Depth 8 completed in 4770ms
Search stopped at depth 9 after 9000ms
Total search time: 9000ms
findBestMove returned, bestMove: e3e4
Total program time: 9054ms
Move count: 26 → chosen depth: 4
time for move generation: 9008 ms
=== Chess Engine Starting ===
Overhead before search: 51ms
About to call findBestMove...
findBestMove: Starting search...
Depth 1 completed in 14ms
Depth 2 completed in 42ms
Depth 3 completed in 95ms
Depth 4 completed in 288ms
Depth 5 completed in 538ms
Depth 6 completed in 1016ms
Depth 7 completed in 1659ms
Depth 8 completed in 2416ms
Depth 9 completed in 5064ms
Search stopped at depth 10 after 9000ms
Total search time: 9000ms
findBestMove returned, bestMove: c3e4
Total program time: 9051ms
Move count: 27 → chosen depth: 4
time for move generation: 9004 ms
=== Chess Engine Starting ===
Overhead before search: 51ms
About to call findBestMove...
findBestMove: Starting search...
Depth 1 completed in 16ms
Depth 2 completed in 43ms
Depth 3 completed in 77ms
Depth 4 completed in 131ms
Depth 5 completed in 173ms
Depth 6 completed in 438ms
Depth 7 completed in 631ms
Depth 8 completed in 1402ms
Depth 9 completed in 2642ms
Depth 10 completed in 7619ms
Search stopped at depth 11 after 9000ms
Total search time: 9000ms
findBestMove returned, bestMove: d1d4
Total program time: 9051ms
Move count: 22 → chosen depth: 4
time for move generation: 5351 ms
=== Chess Engine Starting ===
Overhead before search: 24ms
About to call findBestMove...
findBestMove: Starting search...
Depth 1 completed in 8ms
Depth 2 completed in 18ms
Depth 3 completed in 120ms
Depth 4 completed in 249ms
Depth 5 completed in 323ms
Depth 6 completed in 1641ms
Depth 7 completed in 2270ms
Depth 8 completed in 5541ms
Depth 9 completed in 6362ms
Search stopped at depth 10 after 9000ms
Total search time: 9000ms
findBestMove returned, bestMove: e4f6
Total program time: 9025ms
[32;1m[Board] [0m[33;1m[WARNING][0m [5;1mBlack King in check![0m
[32;1m[Board] [0m[33;1m[WARNING][0m    Threatened by White Knight (f6)
Move count: 3 → chosen depth: 4
time for move generation: 2176 ms
=== Chess Engine Starting ===
Overhead before search: 25ms
About to call findBestMove...
findBestMove: Starting search...
Depth 1 completed in 7ms
Depth 2 completed in 38ms
Depth 3 completed in 84ms
Depth 4 completed in 402ms
Depth 5 completed in 568ms
Depth 6 completed in 2414ms
Depth 7 completed in 3210ms
Depth 8 completed in 7547ms
Search stopped at depth 9 after 9000ms
Total search time: 9000ms
findBestMove returned, bestMove: d4f4
Total program time: 9025ms
Move count: 24 → chosen depth: 4
time for move generation: 7543 ms
=== Chess Engine Starting ===
Overhead before search: 25ms
About to call findBestMove...
findBestMove: Starting search...
Depth 1 completed in 10ms
Depth 2 completed in 38ms
Depth 3 completed in 189ms
Depth 4 completed in 662ms
Depth 5 completed in 878ms
Depth 6 completed in 1358ms
Depth 7 completed in 2424ms
Depth 8 completed in 3873ms
Depth 9 completed in 5123ms
Search stopped at depth 10 after 9000ms
Total search time: 9000ms
findBestMove returned, bestMove: f1a6
Total program time: 9025ms
Move count: 28 → chosen depth: 4
time for move generation: 9005 ms
=== Chess Engine Starting ===
Overhead before search: 47ms
About to call findBestMove...
findBestMove: Starting search...
Depth 1 completed in 18ms
Depth 2 completed in 40ms
Depth 3 completed in 76ms
Depth 4 completed in 93ms
Depth 5 completed in 122ms
Depth 6 completed in 224ms
Depth 7 completed in 634ms
Depth 8 completed in 761ms
Depth 9 completed in 1427ms
Depth 10 completed in 3818ms
Search stopped at depth 11 after 9000ms
Total search time: 9000ms
findBestMove returned, bestMove: f4c4
Total program time: 9047ms
Move count: 26 → chosen depth: 4
time for move generation: 5474 ms
=== Chess Engine Starting ===
Overhead before search: 37ms
About to call findBestMove...
findBestMove: Starting search...
Depth 1 completed in 14ms
Depth 2 completed in 21ms
Depth 3 completed in 86ms
Depth 4 completed in 157ms
Depth 5 completed in 407ms
Depth 6 completed in 460ms
Depth 7 completed in 656ms
Depth 8 completed in 685ms
Depth 9 completed in 1619ms
Depth 10 completed in 3941ms
Search stopped at depth 11 after 9000ms
Total search time: 9000ms
findBestMove returned, bestMove: c4c6
Total program time: 9038ms
[32;1m[Board] [0m[33;1m[WARNING][0m [5;1mBlack King in check![0m
[32;1m[Board] [0m[33;1m[WARNING][0m    Threatened by White Queen (c6)
Move count: 3 → chosen depth: 4
time for move generation: 951 ms
=== Chess Engine Starting ===
Overhead before search: 51ms
About to call findBestMove...
findBestMove: Starting search...
Depth 1 completed in 13ms
Depth 2 completed in 28ms
Depth 3 completed in 88ms
Depth 4 completed in 275ms
Depth 5 completed in 389ms
Depth 6 completed in 520ms
Depth 7 completed in 966ms
Depth 8 completed in 1104ms
Depth 9 completed in 2166ms
Depth 10 completed in 3086ms
Depth 11 completed in 6888ms
Search stopped at depth 12 after 9000ms
Total search time: 9000ms
findBestMove returned, bestMove: c6a8
Total program time: 9051ms
Move count: 30 → chosen depth: 4
time for move generation: 7925 ms
=== Chess Engine Starting ===
Overhead before search: 28ms
About to call findBestMove...
findBestMove: Starting search...
Depth 1 completed in 7ms
Depth 2 completed in 27ms
Depth 3 completed in 59ms
Depth 4 completed in 73ms
Depth 5 completed in 104ms
Depth 6 completed in 253ms
Depth 7 completed in 491ms
Depth 8 completed in 1237ms
Depth 9 completed in 1520ms
Depth 10 completed in 3130ms
Depth 11 completed in 4404ms
Search stopped at depth 12 after 9000ms
Total search time: 9000ms
findBestMove returned, bestMove: f3g1
Total program time: 9028ms
Move count: 28 → chosen depth: 4
time for move generation: 2092 ms
[32;1m[Board] [0m[33;1m[WARNING][0m [5;1mWhite King in check![0m
[32;1m[Board] [0m[33;1m[WARNING][0m    Threatened by Black Rook (g1)
=== Chess Engine Starting ===
Overhead before search: 29ms
About to call findBestMove...
findBestMove: Starting search...
Depth 1 completed in 13ms
Depth 2 completed in 20ms
Depth 3 completed in 26ms
Depth 4 completed in 38ms
Depth 5 completed in 53ms
Depth 6 completed in 103ms
Depth 7 completed in 155ms
Depth 8 completed in 574ms
Depth 9 completed in 826ms
Depth 10 completed in 2055ms
Depth 11 completed in 2921ms
Search stopped at depth 12 after 9000ms
Total search time: 9000ms
findBestMove returned, bestMove: h1g1
Total program time: 9029ms
Move count: 18 → chosen depth: 4
time for move generation: 1176 ms
=== Chess Engine Starting ===
Overhead before search: 51ms
About to call findBestMove...
findBestMove: Starting search...
Depth 1 completed in 13ms
Depth 2 completed in 22ms
Depth 3 completed in 67ms
Depth 4 completed in 167ms
Depth 5 completed in 294ms
Depth 6 completed in 525ms
Depth 7 completed in 954ms
Depth 8 completed in 1217ms
Depth 9 completed in 1478ms
Depth 10 completed in 2011ms
Depth 11 completed in 7676ms
Search stopped at depth 12 after 9000ms
Total search time: 9000ms
findBestMove returned, bestMove: a8a7
Total program time: 9051ms
Move count: 18 → chosen depth: 4
time for move generation: 1368 ms
=== Chess Engine Starting ===
Overhead before search: 55ms
About to call findBestMove...
findBestMove: Starting search...
Depth 1 completed in 13ms
Depth 2 completed in 20ms
Depth 3 completed in 75ms
Depth 4 completed in 189ms
Depth 5 completed in 282ms
Depth 6 completed in 364ms
Depth 7 completed in 525ms
Depth 8 completed in 583ms
Depth 9 completed in 1213ms
Depth 10 completed in 4487ms
Search stopped at depth 11 after 9000ms
Total search time: 9000ms
findBestMove returned, bestMove: a7b8
Total program time: 9055ms
Move count: 21 → chosen depth: 4
time for move generation: 3937 ms
=== Chess Engine Starting ===
Overhead before search: 40ms
About to call findBestMove...
findBestMove: Starting search...
Depth 1 completed in 16ms
Depth 2 completed in 22ms
Depth 3 completed in 66ms
Depth 4 completed in 68ms
Depth 5 completed in 86ms
Depth 6 completed in 131ms
Depth 7 completed in 227ms
Depth 8 completed in 227ms
Depth 9 completed in 514ms
Depth 10 completed in 575ms
Depth 11 completed in 1129ms
Depth 12 completed in 1378ms
Depth 13 completed in 3266ms
Depth 14 completed in 3724ms
Depth 15 completed in 8265ms
Search stopped at depth 16 after 9000ms
Total search time: 9000ms
findBestMove returned, bestMove: b8g8
Total program time: 9040ms
[32;1m[Board] [0m[33;1m[WARNING][0m [5;1mBlack King in check![0m
[32;1m[Board] [0m[33;1m[WARNING][0m    Threatened by White Queen (g8)
Move count: 1 → chosen depth: 4
time for move generation: 865 ms
=== Chess Engine Starting ===
Overhead before search: 51ms
About to call findBestMove...
findBestMove: Starting search...
Depth 1 completed in 13ms
Depth 2 completed in 19ms
Depth 3 completed in 73ms
Depth 4 completed in 78ms
Depth 5 completed in 100ms
Depth 6 completed in 185ms
Depth 7 completed in 349ms
Depth 8 completed in 349ms
Depth 9 completed in 874ms
Depth 10 completed in 938ms
Depth 11 completed in 2013ms
Depth 12 completed in 2442ms
Depth 13 completed in 6669ms
Depth 14 completed in 8001ms
Search stopped at depth 15 after 9000ms
Total search time: 9000ms
findBestMove returned, bestMove: g1g7
Total program time: 9051ms
[32;1m[Board] [0m[33;1m[WARNING][0m [5;1mBlack King in checkmate![0m
[32;1m[Board] [0m[33;1m[WARNING][0m The White player wins!
