=== Chess Engine Starting ===
Overhead before search: 24ms
About to call findBestMove...
findBestMove: Starting search...
Depth 1 completed in 6ms
Depth 2 completed in 7ms
Depth 3 completed in 9ms
Depth 4 completed in 24ms
Depth 5 completed in 43ms
Depth 6 completed in 123ms
Depth 7 completed in 326ms
Depth 8 completed in 1396ms
Depth 9 completed in 3780ms
Search stopped at depth 10 after 9000ms
Total search time: 9000ms
findBestMove returned, bestMove: b1c3
Total program time: 9024ms
=== Chess Engine Starting ===
Overhead before search: 25ms
About to call findBestMove...
findBestMove: Starting search...
Depth 1 completed in 6ms
Depth 2 completed in 8ms
Depth 3 completed in 19ms
Depth 4 completed in 57ms
Depth 5 completed in 92ms
Depth 6 completed in 402ms
Depth 7 completed in 1256ms
Depth 8 completed in 2348ms
Depth 9 completed in 3356ms
Search stopped at depth 10 after 9000ms
Total search time: 9000ms
findBestMove returned, bestMove: d2d4
Total program time: 9025ms
=== Chess Engine Starting ===
Overhead before search: 24ms
About to call findBestMove...
findBestMove: Starting search...
Depth 1 completed in 6ms
Depth 2 completed in 12ms
Depth 3 completed in 22ms
Depth 4 completed in 134ms
Depth 5 completed in 163ms
Depth 6 completed in 379ms
Depth 7 completed in 835ms
Depth 8 completed in 1928ms
Depth 9 completed in 3460ms
Search stopped at depth 10 after 9000ms
Total search time: 9000ms
findBestMove returned, bestMove: c1g5
Total program time: 9024ms
=== Chess Engine Starting ===
Overhead before search: 25ms
About to call findBestMove...
findBestMove: Starting search...
Depth 1 completed in 7ms
Depth 2 completed in 14ms
Depth 3 completed in 33ms
Depth 4 completed in 85ms
Depth 5 completed in 196ms
Depth 6 completed in 614ms
Depth 7 completed in 1680ms
Depth 8 completed in 3216ms
Depth 9 completed in 5477ms
Search stopped at depth 10 after 9000ms
Total search time: 9000ms
findBestMove returned, bestMove: e2e4
Total program time: 9025ms
=== Chess Engine Starting ===
Overhead before search: 25ms
About to call findBestMove...
findBestMove: Starting search...
Depth 1 completed in 9ms
Depth 2 completed in 15ms
Depth 3 completed in 83ms
Depth 4 completed in 144ms
Depth 5 completed in 422ms
Depth 6 completed in 720ms
Depth 7 completed in 2335ms
Depth 8 completed in 3154ms
Search stopped at depth 9 after 9000ms
Total search time: 9000ms
findBestMove returned, bestMove: d1h5
Total program time: 9025ms
[32;1m[Board] [0m[33;1m[WARNING][0m [5;1mBlack King in check![0m
[32;1m[Board] [0m[33;1m[WARNING][0m    Threatened by White Queen (h5)
=== Chess Engine Starting ===
Overhead before search: 25ms
About to call findBestMove...
findBestMove: Starting search...
Depth 1 completed in 7ms
Depth 2 completed in 23ms
Depth 3 completed in 83ms
Depth 4 completed in 354ms
Depth 5 completed in 558ms
Depth 6 completed in 2024ms
Depth 7 completed in 3752ms
Depth 8 completed in 7562ms
Search stopped at depth 9 after 9000ms
Total search time: 9000ms
findBestMove returned, bestMove: h5h3
Total program time: 9026ms
=== Chess Engine Starting ===
Overhead before search: 25ms
About to call findBestMove...
findBestMove: Starting search...
Depth 1 completed in 9ms
Depth 2 completed in 14ms
Depth 3 completed in 56ms
Depth 4 completed in 123ms
Depth 5 completed in 679ms
Depth 6 completed in 1000ms
Depth 7 completed in 1786ms
Depth 8 completed in 2172ms
Depth 9 completed in 6282ms
Search stopped at depth 10 after 9000ms
Total search time: 9000ms
findBestMove returned, bestMove: g5d8
Total program time: 9025ms
=== Chess Engine Starting ===
Overhead before search: 25ms
About to call findBestMove...
findBestMove: Starting search...
Depth 1 completed in 14ms
Depth 2 completed in 29ms
Depth 3 completed in 73ms
Depth 4 completed in 157ms
Depth 5 completed in 285ms
Depth 6 completed in 1030ms
Depth 7 completed in 1604ms
Depth 8 completed in 2727ms
Search stopped at depth 9 after 9000ms
Total search time: 9000ms
findBestMove returned, bestMove: d8f6
Total program time: 9025ms
=== Chess Engine Starting ===
Overhead before search: 26ms
About to call findBestMove...
findBestMove: Starting search...
Depth 1 completed in 7ms
Depth 2 completed in 23ms
Depth 3 completed in 57ms
Depth 4 completed in 75ms
Depth 5 completed in 177ms
Depth 6 completed in 403ms
Depth 7 completed in 1089ms
Depth 8 completed in 2017ms
Depth 9 completed in 3555ms
Depth 10 completed in 7853ms
Search stopped at depth 11 after 9000ms
Total search time: 9000ms
findBestMove returned, bestMove: f6g7
Total program time: 9026ms
=== Chess Engine Starting ===
Overhead before search: 25ms
About to call findBestMove...
findBestMove: Starting search...
Depth 1 completed in 7ms
Depth 2 completed in 25ms
Depth 3 completed in 53ms
Depth 4 completed in 107ms
Depth 5 completed in 148ms
Depth 6 completed in 361ms
Depth 7 completed in 1229ms
Depth 8 completed in 1737ms
Depth 9 completed in 3338ms
Depth 10 completed in 5923ms
Search stopped at depth 11 after 9000ms
Total search time: 9000ms
findBestMove returned, bestMove: g7h8
Total program time: 9026ms
=== Chess Engine Starting ===
Overhead before search: 25ms
About to call findBestMove...
findBestMove: Starting search...
Depth 1 completed in 6ms
Depth 2 completed in 17ms
Depth 3 completed in 37ms
Depth 4 completed in 52ms
Depth 5 completed in 71ms
Depth 6 completed in 126ms
Depth 7 completed in 257ms
Depth 8 completed in 322ms
Depth 9 completed in 838ms
Depth 10 completed in 1474ms
Depth 11 completed in 5967ms
Search stopped at depth 12 after 9000ms
Total search time: 9000ms
findBestMove returned, bestMove: d4c5
Total program time: 9025ms
=== Chess Engine Starting ===
Overhead before search: 17ms
About to call findBestMove...
findBestMove: Starting search...
Depth 1 completed in 4ms
Depth 2 completed in 8ms
Depth 3 completed in 28ms
Depth 4 completed in 50ms
Depth 5 completed in 76ms
Depth 6 completed in 132ms
Depth 7 completed in 298ms
Depth 8 completed in 349ms
Depth 9 completed in 951ms
Depth 10 completed in 2449ms
Search stopped at depth 11 after 9000ms
Total search time: 9000ms
findBestMove returned, bestMove: h3h6
Total program time: 9017ms
=== Chess Engine Starting ===
Overhead before search: 17ms
About to call findBestMove...
findBestMove: Starting search...
Depth 1 completed in 5ms
Depth 2 completed in 10ms
Depth 3 completed in 44ms
Depth 4 completed in 72ms
Depth 5 completed in 109ms
Depth 6 completed in 156ms
Depth 7 completed in 568ms
Depth 8 completed in 589ms
Depth 9 completed in 1194ms
Depth 10 completed in 4700ms
Search stopped at depth 11 after 9000ms
Total search time: 9000ms
findBestMove returned, bestMove: h6f8
Total program time: 9017ms
=== Chess Engine Starting ===
Overhead before search: 18ms
About to call findBestMove...
findBestMove: Starting search...
Depth 1 completed in 4ms
Depth 2 completed in 11ms
Depth 3 completed in 50ms
Depth 4 completed in 52ms
Depth 5 completed in 78ms
Depth 6 completed in 180ms
Depth 7 completed in 577ms
Depth 8 completed in 577ms
Depth 9 completed in 1658ms
Depth 10 completed in 1776ms
Depth 11 completed in 6243ms
Depth 12 completed in 6856ms
Search stopped at depth 13 after 9000ms
Total search time: 9000ms
findBestMove returned, bestMove: f8f7
Total program time: 9018ms
[32;1m[Board] [0m[33;1m[WARNING][0m [5;1mBlack King in check![0m
[32;1m[Board] [0m[33;1m[WARNING][0m    Threatened by White Queen (f7)
=== Chess Engine Starting ===
Overhead before search: 28ms
About to call findBestMove...
findBestMove: Starting search...
Depth 1 completed in 4ms
Depth 2 completed in 6ms
Depth 3 completed in 42ms
Depth 4 completed in 43ms
Depth 5 completed in 59ms
Depth 6 completed in 100ms
Depth 7 completed in 265ms
Depth 8 completed in 265ms
Depth 9 completed in 1059ms
Depth 10 completed in 1143ms
Depth 11 completed in 4092ms
Depth 12 completed in 5971ms
Search stopped at depth 13 after 9000ms
Total search time: 9000ms
findBestMove returned, bestMove: a1d1
Total program time: 9028ms
[32;1m[Board] [0m[33;1m[WARNING][0m [5;1mBlack King in checkmate![0m
[32;1m[Board] [0m[33;1m[WARNING][0m The White player wins!
