Position history: 2 positions tracked
Position history: 4 positions tracked
Static eval for side to move: -116
Completed depth 1 (score: 0)
Completed depth 2 (score: -101)
Completed depth 3 (score: 0)
Completed depth 4 (score: -69)
Aspiration re-search at depth 5
Completed depth 5 (score: 0)
Aspiration re-search at depth 6
Search aborted at depth 6
Position history: 6 positions tracked
Static eval for side to move: -101
Completed depth 1 (score: 0)
Completed depth 2 (score: -69)
Completed depth 3 (score: 0)
Completed depth 4 (score: -80)
Aspiration re-search at depth 5
Completed depth 5 (score: -29)
Search aborted at depth 6
Position history: 8 positions tracked
Static eval for side to move: -83
Completed depth 1 (score: 18)
Completed depth 2 (score: -77)
Completed depth 3 (score: 13)
Completed depth 4 (score: -32)
Completed depth 5 (score: 10)
Search aborted at depth 6
Position history: 10 positions tracked
Static eval for side to move: -77
Completed depth 1 (score: 13)
Completed depth 2 (score: -5)
Completed depth 3 (score: 10)
Completed depth 4 (score: 3)
Completed depth 5 (score: 5)
Search aborted at depth 6
Position history: 12 positions tracked
Static eval for side to move: 33
Completed depth 1 (score: 48)
Completed depth 2 (score: 9)
Completed depth 3 (score: 9)
Completed depth 4 (score: 9)
Search aborted at depth 5
Position history: 14 positions tracked
Static eval for side to move: -25
Completed depth 1 (score: 9)
Completed depth 2 (score: 9)
Completed depth 3 (score: -34)
Completed depth 4 (score: -48)
Search aborted at depth 5
Position history: 16 positions tracked
Static eval for side to move: -46
Completed depth 1 (score: -31)
Completed depth 2 (score: -57)
Completed depth 3 (score: -66)
Completed depth 4 (score: -67)
Completed depth 5 (score: -36)
Search aborted at depth 6
Position history: 18 positions tracked
Static eval for side to move: -61
Completed depth 1 (score: -12)
Completed depth 2 (score: -12)
Completed depth 3 (score: -7)
Completed depth 4 (score: 1)
Completed depth 5 (score: 0)
Search aborted at depth 6
Position history: 20 positions tracked
Static eval for side to move: -12
Completed depth 1 (score: -7)
Completed depth 2 (score: 1)
Completed depth 3 (score: 0)
Completed depth 4 (score: -13)
Completed depth 5 (score: -32)
Completed depth 6 (score: -32)
Search aborted at depth 7
Position history: 22 positions tracked
Static eval for side to move: 22
Completed depth 1 (score: 21)
Completed depth 2 (score: -3)
Completed depth 3 (score: 4)
Completed depth 4 (score: 6)
Search aborted at depth 5
Position history: 24 positions tracked
Static eval for side to move: -119
Completed depth 1 (score: -103)
Completed depth 2 (score: 81)
Completed depth 3 (score: 81)
Search aborted at depth 4
Position history: 26 positions tracked
Static eval for side to move: -83
Completed depth 1 (score: 273)
Completed depth 2 (score: 245)
Completed depth 3 (score: 266)
Completed depth 4 (score: 245)
Completed depth 5 (score: 245)
Search aborted at depth 6
[32;1m[Board] [0m[33;1m[WARNING][0m [5;1mWhite King in check![0m
[32;1m[Board] [0m[33;1m[WARNING][0m    Threatened by Black Knight (h3)
Position history: 28 positions tracked
Static eval for side to move: -72
Completed depth 1 (score: 295)
Completed depth 2 (score: 245)
Completed depth 3 (score: 245)
Completed depth 4 (score: 245)
Search aborted at depth 5
Position history: 30 positions tracked
Static eval for side to move: 16
Completed depth 1 (score: 245)
Completed depth 2 (score: 245)
Search aborted at depth 3
[32;1m[Board] [0m[33;1m[WARNING][0m [5;1mWhite King in check![0m
[32;1m[Board] [0m[33;1m[WARNING][0m    Threatened by Black Bishop (c8)
Position history: 32 positions tracked
Static eval for side to move: -34
Completed depth 1 (score: 245)
Completed depth 2 (score: 245)
Completed depth 3 (score: 337)
Search aborted at depth 4
Position history: 34 positions tracked
Static eval for side to move: 245
Completed depth 1 (score: 374)
Completed depth 2 (score: 384)
Completed depth 3 (score: 384)
Search aborted at depth 4
Position history: 36 positions tracked
Static eval for side to move: 414
Completed depth 1 (score: 414)
Completed depth 2 (score: 456)
Completed depth 3 (score: 456)
Completed depth 4 (score: 466)
Position is clearly winning (eval: 414, search: 466), stopping search.
Position history: 38 positions tracked
Static eval for side to move: 413
Completed depth 1 (score: 485)
Completed depth 2 (score: 498)
Completed depth 3 (score: 500)
Search aborted at depth 4
Position history: 40 positions tracked
Static eval for side to move: 468
Completed depth 1 (score: 548)
Completed depth 2 (score: 494)
Completed depth 3 (score: 494)
Search aborted at depth 4
Position history: 42 positions tracked
Static eval for side to move: 548
Completed depth 1 (score: 578)
Completed depth 2 (score: 533)
Completed depth 3 (score: 546)
Completed depth 4 (score: 553)
Position is clearly winning (eval: 548, search: 553), stopping search.
Position history: 44 positions tracked
Static eval for side to move: 578
Completed depth 1 (score: 591)
Completed depth 2 (score: 596)
Completed depth 3 (score: 596)
Search aborted at depth 4
Position history: 46 positions tracked
Static eval for side to move: 591
Completed depth 1 (score: 700)
Completed depth 2 (score: 655)
Completed depth 3 (score: 655)
Search aborted at depth 4
Position history: 48 positions tracked
Static eval for side to move: 555
Completed depth 1 (score: 655)
Completed depth 2 (score: 655)
Completed depth 3 (score: 668)
Search aborted at depth 4
[32;1m[Board] [0m[33;1m[WARNING][0m [5;1mWhite King in check![0m
[32;1m[Board] [0m[33;1m[WARNING][0m    Threatened by Black Queen (e4)
Position history: 50 positions tracked
Static eval for side to move: 715
Completed depth 1 (score: 797)
Completed depth 2 (score: 797)
Completed depth 3 (score: 827)
Search aborted at depth 4
[32;1m[Board] [0m[33;1m[WARNING][0m [5;1mWhite King in check![0m
[32;1m[Board] [0m[33;1m[WARNING][0m    Threatened by Black Queen (f5)
Position history: 52 positions tracked
Static eval for side to move: 797
Completed depth 1 (score: 827)
Completed depth 2 (score: 781)
Completed depth 3 (score: 787)
Search aborted at depth 4
Position history: 54 positions tracked
Static eval for side to move: 448
Completed depth 1 (score: 904)
Completed depth 2 (score: 904)
Completed depth 3 (score: 969)
Search aborted at depth 4
Position history: 56 positions tracked
Static eval for side to move: 909
Completed depth 1 (score: 1019)
Search aborted at depth 2
[32;1m[Board] [0m[33;1m[WARNING][0m [5;1mWhite King in check![0m
[32;1m[Board] [0m[33;1m[WARNING][0m    Threatened by Black Queen (e6)
Position history: 58 positions tracked
Static eval for side to move: 994
Completed depth 1 (score: 1026)
Search aborted at depth 2
[32;1m[Board] [0m[33;1m[WARNING][0m [5;1mWhite King in check![0m
[32;1m[Board] [0m[33;1m[WARNING][0m    Threatened by Black Queen (d6)
Position history: 60 positions tracked
Static eval for side to move: 920
Completed depth 1 (score: 1818)
Search aborted at depth 2
[32;1m[Board] [0m[33;1m[WARNING][0m [5;1mWhite King in check![0m
[32;1m[Board] [0m[33;1m[WARNING][0m    Threatened by Black Rook (e3)
Position history: 62 positions tracked
Static eval for side to move: 904
Completed depth 1 (score: 1861)
Completed depth 2 (score: 1861)
Completed depth 3 (score: 1861)
Search aborted at depth 4
[32;1m[Board] [0m[33;1m[WARNING][0m [5;1mWhite King in check![0m
[32;1m[Board] [0m[33;1m[WARNING][0m    Threatened by Black Queen (d7)
Position history: 64 positions tracked
Static eval for side to move: 851
Completed depth 1 (score: 100000)
Found forced mate! Stopping search early.
[32;1m[Board] [0m[33;1m[WARNING][0m [5;1mWhite King in check![0m
[32;1m[Board] [0m[33;1m[WARNING][0m    Threatened by Black Queen (h3)
Position history: 66 positions tracked
Static eval for side to move: 914
Completed depth 1 (score: 100000)
Found forced mate! Stopping search early.
[32;1m[Board] [0m[33;1m[WARNING][0m [5;1mWhite King in check![0m
[32;1m[Board] [0m[33;1m[WARNING][0m    Threatened by Black Pawn (g6)
Position history: 68 positions tracked
Static eval for side to move: 879
Completed depth 1 (score: 100000)
Found forced mate! Stopping search early.
[32;1m[Board] [0m[33;1m[WARNING][0m [5;1mWhite King in checkmate![0m
[32;1m[Board] [0m[33;1m[WARNING][0m The Black player wins!
