=== Chess Engine Starting ===
Overhead before search: 102ms
About to call findBestMove...
findBestMove: Starting search...
Depth 1 completed in 16ms
Depth 2 completed in 21ms
Depth 3 completed in 39ms
Depth 4 completed in 106ms
Depth 5 completed in 238ms
Depth 6 completed in 1490ms
Depth 7 completed in 6626ms
Search stopped at depth 8 after 9000ms
Total search time: 9000ms
findBestMove returned, bestMove: g1f3
Total program time: 9102ms
=== Chess Engine Starting ===
Overhead before search: 38ms
About to call findBestMove...
findBestMove: Starting search...
Depth 1 completed in 5ms
Depth 2 completed in 9ms
Depth 3 completed in 21ms
Depth 4 completed in 102ms
Depth 5 completed in 300ms
Depth 6 completed in 1371ms
Depth 7 completed in 6250ms
Search stopped at depth 8 after 9000ms
Total search time: 9000ms
findBestMove returned, bestMove: b1c3
Total program time: 9039ms
=== Chess Engine Starting ===
Overhead before search: 30ms
About to call findBestMove...
findBestMove: Starting search...
Depth 1 completed in 6ms
Depth 2 completed in 13ms
Depth 3 completed in 26ms
Depth 4 completed in 158ms
Depth 5 completed in 821ms
Depth 6 completed in 3555ms
Search stopped at depth 7 after 9000ms
Total search time: 9000ms
findBestMove returned, bestMove: e2e4
Total program time: 9030ms
=== Chess Engine Starting ===
Overhead before search: 31ms
About to call findBestMove...
findBestMove: Starting search...
Depth 1 completed in 5ms
Depth 2 completed in 13ms
Depth 3 completed in 31ms
Depth 4 completed in 201ms
Depth 5 completed in 836ms
Depth 6 completed in 6190ms
Search stopped at depth 7 after 9000ms
Total search time: 9000ms
findBestMove returned, bestMove: c3e4
Total program time: 9031ms
=== Chess Engine Starting ===
Overhead before search: 31ms
About to call findBestMove...
findBestMove: Starting search...
Depth 1 completed in 5ms
Depth 2 completed in 22ms
Depth 3 completed in 74ms
Depth 4 completed in 345ms
Depth 5 completed in 4309ms
Search stopped at depth 6 after 9000ms
Total search time: 9000ms
findBestMove returned, bestMove: f1b5
Total program time: 9031ms
[32;1m[Board] [0m[33;1m[WARNING][0m [5;1mBlack King in check![0m
[32;1m[Board] [0m[33;1m[WARNING][0m    Threatened by White Bishop (b5)
=== Chess Engine Starting ===
Overhead before search: 31ms
About to call findBestMove...
findBestMove: Starting search...
Depth 1 completed in 7ms
Depth 2 completed in 24ms
Depth 3 completed in 60ms
Depth 4 completed in 439ms
Depth 5 completed in 1178ms
Depth 6 completed in 8604ms
Search stopped at depth 7 after 9000ms
Total search time: 9000ms
findBestMove returned, bestMove: d1e2
Total program time: 9031ms
=== Chess Engine Starting ===
Overhead before search: 30ms
About to call findBestMove...
findBestMove: Starting search...
Depth 1 completed in 8ms
Depth 2 completed in 30ms
Depth 3 completed in 98ms
Depth 4 completed in 371ms
Depth 5 completed in 1040ms
Search stopped at depth 6 after 9000ms
Total search time: 9000ms
findBestMove returned, bestMove: e4c3
Total program time: 9030ms
=== Chess Engine Starting ===
Overhead before search: 30ms
About to call findBestMove...
findBestMove: Starting search...
Depth 1 completed in 5ms
Depth 2 completed in 18ms
Depth 3 completed in 50ms
Depth 4 completed in 221ms
Depth 5 completed in 886ms
Depth 6 completed in 5520ms
Search stopped at depth 7 after 9000ms
Total search time: 9000ms
findBestMove returned, bestMove: c3b5
Total program time: 9030ms
=== Chess Engine Starting ===
Overhead before search: 29ms
About to call findBestMove...
findBestMove: Starting search...
Depth 1 completed in 7ms
Depth 2 completed in 24ms
Depth 3 completed in 146ms
Depth 4 completed in 641ms
Depth 5 completed in 2478ms
Search stopped at depth 6 after 9000ms
Total search time: 9000ms
findBestMove returned, bestMove: b5c3
Total program time: 9030ms
=== Chess Engine Starting ===
Overhead before search: 29ms
About to call findBestMove...
findBestMove: Starting search...
Depth 1 completed in 6ms
Depth 2 completed in 23ms
Depth 3 completed in 59ms
Depth 4 completed in 675ms
Depth 5 completed in 3530ms
Search stopped at depth 6 after 9000ms
Total search time: 9000ms
findBestMove returned, bestMove: e2e4
Total program time: 9029ms
=== Chess Engine Starting ===
Overhead before search: 28ms
About to call findBestMove...
findBestMove: Starting search...
Depth 1 completed in 8ms
Depth 2 completed in 52ms
Depth 3 completed in 124ms
Depth 4 completed in 1267ms
Depth 5 completed in 5796ms
Search stopped at depth 6 after 9000ms
Total search time: 9000ms
findBestMove returned, bestMove: c3d5
Total program time: 9029ms
=== Chess Engine Starting ===
Overhead before search: 30ms
About to call findBestMove...
findBestMove: Starting search...
Depth 1 completed in 8ms
Depth 2 completed in 44ms
Depth 3 completed in 116ms
Depth 4 completed in 829ms
Depth 5 completed in 3018ms
Search stopped at depth 6 after 9000ms
Total search time: 9000ms
findBestMove returned, bestMove: e4g4
Total program time: 9030ms
[32;1m[Board] [0m[33;1m[WARNING][0m [5;1mBlack King in check![0m
[32;1m[Board] [0m[33;1m[WARNING][0m    Threatened by White Queen (g4)
=== Chess Engine Starting ===
Overhead before search: 40ms
About to call findBestMove...
findBestMove: Starting search...
Depth 1 completed in 8ms
Depth 2 completed in 46ms
Depth 3 completed in 202ms
Depth 4 completed in 989ms
Depth 5 completed in 5437ms
Search stopped at depth 6 after 9000ms
Total search time: 9000ms
findBestMove returned, bestMove: e1g1
Total program time: 9040ms
=== Chess Engine Starting ===
Overhead before search: 30ms
About to call findBestMove...
findBestMove: Starting search...
Depth 1 completed in 26ms
Depth 2 completed in 61ms
Depth 3 completed in 304ms
Depth 4 completed in 656ms
Depth 5 completed in 2565ms
Depth 6 completed in 8223ms
Search stopped at depth 7 after 9000ms
Total search time: 9000ms
findBestMove returned, bestMove: d5e3
Total program time: 9030ms
[32;1m[Board] [0m[33;1m[WARNING][0m [5;1mWhite King in check![0m
[32;1m[Board] [0m[33;1m[WARNING][0m    Threatened by Black Knight (e2)
=== Chess Engine Starting ===
Overhead before search: 40ms
About to call findBestMove...
findBestMove: Starting search...
Depth 1 completed in 6ms
Depth 2 completed in 16ms
Depth 3 completed in 61ms
Depth 4 completed in 120ms
Depth 5 completed in 789ms
Depth 6 completed in 2531ms
Search stopped at depth 7 after 9000ms
Total search time: 9000ms
findBestMove returned, bestMove: g1h1
Total program time: 9040ms
=== Chess Engine Starting ===
Overhead before search: 60ms
About to call findBestMove...
findBestMove: Starting search...
Depth 1 completed in 6ms
Depth 2 completed in 29ms
Depth 3 completed in 84ms
Depth 4 completed in 664ms
Depth 5 completed in 3252ms
Search stopped at depth 6 after 9000ms
Total search time: 9000ms
findBestMove returned, bestMove: f1c1
Total program time: 9060ms
=== Chess Engine Starting ===
Overhead before search: 31ms
About to call findBestMove...
findBestMove: Starting search...
Depth 1 completed in 7ms
Depth 2 completed in 20ms
Depth 3 completed in 113ms
Depth 4 completed in 617ms
Depth 5 completed in 3597ms
Search stopped at depth 6 after 9000ms
Total search time: 9000ms
findBestMove returned, bestMove: g4h4
Total program time: 9031ms
=== Chess Engine Starting ===
Overhead before search: 30ms
About to call findBestMove...
findBestMove: Starting search...
Depth 1 completed in 14ms
Depth 2 completed in 47ms
Depth 3 completed in 132ms
Depth 4 completed in 1305ms
Depth 5 completed in 4261ms
Search stopped at depth 6 after 9000ms
Total search time: 9000ms
findBestMove returned, bestMove: a1b1
Total program time: 9030ms
=== Chess Engine Starting ===
Overhead before search: 30ms
About to call findBestMove...
findBestMove: Starting search...
Depth 1 completed in 11ms
Depth 2 completed in 40ms
Depth 3 completed in 103ms
Depth 4 completed in 838ms
Depth 5 completed in 3418ms
Search stopped at depth 6 after 9000ms
Total search time: 9000ms
findBestMove returned, bestMove: a2a3
Total program time: 9030ms
=== Chess Engine Starting ===
Overhead before search: 30ms
About to call findBestMove...
findBestMove: Starting search...
Depth 1 completed in 8ms
Depth 2 completed in 22ms
Depth 3 completed in 90ms
Depth 4 completed in 489ms
Depth 5 completed in 2899ms
Search stopped at depth 6 after 9000ms
Total search time: 9000ms
findBestMove returned, bestMove: h4h5
Total program time: 9031ms
=== Chess Engine Starting ===
Overhead before search: 29ms
About to call findBestMove...
findBestMove: Starting search...
Depth 1 completed in 8ms
Depth 2 completed in 49ms
Depth 3 completed in 302ms
Depth 4 completed in 750ms
Depth 5 completed in 3207ms
Search stopped at depth 6 after 9000ms
Total search time: 9000ms
findBestMove returned, bestMove: d2d3
Total program time: 9029ms
=== Chess Engine Starting ===
Overhead before search: 48ms
About to call findBestMove...
findBestMove: Starting search...
Depth 1 completed in 11ms
Depth 2 completed in 23ms
Depth 3 completed in 84ms
Depth 4 completed in 551ms
Depth 5 completed in 2803ms
Search stopped at depth 6 after 9000ms
Total search time: 9000ms
findBestMove returned, bestMove: f3d2
Total program time: 9048ms
=== Chess Engine Starting ===
Overhead before search: 30ms
About to call findBestMove...
findBestMove: Starting search...
Depth 1 completed in 8ms
Depth 2 completed in 41ms
Depth 3 completed in 165ms
Depth 4 completed in 1502ms
Depth 5 completed in 6526ms
Search stopped at depth 6 after 9000ms
Total search time: 9000ms
findBestMove returned, bestMove: d2e4
Total program time: 9030ms
=== Chess Engine Starting ===
Overhead before search: 31ms
About to call findBestMove...
findBestMove: Starting search...
Depth 1 completed in 15ms
Depth 2 completed in 50ms
Depth 3 completed in 342ms
Depth 4 completed in 1340ms
Depth 5 completed in 3210ms
Search stopped at depth 6 after 9000ms
Total search time: 9000ms
findBestMove returned, bestMove: e4c3
Total program time: 9031ms
=== Chess Engine Starting ===
Overhead before search: 31ms
About to call findBestMove...
findBestMove: Starting search...
Depth 1 completed in 7ms
Depth 2 completed in 14ms
Depth 3 completed in 44ms
Depth 4 completed in 261ms
Depth 5 completed in 632ms
Depth 6 completed in 3748ms
Search stopped at depth 7 after 9000ms
Total search time: 9000ms
findBestMove returned, bestMove: h5g6
Total program time: 9031ms
=== Chess Engine Starting ===
Overhead before search: 29ms
About to call findBestMove...
findBestMove: Starting search...
Depth 1 completed in 6ms
Depth 2 completed in 17ms
Depth 3 completed in 45ms
Depth 4 completed in 329ms
Depth 5 completed in 1092ms
Depth 6 completed in 7528ms
Search stopped at depth 7 after 9000ms
Total search time: 9000ms
findBestMove returned, bestMove: c1e1
Total program time: 9029ms
=== Chess Engine Starting ===
Overhead before search: 30ms
About to call findBestMove...
findBestMove: Starting search...
Depth 1 completed in 6ms
Depth 2 completed in 21ms
Depth 3 completed in 60ms
Depth 4 completed in 501ms
Depth 5 completed in 2484ms
Search stopped at depth 6 after 9000ms
Total search time: 9000ms
findBestMove returned, bestMove: e1e2
Total program time: 9030ms
=== Chess Engine Starting ===
Overhead before search: 29ms
About to call findBestMove...
findBestMove: Starting search...
Depth 1 completed in 7ms
Depth 2 completed in 14ms
Depth 3 completed in 45ms
Depth 4 completed in 251ms
Depth 5 completed in 1687ms
Depth 6 completed in 6855ms
Search stopped at depth 7 after 9000ms
Total search time: 9000ms
findBestMove returned, bestMove: b1f1
Total program time: 9029ms
=== Chess Engine Starting ===
Overhead before search: 30ms
About to call findBestMove...
findBestMove: Starting search...
Depth 1 completed in 7ms
Depth 2 completed in 13ms
Depth 3 completed in 45ms
Depth 4 completed in 411ms
Depth 5 completed in 2636ms
Depth 6 completed in 7878ms
Search stopped at depth 7 after 9000ms
Total search time: 9000ms
findBestMove returned, bestMove: h1g1
Total program time: 9030ms
=== Chess Engine Starting ===
Overhead before search: 30ms
About to call findBestMove...
findBestMove: Starting search...
Depth 1 completed in 6ms
Depth 2 completed in 12ms
Depth 3 completed in 70ms
Depth 4 completed in 317ms
Depth 5 completed in 951ms
Depth 6 completed in 3328ms
Search stopped at depth 7 after 9000ms
Total search time: 9000ms
findBestMove returned, bestMove: e3d5
Total program time: 9030ms
=== Chess Engine Starting ===
Overhead before search: 29ms
About to call findBestMove...
findBestMove: Starting search...
Depth 1 completed in 7ms
Depth 2 completed in 26ms
Depth 3 completed in 56ms
Depth 4 completed in 481ms
Depth 5 completed in 1472ms
Depth 6 completed in 7506ms
Search stopped at depth 7 after 9000ms
Total search time: 9000ms
findBestMove returned, bestMove: f1e1
Total program time: 9029ms
=== Chess Engine Starting ===
Overhead before search: 29ms
About to call findBestMove...
findBestMove: Starting search...
Depth 1 completed in 6ms
Depth 2 completed in 21ms
Depth 3 completed in 95ms
Depth 4 completed in 364ms
Depth 5 completed in 1715ms
Depth 6 completed in 8841ms
Search stopped at depth 7 after 9000ms
Total search time: 9000ms
findBestMove returned, bestMove: e1f1
Total program time: 9029ms
=== Chess Engine Starting ===
Overhead before search: 64ms
About to call findBestMove...
findBestMove: Starting search...
Depth 1 completed in 14ms
Depth 2 completed in 51ms
Depth 3 completed in 152ms
Depth 4 completed in 383ms
Depth 5 completed in 1594ms
Depth 6 completed in 7737ms
Search stopped at depth 7 after 9000ms
Total search time: 9000ms
findBestMove returned, bestMove: e2e4
Total program time: 9064ms
=== Chess Engine Starting ===
Overhead before search: 30ms
About to call findBestMove...
findBestMove: Starting search...
Depth 1 completed in 12ms
Depth 2 completed in 20ms
Depth 3 completed in 66ms
Depth 4 completed in 274ms
Depth 5 completed in 899ms
Depth 6 completed in 4991ms
Search stopped at depth 7 after 9000ms
Total search time: 9000ms
findBestMove returned, bestMove: e4a4
Total program time: 9030ms
=== Chess Engine Starting ===
Overhead before search: 57ms
About to call findBestMove...
findBestMove: Starting search...
Depth 1 completed in 12ms
Depth 2 completed in 22ms
Depth 3 completed in 112ms
Depth 4 completed in 359ms
Depth 5 completed in 1058ms
Depth 6 completed in 5767ms
Search stopped at depth 7 after 9000ms
Total search time: 9000ms
findBestMove returned, bestMove: f1e1
Total program time: 9057ms
=== Chess Engine Starting ===
Overhead before search: 30ms
About to call findBestMove...
findBestMove: Starting search...
Depth 1 completed in 6ms
Depth 2 completed in 22ms
Depth 3 completed in 48ms
Depth 4 completed in 297ms
Depth 5 completed in 1066ms
Depth 6 completed in 6264ms
Search stopped at depth 7 after 9000ms
Total search time: 9000ms
findBestMove returned, bestMove: c3d5
Total program time: 9030ms
=== Chess Engine Starting ===
Overhead before search: 31ms
About to call findBestMove...
findBestMove: Starting search...
Depth 1 completed in 7ms
Depth 2 completed in 25ms
Depth 3 completed in 86ms
Depth 4 completed in 358ms
Depth 5 completed in 1166ms
Depth 6 completed in 6791ms
Search stopped at depth 7 after 9000ms
Total search time: 9000ms
findBestMove returned, bestMove: g1f1
Total program time: 9031ms
=== Chess Engine Starting ===
Overhead before search: 36ms
About to call findBestMove...
findBestMove: Starting search...
Depth 1 completed in 7ms
Depth 2 completed in 25ms
Depth 3 completed in 68ms
Depth 4 completed in 318ms
Depth 5 completed in 1150ms
Depth 6 completed in 6324ms
Search stopped at depth 7 after 9000ms
Total search time: 9000ms
findBestMove returned, bestMove: f1e2
Total program time: 9036ms
=== Chess Engine Starting ===
Overhead before search: 30ms
About to call findBestMove...
findBestMove: Starting search...
Depth 1 completed in 6ms
Depth 2 completed in 28ms
Depth 3 completed in 67ms
Depth 4 completed in 326ms
Depth 5 completed in 1231ms
Depth 6 completed in 4898ms
Search stopped at depth 7 after 9000ms
Total search time: 9000ms
findBestMove returned, bestMove: f2f3
Total program time: 9030ms
=== Chess Engine Starting ===
Overhead before search: 31ms
About to call findBestMove...
findBestMove: Starting search...
Depth 1 completed in 8ms
Depth 2 completed in 18ms
Depth 3 completed in 34ms
Depth 4 completed in 105ms
Depth 5 completed in 594ms
Depth 6 completed in 1672ms
Depth 7 completed in 6040ms
Search stopped at depth 8 after 9000ms
Total search time: 9000ms
findBestMove returned, bestMove: a4a5
Total program time: 9031ms
[32;1m[Board] [0m[33;1m[WARNING][0m [5;1mWhite King in check![0m
[32;1m[Board] [0m[33;1m[WARNING][0m    Threatened by Black Pawn (f3)
=== Chess Engine Starting ===
Overhead before search: 31ms
About to call findBestMove...
findBestMove: Starting search...
Depth 1 completed in 5ms
Depth 2 completed in 8ms
Depth 3 completed in 25ms
Depth 4 completed in 81ms
Depth 5 completed in 542ms
Depth 6 completed in 1419ms
Depth 7 completed in 6855ms
Search stopped at depth 8 after 9000ms
Total search time: 9000ms
findBestMove returned, bestMove: g2f3
Total program time: 9031ms
=== Chess Engine Starting ===
Overhead before search: 29ms
About to call findBestMove...
findBestMove: Starting search...
Depth 1 completed in 6ms
Depth 2 completed in 18ms
Depth 3 completed in 129ms
Depth 4 completed in 293ms
Depth 5 completed in 1347ms
Depth 6 completed in 4038ms
Search stopped at depth 7 after 9000ms
Total search time: 9000ms
findBestMove returned, bestMove: e1g1
Total program time: 9030ms
=== Chess Engine Starting ===
Overhead before search: 30ms
About to call findBestMove...
findBestMove: Starting search...
Depth 1 completed in 10ms
Depth 2 completed in 14ms
Depth 3 completed in 24ms
Depth 4 completed in 88ms
Depth 5 completed in 233ms
Depth 6 completed in 1237ms
Depth 7 completed in 3281ms
Search stopped at depth 8 after 9000ms
Total search time: 9000ms
findBestMove returned, bestMove: c2c4
Total program time: 9030ms
=== Chess Engine Starting ===
Overhead before search: 33ms
About to call findBestMove...
findBestMove: Starting search...
Depth 1 completed in 7ms
Depth 2 completed in 12ms
Depth 3 completed in 22ms
Depth 4 completed in 63ms
Depth 5 completed in 153ms
Depth 6 completed in 507ms
Depth 7 completed in 1521ms
Depth 8 completed in 5366ms
Search stopped at depth 9 after 9000ms
Total search time: 9000ms
findBestMove returned, bestMove: d3c4
Total program time: 9033ms
=== Chess Engine Starting ===
Overhead before search: 30ms
About to call findBestMove...
findBestMove: Starting search...
Depth 1 completed in 6ms
Depth 2 completed in 10ms
Depth 3 completed in 21ms
Depth 4 completed in 78ms
Depth 5 completed in 279ms
Depth 6 completed in 880ms
Depth 7 completed in 3155ms
Search stopped at depth 8 after 9000ms
Total search time: 9000ms
findBestMove returned, bestMove: a5b5
Total program time: 9030ms
[32;1m[Board] [0m[33;1m[WARNING][0m [5;1mBlack King in check![0m
[32;1m[Board] [0m[33;1m[WARNING][0m    Threatened by White Rook (b5)
=== Chess Engine Starting ===
Overhead before search: 30ms
About to call findBestMove...
findBestMove: Starting search...
Depth 1 completed in 8ms
Depth 2 completed in 17ms
Depth 3 completed in 37ms
Depth 4 completed in 186ms
Depth 5 completed in 563ms
Depth 6 completed in 2307ms
Depth 7 completed in 7861ms
Search stopped at depth 8 after 9000ms
Total search time: 9000ms
findBestMove returned, bestMove: a3a4
Total program time: 9030ms
[32;1m[Board] [0m[33;1m[WARNING][0m [5;1mWhite King in check![0m
[32;1m[Board] [0m[33;1m[WARNING][0m    Threatened by Black Rook (d2)
=== Chess Engine Starting ===
Overhead before search: 30ms
About to call findBestMove...
findBestMove: Starting search...
Depth 1 completed in 6ms
Depth 2 completed in 8ms
Depth 3 completed in 19ms
Depth 4 completed in 64ms
Depth 5 completed in 335ms
Depth 6 completed in 723ms
Depth 7 completed in 2912ms
Depth 8 completed in 6489ms
Search stopped at depth 9 after 9000ms
Total search time: 9000ms
findBestMove returned, bestMove: e2f1
Total program time: 9030ms
[32;1m[Board] [0m[33;1m[WARNING][0m [5;1mWhite King in check![0m
[32;1m[Board] [0m[33;1m[WARNING][0m    Threatened by Black Knight (e3)
=== Chess Engine Starting ===
Overhead before search: 30ms
About to call findBestMove...
findBestMove: Starting search...
Depth 1 completed in 5ms
Depth 2 completed in 7ms
Depth 3 completed in 14ms
Depth 4 completed in 30ms
Depth 5 completed in 127ms
Depth 6 completed in 374ms
Depth 7 completed in 1598ms
Depth 8 completed in 4147ms
Search stopped at depth 9 after 9000ms
Total search time: 9000ms
findBestMove returned, bestMove: f1e1
Total program time: 9030ms
[32;1m[Board] [0m[33;1m[WARNING][0m [5;1mWhite King in check![0m
[32;1m[Board] [0m[33;1m[WARNING][0m    Threatened by Black Rook (d1)
=== Chess Engine Starting ===
Overhead before search: 30ms
About to call findBestMove...
findBestMove: Starting search...
Depth 1 completed in 5ms
Depth 2 completed in 6ms
Depth 3 completed in 10ms
Depth 4 completed in 21ms
Depth 5 completed in 95ms
Depth 6 completed in 288ms
Depth 7 completed in 981ms
Depth 8 completed in 2404ms
Search stopped at depth 9 after 9000ms
Total search time: 9000ms
findBestMove returned, bestMove: e1f2
Total program time: 9030ms
[32;1m[Board] [0m[33;1m[WARNING][0m [5;1mWhite King in check![0m
[32;1m[Board] [0m[33;1m[WARNING][0m    Threatened by Black Bishop (h4)
=== Chess Engine Starting ===
Overhead before search: 31ms
About to call findBestMove...
findBestMove: Starting search...
Depth 1 completed in 5ms
Depth 2 completed in 6ms
Depth 3 completed in 22ms
Depth 4 completed in 43ms
Depth 5 completed in 205ms
Depth 6 completed in 398ms
Depth 7 completed in 1196ms
Depth 8 completed in 3159ms
Search stopped at depth 9 after 9000ms
Total search time: 9000ms
findBestMove returned, bestMove: f2e2
Total program time: 9031ms
=== Chess Engine Starting ===
Overhead before search: 33ms
About to call findBestMove...
findBestMove: Starting search...
Depth 1 completed in 5ms
Depth 2 completed in 8ms
Depth 3 completed in 21ms
Depth 4 completed in 61ms
Depth 5 completed in 449ms
Depth 6 completed in 1154ms
Depth 7 completed in 8320ms
Search stopped at depth 8 after 9000ms
Total search time: 9000ms
findBestMove returned, bestMove: e2d3
Total program time: 9033ms
[32;1m[Board] [0m[33;1m[WARNING][0m [5;1mWhite King in check![0m
[32;1m[Board] [0m[33;1m[WARNING][0m    Threatened by Black Rook (d1)
=== Chess Engine Starting ===
Overhead before search: 29ms
About to call findBestMove...
findBestMove: Starting search...
Depth 1 completed in 5ms
Depth 2 completed in 8ms
Depth 3 completed in 15ms
Depth 4 completed in 80ms
Depth 5 completed in 503ms
Depth 6 completed in 1603ms
Depth 7 completed in 5139ms
Search stopped at depth 8 after 9000ms
Total search time: 9000ms
findBestMove returned, bestMove: d3e2
Total program time: 9029ms
=== Chess Engine Starting ===
Overhead before search: 30ms
About to call findBestMove...
findBestMove: Starting search...
Depth 1 completed in 5ms
Depth 2 completed in 8ms
Depth 3 completed in 16ms
Depth 4 completed in 32ms
Depth 5 completed in 409ms
Depth 6 completed in 857ms
Depth 7 completed in 4549ms
Search stopped at depth 8 after 9000ms
Total search time: 9000ms
findBestMove returned, bestMove: b5e5
Total program time: 9030ms
[32;1m[Board] [0m[33;1m[WARNING][0m [5;1mWhite King in check![0m
[32;1m[Board] [0m[33;1m[WARNING][0m    Threatened by Black Rook (e1)
=== Chess Engine Starting ===
Overhead before search: 30ms
About to call findBestMove...
findBestMove: Starting search...
Depth 1 completed in 5ms
Depth 2 completed in 6ms
Depth 3 completed in 13ms
Depth 4 completed in 37ms
Depth 5 completed in 195ms
Depth 6 completed in 662ms
Depth 7 completed in 2589ms
Depth 8 completed in 6769ms
Search stopped at depth 9 after 9000ms
Total search time: 9000ms
findBestMove returned, bestMove: e2d2
Total program time: 9030ms
[32;1m[Board] [0m[33;1m[WARNING][0m [5;1mWhite King in check![0m
[32;1m[Board] [0m[33;1m[WARNING][0m    Threatened by Black Knight (f1)
=== Chess Engine Starting ===
Overhead before search: 29ms
About to call findBestMove...
findBestMove: Starting search...
Depth 1 completed in 5ms
Depth 2 completed in 5ms
Depth 3 completed in 7ms
Depth 4 completed in 14ms
Depth 5 completed in 60ms
Depth 6 completed in 160ms
Depth 7 completed in 862ms
Depth 8 completed in 2192ms
Search stopped at depth 9 after 9000ms
Total search time: 9000ms
findBestMove returned, bestMove: d2c3
Total program time: 9029ms
=== Chess Engine Starting ===
Overhead before search: 36ms
About to call findBestMove...
findBestMove: Starting search...
Depth 1 completed in 5ms
Depth 2 completed in 6ms
Depth 3 completed in 18ms
Depth 4 completed in 39ms
Depth 5 completed in 152ms
Depth 6 completed in 467ms
Depth 7 completed in 2680ms
Search stopped at depth 8 after 9000ms
Total search time: 9000ms
findBestMove returned, bestMove: c3c4
Total program time: 9036ms
=== Chess Engine Starting ===
Overhead before search: 30ms
About to call findBestMove...
findBestMove: Starting search...
Depth 1 completed in 5ms
Depth 2 completed in 6ms
Depth 3 completed in 12ms
Depth 4 completed in 17ms
Depth 5 completed in 166ms
Depth 6 completed in 305ms
Depth 7 completed in 2765ms
Depth 8 completed in 6426ms
Search stopped at depth 9 after 9000ms
Total search time: 9000ms
findBestMove returned, bestMove: c4b4
Total program time: 9030ms
[32;1m[Board] [0m[33;1m[WARNING][0m [5;1mWhite King in check![0m
[32;1m[Board] [0m[33;1m[WARNING][0m    Threatened by Black Bishop (e1)
=== Chess Engine Starting ===
Overhead before search: 30ms
About to call findBestMove...
findBestMove: Starting search...
Depth 1 completed in 5ms
Depth 2 completed in 5ms
Depth 3 completed in 7ms
Depth 4 completed in 13ms
Depth 5 completed in 60ms
Depth 6 completed in 160ms
Depth 7 completed in 855ms
Depth 8 completed in 2444ms
Search stopped at depth 9 after 9000ms
Total search time: 9000ms
findBestMove returned, bestMove: b4c4
Total program time: 9030ms
[32;1m[Board] [0m[33;1m[WARNING][0m [5;1mWhite King in check![0m
[32;1m[Board] [0m[33;1m[WARNING][0m    Threatened by Black Knight (d2)
=== Chess Engine Starting ===
Overhead before search: 59ms
About to call findBestMove...
findBestMove: Starting search...
Depth 1 completed in 8ms
Depth 2 completed in 9ms
Depth 3 completed in 10ms
Depth 4 completed in 16ms
Depth 5 completed in 109ms
Depth 6 completed in 291ms
Depth 7 completed in 1362ms
Depth 8 completed in 3935ms
Search stopped at depth 9 after 9000ms
Total search time: 9000ms
findBestMove returned, bestMove: c4b4
Total program time: 9059ms
[32;1m[Board] [0m[33;1m[WARNING][0m [5;1mWhite King in check![0m
[32;1m[Board] [0m[33;1m[WARNING][0m    Threatened by Black Rook (b3)
=== Chess Engine Starting ===
Overhead before search: 60ms
About to call findBestMove...
findBestMove: Starting search...
Depth 1 completed in 5ms
Depth 2 completed in 5ms
Depth 3 completed in 7ms
Depth 4 completed in 12ms
Depth 5 completed in 46ms
Depth 6 completed in 134ms
Depth 7 completed in 542ms
Depth 8 completed in 1770ms
Depth 9 completed in 6897ms
Search stopped at depth 10 after 9000ms
Total search time: 9000ms
findBestMove returned, bestMove: b4a5
Total program time: 9060ms
=== Chess Engine Starting ===
Overhead before search: 30ms
About to call findBestMove...
findBestMove: Starting search...
Depth 1 completed in 5ms
Depth 2 completed in 5ms
Depth 3 completed in 8ms
Depth 4 completed in 13ms
Depth 5 completed in 36ms
Depth 6 completed in 98ms
Depth 7 completed in 426ms
Depth 8 completed in 1324ms
Depth 9 completed in 5396ms
Search stopped at depth 10 after 9000ms
Total search time: 9000ms
findBestMove returned, bestMove: h2h4
Total program time: 9030ms
[32;1m[Board] [0m[33;1m[WARNING][0m [5;1mWhite King in checkmate![0m
[32;1m[Board] [0m[33;1m[WARNING][0m The Black player wins!
