Position history: 2 positions tracked
Static eval for side to move: -40
Completed depth 1 (score: 76)
Completed depth 2 (score: -40)
Completed depth 3 (score: 61)
Completed depth 4 (score: 2)
Completed depth 5 (score: 22)
Completed depth 6 (score: 2)
Completed depth 7 (score: 8)
Search aborted at depth 8
Position history: 4 positions tracked
Static eval for side to move: 121
Completed depth 1 (score: 222)
Completed depth 2 (score: 196)
Completed depth 3 (score: 196)
Completed depth 4 (score: 136)
Completed depth 5 (score: 157)
Search aborted at depth 6
Position history: 6 positions tracked
Static eval for side to move: 241
Completed depth 1 (score: 262)
Completed depth 2 (score: 207)
Completed depth 3 (score: 298)
Completed depth 4 (score: 242)
Completed depth 5 (score: 262)
Aspiration re-search at depth 6
Completed depth 6 (score: 209)
Search aborted at depth 7
Position history: 8 positions tracked
Static eval for side to move: 282
Completed depth 1 (score: 383)
Completed depth 2 (score: 324)
Completed depth 3 (score: 342)
Completed depth 4 (score: 267)
Completed depth 5 (score: 272)
Search aborted at depth 6
Position history: 10 positions tracked
Static eval for side to move: 203
Completed depth 1 (score: 302)
Completed depth 2 (score: 253)
Completed depth 3 (score: 272)
Completed depth 4 (score: 251)
Completed depth 5 (score: 268)
Aspiration re-search at depth 6
Search aborted at depth 6
Position history: 12 positions tracked
Static eval for side to move: 308
Completed depth 1 (score: 628)
Completed depth 2 (score: 577)
Completed depth 3 (score: 617)
Completed depth 4 (score: 501)
Position is clearly winning (eval: 308, search: 501), stopping search.
Position history: 14 positions tracked
Static eval for side to move: 673
Completed depth 1 (score: 859)
Completed depth 2 (score: 808)
Completed depth 3 (score: 822)
Search aborted at depth 4
Position history: 16 positions tracked
Static eval for side to move: 904
Completed depth 1 (score: 929)
Completed depth 2 (score: 878)
Completed depth 3 (score: 893)
Completed depth 4 (score: 856)
Position is clearly winning (eval: 904, search: 856), stopping search.
Position history: 18 positions tracked
Static eval for side to move: 867
Completed depth 1 (score: 986)
Completed depth 2 (score: 976)
Completed depth 3 (score: 982)
Completed depth 4 (score: 939)
Position is clearly winning (eval: 867, search: 939), stopping search.
Position history: 20 positions tracked
Static eval for side to move: 1041
Completed depth 1 (score: 1570)
Completed depth 2 (score: 1570)
Completed depth 3 (score: 1595)
Completed depth 4 (score: 1599)
Position is clearly winning (eval: 1041, search: 1599), stopping search.
Position history: 22 positions tracked
Static eval for side to move: 1905
Completed depth 1 (score: 1916)
Completed depth 2 (score: 1974)
Completed depth 3 (score: 1976)
Search aborted at depth 4
Position history: 24 positions tracked
Static eval for side to move: 1896
Completed depth 1 (score: 2286)
Completed depth 2 (score: 2391)
Completed depth 3 (score: 2391)
Search aborted at depth 4
Position history: 26 positions tracked
Static eval for side to move: 2091
Completed depth 1 (score: 2531)
Completed depth 2 (score: 2586)
Completed depth 3 (score: 2586)
Search aborted at depth 4
Position history: 28 positions tracked
Static eval for side to move: 2526
Completed depth 1 (score: 2966)
Completed depth 2 (score: 2996)
Completed depth 3 (score: 2996)
Completed depth 4 (score: 3021)
Position is clearly winning (eval: 2526, search: 3021), stopping search.
Position history: 30 positions tracked
Static eval for side to move: 2835
Completed depth 1 (score: 3210)
Completed depth 2 (score: 3155)
Completed depth 3 (score: 3161)
Completed depth 4 (score: 3245)
Position is clearly winning (eval: 2835, search: 3245), stopping search.
Position history: 32 positions tracked
Static eval for side to move: 3215
Completed depth 1 (score: 3671)
Completed depth 2 (score: 3706)
Completed depth 3 (score: 3706)
Search aborted at depth 4
Position history: 34 positions tracked
Static eval for side to move: 3676
Completed depth 1 (score: 3871)
Completed depth 2 (score: 3868)
Search aborted at depth 3
Position history: 36 positions tracked
Static eval for side to move: 3661
Completed depth 1 (score: 3893)
Search aborted at depth 2
[32;1m[Board] [0m[33;1m[WARNING][0m [5;1mWhite King in check![0m
[32;1m[Board] [0m[33;1m[WARNING][0m    Threatened by Black Queen (h4)
Position history: 38 positions tracked
Static eval for side to move: 3621
Search aborted at depth 1
Position history: 40 positions tracked
Static eval for side to move: 3676
Completed depth 1 (score: 4115)
Search aborted at depth 2
[32;1m[Board] [0m[33;1m[WARNING][0m [5;1mWhite King in check![0m
[32;1m[Board] [0m[33;1m[WARNING][0m    Threatened by Black Knight (b1)
Position history: 42 positions tracked
Static eval for side to move: 3615
Completed depth 1 (score: 100000)
Found forced mate! Stopping search early.
[32;1m[Board] [0m[33;1m[WARNING][0m [5;1mWhite King in check![0m
[32;1m[Board] [0m[33;1m[WARNING][0m    Threatened by Black Bishop (b3)
Position history: 44 positions tracked
Static eval for side to move: 3610
Completed depth 1 (score: 100000)
Found forced mate! Stopping search early.
[32;1m[Board] [0m[33;1m[WARNING][0m [5;1mWhite King in check![0m
[32;1m[Board] [0m[33;1m[WARNING][0m    Threatened by Black Queen (h4)
Position history: 46 positions tracked
Static eval for side to move: 3670
Completed depth 1 (score: 100000)
Found forced mate! Stopping search early.
[32;1m[Board] [0m[33;1m[WARNING][0m [5;1mWhite King in check![0m
[32;1m[Board] [0m[33;1m[WARNING][0m    Threatened by Black Knight (d2)
Position history: 48 positions tracked
Static eval for side to move: 3711
Completed depth 1 (score: 100000)
Found forced mate! Stopping search early.
[32;1m[Board] [0m[33;1m[WARNING][0m [5;1mWhite King in check![0m
[32;1m[Board] [0m[33;1m[WARNING][0m    Threatened by Black Knight (f3)
Position history: 50 positions tracked
Static eval for side to move: 3345
Completed depth 1 (score: 100000)
Found forced mate! Stopping search early.
[32;1m[Board] [0m[33;1m[WARNING][0m [5;1mWhite King in check![0m
[32;1m[Board] [0m[33;1m[WARNING][0m    Threatened by Black Queen (d4)
Position history: 52 positions tracked
Static eval for side to move: 3357
Completed depth 1 (score: 100000)
Found forced mate! Stopping search early.
[32;1m[Board] [0m[33;1m[WARNING][0m [5;1mWhite King in check![0m
[32;1m[Board] [0m[33;1m[WARNING][0m    Threatened by Black Queen (d1)
Position history: 54 positions tracked
Static eval for side to move: 3380
Completed depth 1 (score: 100000)
Found forced mate! Stopping search early.
[32;1m[Board] [0m[33;1m[WARNING][0m [5;1mWhite King in check![0m
[32;1m[Board] [0m[33;1m[WARNING][0m    Threatened by Black Queen (f1)
Position history: 56 positions tracked
Static eval for side to move: 3755
Completed depth 1 (score: 100000)
Found forced mate! Stopping search early.
[32;1m[Board] [0m[33;1m[WARNING][0m [5;1mWhite King in check![0m
[32;1m[Board] [0m[33;1m[WARNING][0m    Threatened by Black Queen (f2)
Position history: 58 positions tracked
Static eval for side to move: 3810
Completed depth 1 (score: 100000)
Found forced mate! Stopping search early.
[32;1m[Board] [0m[33;1m[WARNING][0m [5;1mWhite King in check![0m
[32;1m[Board] [0m[33;1m[WARNING][0m    Threatened by Black Queen (f3)
Position history: 60 positions tracked
Static eval for side to move: 4056
Completed depth 1 (score: 100000)
Found forced mate! Stopping search early.
[32;1m[Board] [0m[33;1m[WARNING][0m [5;1mWhite King in checkmate![0m
[32;1m[Board] [0m[33;1m[WARNING][0m The Black player wins!
