=== Chess Engine Starting ===
Overhead before search: 31ms
About to call findBestMove...
findBestMove: Starting search...
Depth 1 completed in 5ms
Depth 2 completed in 7ms
Depth 3 completed in 13ms
Depth 4 completed in 48ms
Depth 5 completed in 206ms
Depth 6 completed in 1626ms
Depth 7 completed in 6800ms
Search stopped at depth 8 after 9000ms
Total search time: 9000ms
findBestMove returned, bestMove: g1f3
Total program time: 9031ms
=== Chess Engine Starting ===
Overhead before search: 30ms
About to call findBestMove...
findBestMove: Starting search...
Depth 1 completed in 5ms
Depth 2 completed in 8ms
Depth 3 completed in 15ms
Depth 4 completed in 77ms
Depth 5 completed in 282ms
Depth 6 completed in 1977ms
Search stopped at depth 7 after 9000ms
Total search time: 9000ms
findBestMove returned, bestMove: e2e4
Total program time: 9030ms
=== Chess Engine Starting ===
Overhead before search: 32ms
About to call findBestMove...
findBestMove: Starting search...
Depth 1 completed in 5ms
Depth 2 completed in 13ms
Depth 3 completed in 29ms
Depth 4 completed in 139ms
Depth 5 completed in 560ms
Depth 6 completed in 5037ms
Search stopped at depth 7 after 9000ms
Total search time: 9000ms
findBestMove returned, bestMove: f1b5
Total program time: 9032ms
=== Chess Engine Starting ===
Overhead before search: 31ms
About to call findBestMove...
findBestMove: Starting search...
Depth 1 completed in 7ms
Depth 2 completed in 14ms
Depth 3 completed in 46ms
Depth 4 completed in 424ms
Depth 5 completed in 1398ms
Search stopped at depth 6 after 9000ms
Total search time: 9000ms
findBestMove returned, bestMove: e4e5
Total program time: 9031ms
=== Chess Engine Starting ===
Overhead before search: 30ms
About to call findBestMove...
findBestMove: Starting search...
Depth 1 completed in 6ms
Depth 2 completed in 11ms
Depth 3 completed in 24ms
Depth 4 completed in 116ms
Depth 5 completed in 868ms
Depth 6 completed in 4929ms
Search stopped at depth 7 after 9000ms
Total search time: 9000ms
findBestMove returned, bestMove: b5e2
Total program time: 9030ms
=== Chess Engine Starting ===
Overhead before search: 30ms
About to call findBestMove...
findBestMove: Starting search...
Depth 1 completed in 6ms
Depth 2 completed in 11ms
Depth 3 completed in 41ms
Depth 4 completed in 132ms
Depth 5 completed in 692ms
Depth 6 completed in 3555ms
Search stopped at depth 7 after 9000ms
Total search time: 9000ms
findBestMove returned, bestMove: e5f6
Total program time: 9030ms
=== Chess Engine Starting ===
Overhead before search: 31ms
About to call findBestMove...
findBestMove: Starting search...
Depth 1 completed in 10ms
Depth 2 completed in 28ms
Depth 3 completed in 70ms
Depth 4 completed in 308ms
Depth 5 completed in 1650ms
Depth 6 completed in 8332ms
Search stopped at depth 7 after 9000ms
Total search time: 9000ms
findBestMove returned, bestMove: b1c3
Total program time: 9031ms
=== Chess Engine Starting ===
Overhead before search: 28ms
About to call findBestMove...
findBestMove: Starting search...
Depth 1 completed in 11ms
Depth 2 completed in 35ms
Depth 3 completed in 179ms
Depth 4 completed in 572ms
Depth 5 completed in 2281ms
Search stopped at depth 6 after 9000ms
Total search time: 9000ms
findBestMove returned, bestMove: d2d4
Total program time: 9029ms
[32;1m[Board] [0m[33;1m[WARNING][0m [5;1mWhite King in check![0m
[32;1m[Board] [0m[33;1m[WARNING][0m    Threatened by Black Bishop (d2)
=== Chess Engine Starting ===
Overhead before search: 25ms
About to call findBestMove...
findBestMove: Starting search...
Depth 1 completed in 4ms
Depth 2 completed in 5ms
Depth 3 completed in 19ms
Depth 4 completed in 68ms
Depth 5 completed in 522ms
Depth 6 completed in 3019ms
Search stopped at depth 7 after 9000ms
Total search time: 9000ms
findBestMove returned, bestMove: c1d2
Total program time: 9025ms
=== Chess Engine Starting ===
Overhead before search: 25ms
About to call findBestMove...
findBestMove: Starting search...
Depth 1 completed in 4ms
Depth 2 completed in 9ms
Depth 3 completed in 32ms
Depth 4 completed in 244ms
Depth 5 completed in 993ms
Depth 6 completed in 7731ms
Search stopped at depth 7 after 9000ms
Total search time: 9000ms
findBestMove returned, bestMove: d2g5
Total program time: 9025ms
=== Chess Engine Starting ===
Overhead before search: 25ms
About to call findBestMove...
findBestMove: Starting search...
Depth 1 completed in 5ms
Depth 2 completed in 11ms
Depth 3 completed in 36ms
Depth 4 completed in 398ms
Depth 5 completed in 1206ms
Search stopped at depth 6 after 9000ms
Total search time: 9000ms
findBestMove returned, bestMove: g5h6
Total program time: 9025ms
[32;1m[Board] [0m[33;1m[WARNING][0m [5;1mBlack King in check![0m
[32;1m[Board] [0m[33;1m[WARNING][0m    Threatened by White Bishop (h6)
=== Chess Engine Starting ===
Overhead before search: 27ms
About to call findBestMove...
findBestMove: Starting search...
Depth 1 completed in 5ms
Depth 2 completed in 11ms
Depth 3 completed in 26ms
Depth 4 completed in 395ms
Depth 5 completed in 1209ms
Search stopped at depth 6 after 9000ms
Total search time: 9000ms
findBestMove returned, bestMove: h6g7
Total program time: 9027ms
=== Chess Engine Starting ===
Overhead before search: 24ms
About to call findBestMove...
findBestMove: Starting search...
Depth 1 completed in 7ms
Depth 2 completed in 22ms
Depth 3 completed in 55ms
Depth 4 completed in 441ms
Depth 5 completed in 1181ms
Search stopped at depth 6 after 9000ms
Total search time: 9000ms
findBestMove returned, bestMove: f3e5
Total program time: 9025ms
=== Chess Engine Starting ===
Overhead before search: 22ms
About to call findBestMove...
findBestMove: Starting search...
Depth 1 completed in 5ms
Depth 2 completed in 16ms
Depth 3 completed in 33ms
Depth 4 completed in 169ms
Depth 5 completed in 458ms
Depth 6 completed in 2989ms
Depth 7 completed in 8846ms
Search stopped at depth 8 after 9000ms
Total search time: 9000ms
findBestMove returned, bestMove: g7f8
Total program time: 9023ms
=== Chess Engine Starting ===
Overhead before search: 21ms
About to call findBestMove...
findBestMove: Starting search...
Depth 1 completed in 6ms
Depth 2 completed in 17ms
Depth 3 completed in 39ms
Depth 4 completed in 169ms
Depth 5 completed in 583ms
Depth 6 completed in 7282ms
Search stopped at depth 7 after 9000ms
Total search time: 9000ms
findBestMove returned, bestMove: d4c5
Total program time: 9021ms
=== Chess Engine Starting ===
Overhead before search: 24ms
About to call findBestMove...
findBestMove: Starting search...
Depth 1 completed in 4ms
Depth 2 completed in 9ms
Depth 3 completed in 28ms
Depth 4 completed in 233ms
Depth 5 completed in 832ms
Depth 6 completed in 8123ms
Search stopped at depth 7 after 9000ms
Total search time: 9000ms
findBestMove returned, bestMove: f8c5
Total program time: 9024ms
=== Chess Engine Starting ===
Overhead before search: 21ms
About to call findBestMove...
findBestMove: Starting search...
Depth 1 completed in 4ms
Depth 2 completed in 8ms
Depth 3 completed in 22ms
Depth 4 completed in 177ms
Depth 5 completed in 685ms
Depth 6 completed in 5458ms
Search stopped at depth 7 after 9000ms
Total search time: 9000ms
findBestMove returned, bestMove: d1d5
Total program time: 9021ms
=== Chess Engine Starting ===
Overhead before search: 21ms
About to call findBestMove...
findBestMove: Starting search...
Depth 1 completed in 4ms
Depth 2 completed in 8ms
Depth 3 completed in 27ms
Depth 4 completed in 259ms
Depth 5 completed in 1127ms
Search stopped at depth 6 after 9000ms
Total search time: 9000ms
findBestMove returned, bestMove: d5f7
Total program time: 9021ms
[32;1m[Board] [0m[33;1m[WARNING][0m [5;1mBlack King in checkmate![0m
[32;1m[Board] [0m[33;1m[WARNING][0m The White player wins!
