=== Chess Engine Starting ===
Overhead before search: 31ms
About to call findBestMove...
findBestMove: Starting search...
Depth 1 completed in 5ms
Depth 2 completed in 7ms
Depth 3 completed in 13ms
Depth 4 completed in 47ms
Depth 5 completed in 207ms
Depth 6 completed in 1602ms
Depth 7 completed in 6789ms
Search stopped at depth 8 after 9000ms
Total search time: 9000ms
findBestMove returned, bestMove: g1f3
Total program time: 9031ms
=== Chess Engine Starting ===
Overhead before search: 30ms
About to call findBestMove...
findBestMove: Starting search...
Depth 1 completed in 5ms
Depth 2 completed in 7ms
Depth 3 completed in 15ms
Depth 4 completed in 73ms
Depth 5 completed in 285ms
Depth 6 completed in 1995ms
Depth 7 completed in 7517ms
Search stopped at depth 8 after 9000ms
Total search time: 9000ms
findBestMove returned, bestMove: e2e4
Total program time: 9030ms
=== Chess Engine Starting ===
Overhead before search: 30ms
About to call findBestMove...
findBestMove: Starting search...
Depth 1 completed in 5ms
Depth 2 completed in 8ms
Depth 3 completed in 22ms
Depth 4 completed in 117ms
Depth 5 completed in 544ms
Depth 6 completed in 4696ms
Search stopped at depth 7 after 9000ms
Total search time: 9000ms
findBestMove returned, bestMove: b1c3
Total program time: 9030ms
=== Chess Engine Starting ===
Overhead before search: 30ms
About to call findBestMove...
findBestMove: Starting search...
Depth 1 completed in 6ms
Depth 2 completed in 13ms
Depth 3 completed in 47ms
Depth 4 completed in 312ms
Depth 5 completed in 1394ms
Search stopped at depth 6 after 9000ms
Total search time: 9000ms
findBestMove returned, bestMove: d2d4
Total program time: 9030ms
=== Chess Engine Starting ===
Overhead before search: 31ms
About to call findBestMove...
findBestMove: Starting search...
Depth 1 completed in 6ms
Depth 2 completed in 13ms
Depth 3 completed in 37ms
Depth 4 completed in 453ms
Depth 5 completed in 1671ms
Search stopped at depth 6 after 9000ms
Total search time: 9000ms
findBestMove returned, bestMove: c1g5
Total program time: 9031ms
=== Chess Engine Starting ===
Overhead before search: 31ms
About to call findBestMove...
findBestMove: Starting search...
Depth 1 completed in 6ms
Depth 2 completed in 23ms
Depth 3 completed in 58ms
Depth 4 completed in 299ms
Depth 5 completed in 1164ms
Depth 6 completed in 7878ms
Search stopped at depth 7 after 9000ms
Total search time: 9000ms
findBestMove returned, bestMove: g5f6
Total program time: 9031ms
=== Chess Engine Starting ===
Overhead before search: 30ms
About to call findBestMove...
findBestMove: Starting search...
Depth 1 completed in 8ms
Depth 2 completed in 21ms
Depth 3 completed in 57ms
Depth 4 completed in 207ms
Depth 5 completed in 671ms
Depth 6 completed in 4670ms
Search stopped at depth 7 after 9000ms
Total search time: 9000ms
findBestMove returned, bestMove: f6g5
Total program time: 9030ms
=== Chess Engine Starting ===
Overhead before search: 30ms
About to call findBestMove...
findBestMove: Starting search...
Depth 1 completed in 7ms
Depth 2 completed in 27ms
Depth 3 completed in 87ms
Depth 4 completed in 283ms
Depth 5 completed in 938ms
Depth 6 completed in 4729ms
Search stopped at depth 7 after 9000ms
Total search time: 9000ms
findBestMove returned, bestMove: f1a6
Total program time: 9030ms
=== Chess Engine Starting ===
Overhead before search: 31ms
About to call findBestMove...
findBestMove: Starting search...
Depth 1 completed in 7ms
Depth 2 completed in 15ms
Depth 3 completed in 40ms
Depth 4 completed in 208ms
Depth 5 completed in 747ms
Depth 6 completed in 4417ms
Search stopped at depth 7 after 9000ms
Total search time: 9000ms
findBestMove returned, bestMove: a6b7
Total program time: 9031ms
=== Chess Engine Starting ===
Overhead before search: 31ms
About to call findBestMove...
findBestMove: Starting search...
Depth 1 completed in 6ms
Depth 2 completed in 21ms
Depth 3 completed in 46ms
Depth 4 completed in 274ms
Depth 5 completed in 995ms
Depth 6 completed in 5883ms
Search stopped at depth 7 after 9000ms
Total search time: 9000ms
findBestMove returned, bestMove: e4f5
Total program time: 9031ms
=== Chess Engine Starting ===
Overhead before search: 30ms
About to call findBestMove...
findBestMove: Starting search...
Depth 1 completed in 6ms
Depth 2 completed in 18ms
Depth 3 completed in 42ms
Depth 4 completed in 251ms
Depth 5 completed in 901ms
Depth 6 completed in 8238ms
Search stopped at depth 7 after 9000ms
Total search time: 9000ms
findBestMove returned, bestMove: f5e6
Total program time: 9030ms
=== Chess Engine Starting ===
Overhead before search: 30ms
About to call findBestMove...
findBestMove: Starting search...
Depth 1 completed in 5ms
Depth 2 completed in 15ms
Depth 3 completed in 37ms
Depth 4 completed in 326ms
Depth 5 completed in 1086ms
Depth 6 completed in 5233ms
Search stopped at depth 7 after 9000ms
Total search time: 9000ms
findBestMove returned, bestMove: b7a8
Total program time: 9030ms
=== Chess Engine Starting ===
Overhead before search: 30ms
About to call findBestMove...
findBestMove: Starting search...
Depth 1 completed in 6ms
Depth 2 completed in 19ms
Depth 3 completed in 43ms
Depth 4 completed in 361ms
Depth 5 completed in 1239ms
Depth 6 completed in 8937ms
Search stopped at depth 7 after 9000ms
Total search time: 9000ms
findBestMove returned, bestMove: c3d5
Total program time: 9030ms
=== Chess Engine Starting ===
Overhead before search: 31ms
About to call findBestMove...
findBestMove: Starting search...
Depth 1 completed in 6ms
Depth 2 completed in 11ms
Depth 3 completed in 29ms
Depth 4 completed in 201ms
Depth 5 completed in 556ms
Depth 6 completed in 3256ms
Search stopped at depth 7 after 9000ms
Total search time: 9000ms
findBestMove returned, bestMove: d5c7
Total program time: 9031ms
[32;1m[Board] [0m[33;1m[WARNING][0m [5;1mBlack King in checkmate![0m
[32;1m[Board] [0m[33;1m[WARNING][0m The White player wins!
