=== Chess Engine Starting ===
Overhead before search: 25ms
About to call findBestMove...
findBestMove: Starting search...
Depth 1 completed in 6ms
Depth 2 completed in 7ms
Depth 3 completed in 10ms
Depth 4 completed in 28ms
Depth 5 completed in 50ms
Depth 6 completed in 131ms
Depth 7 completed in 306ms
Depth 8 completed in 690ms
Depth 9 completed in 1276ms
Depth 10 completed in 3913ms
Depth 11 completed in 8465ms
Search stopped at depth 12 after 9000ms
Total search time: 9000ms
findBestMove returned, bestMove: g8f6
Total program time: 9025ms
=== Chess Engine Starting ===
Overhead before search: 37ms
About to call findBestMove...
findBestMove: Starting search...
Depth 1 completed in 6ms
Depth 2 completed in 8ms
Depth 3 completed in 15ms
Depth 4 completed in 57ms
Depth 5 completed in 85ms
Depth 6 completed in 242ms
Depth 7 completed in 553ms
Depth 8 completed in 1707ms
Depth 9 completed in 2653ms
Depth 10 completed in 7975ms
Search stopped at depth 11 after 9000ms
Total search time: 9000ms
findBestMove returned, bestMove: b8c6
Total program time: 9037ms
=== Chess Engine Starting ===
Overhead before search: 28ms
About to call findBestMove...
findBestMove: Starting search...
Depth 1 completed in 4ms
Depth 2 completed in 6ms
Depth 3 completed in 15ms
Depth 4 completed in 54ms
Depth 5 completed in 154ms
Depth 6 completed in 630ms
Depth 7 completed in 1029ms
Depth 8 completed in 3028ms
Depth 9 completed in 4929ms
Search stopped at depth 10 after 9000ms
Total search time: 9000ms
findBestMove returned, bestMove: d7d6
Total program time: 9028ms
=== Chess Engine Starting ===
Overhead before search: 24ms
About to call findBestMove...
findBestMove: Starting search...
Depth 1 completed in 6ms
Depth 2 completed in 10ms
Depth 3 completed in 20ms
Depth 4 completed in 69ms
Depth 5 completed in 109ms
Depth 6 completed in 330ms
Depth 7 completed in 1284ms
Depth 8 completed in 4461ms
Depth 9 completed in 7312ms
Search stopped at depth 10 after 9000ms
Total search time: 9000ms
findBestMove returned, bestMove: e7e5
Total program time: 9024ms
=== Chess Engine Starting ===
Overhead before search: 24ms
About to call findBestMove...
findBestMove: Starting search...
Depth 1 completed in 6ms
Depth 2 completed in 13ms
Depth 3 completed in 30ms
Depth 4 completed in 127ms
Depth 5 completed in 381ms
Depth 6 completed in 985ms
Depth 7 completed in 2185ms
Depth 8 completed in 6314ms
Search stopped at depth 9 after 9000ms
Total search time: 9000ms
findBestMove returned, bestMove: f6e4
Total program time: 9025ms
=== Chess Engine Starting ===
Overhead before search: 27ms
About to call findBestMove...
findBestMove: Starting search...
Depth 1 completed in 7ms
Depth 2 completed in 24ms
Depth 3 completed in 52ms
Depth 4 completed in 219ms
Depth 5 completed in 297ms
Depth 6 completed in 834ms
Depth 7 completed in 1854ms
Depth 8 completed in 8891ms
Search stopped at depth 9 after 9000ms
Total search time: 9000ms
findBestMove returned, bestMove: e5f4
Total program time: 9027ms
=== Chess Engine Starting ===
Overhead before search: 24ms
About to call findBestMove...
findBestMove: Starting search...
Depth 1 completed in 7ms
Depth 2 completed in 11ms
Depth 3 completed in 15ms
Depth 4 completed in 133ms
Depth 5 completed in 203ms
Depth 6 completed in 625ms
Depth 7 completed in 1120ms
Depth 8 completed in 2982ms
Depth 9 completed in 6736ms
Search stopped at depth 10 after 9000ms
Total search time: 9000ms
findBestMove returned, bestMove: d6d5
Total program time: 9024ms
=== Chess Engine Starting ===
Overhead before search: 24ms
About to call findBestMove...
findBestMove: Starting search...
Depth 1 completed in 8ms
Depth 2 completed in 17ms
Depth 3 completed in 67ms
Depth 4 completed in 118ms
Depth 5 completed in 210ms
Depth 6 completed in 467ms
Depth 7 completed in 947ms
Depth 8 completed in 997ms
Depth 9 completed in 4240ms
Depth 10 completed in 5783ms
Search stopped at depth 11 after 9000ms
Total search time: 9000ms
findBestMove returned, bestMove: c6d4
Total program time: 9024ms
=== Chess Engine Starting ===
Overhead before search: 25ms
About to call findBestMove...
findBestMove: Starting search...
Depth 1 completed in 7ms
Depth 2 completed in 20ms
Depth 3 completed in 62ms
Depth 4 completed in 167ms
Depth 5 completed in 269ms
Depth 6 completed in 525ms
Depth 7 completed in 997ms
Depth 8 completed in 1446ms
Depth 9 completed in 3496ms
Depth 10 completed in 7692ms
Search stopped at depth 11 after 9000ms
Total search time: 9000ms
findBestMove returned, bestMove: d4e2
Total program time: 9025ms
=== Chess Engine Starting ===
Overhead before search: 21ms
About to call findBestMove...
findBestMove: Starting search...
Depth 1 completed in 6ms
Depth 2 completed in 9ms
Depth 3 completed in 35ms
Depth 4 completed in 58ms
Depth 5 completed in 90ms
Depth 6 completed in 322ms
Depth 7 completed in 447ms
Depth 8 completed in 1206ms
Depth 9 completed in 1567ms
Depth 10 completed in 5354ms
Depth 11 completed in 7085ms
Search stopped at depth 12 after 9000ms
Total search time: 9000ms
findBestMove returned, bestMove: d8h4
Total program time: 9021ms
[32;1m[Board] [0m[33;1m[WARNING][0m [5;1mWhite King in check![0m
[32;1m[Board] [0m[33;1m[WARNING][0m    Threatened by Black Queen (h4)
=== Chess Engine Starting ===
Overhead before search: 24ms
About to call findBestMove...
findBestMove: Starting search...
Depth 1 completed in 8ms
Depth 2 completed in 14ms
Depth 3 completed in 79ms
Depth 4 completed in 127ms
Depth 5 completed in 191ms
Depth 6 completed in 329ms
Depth 7 completed in 441ms
Depth 8 completed in 844ms
Depth 9 completed in 2512ms
Depth 10 completed in 8189ms
Search stopped at depth 11 after 9000ms
Total search time: 9000ms
findBestMove returned, bestMove: e2g1
Total program time: 9025ms
=== Chess Engine Starting ===
Overhead before search: 21ms
About to call findBestMove...
findBestMove: Starting search...
Depth 1 completed in 6ms
Depth 2 completed in 9ms
Depth 3 completed in 37ms
Depth 4 completed in 39ms
Depth 5 completed in 53ms
Depth 6 completed in 132ms
Depth 7 completed in 216ms
Depth 8 completed in 415ms
Depth 9 completed in 819ms
Depth 10 completed in 7556ms
Search stopped at depth 11 after 9000ms
Total search time: 9000ms
findBestMove returned, bestMove: e4c3
Total program time: 9021ms
[32;1m[Board] [0m[33;1m[WARNING][0m [5;1mWhite King in check![0m
[32;1m[Board] [0m[33;1m[WARNING][0m    Threatened by Black Knight (c3)
=== Chess Engine Starting ===
Overhead before search: 25ms
About to call findBestMove...
findBestMove: Starting search...
Depth 1 completed in 7ms
Depth 2 completed in 11ms
Depth 3 completed in 70ms
Depth 4 completed in 73ms
Depth 5 completed in 164ms
Depth 6 completed in 261ms
Depth 7 completed in 380ms
Depth 8 completed in 380ms
Depth 9 completed in 1337ms
Depth 10 completed in 4088ms
Search stopped at depth 11 after 9000ms
Total search time: 9000ms
findBestMove returned, bestMove: c3b1
Total program time: 9025ms
[32;1m[Board] [0m[33;1m[WARNING][0m [5;1mWhite King in check![0m
[32;1m[Board] [0m[33;1m[WARNING][0m    Threatened by Black Knight (b1)
=== Chess Engine Starting ===
Overhead before search: 18ms
About to call findBestMove...
findBestMove: Starting search...
Depth 1 completed in 6ms
Depth 2 completed in 9ms
Depth 3 completed in 44ms
Depth 4 completed in 62ms
Depth 5 completed in 106ms
Depth 6 completed in 204ms
Depth 7 completed in 335ms
Depth 8 completed in 438ms
Depth 9 completed in 1109ms
Depth 10 completed in 2253ms
Depth 11 completed in 6380ms
Search stopped at depth 12 after 9000ms
Total search time: 9000ms
findBestMove returned, bestMove: h4e7
Total program time: 9018ms
=== Chess Engine Starting ===
Overhead before search: 24ms
About to call findBestMove...
findBestMove: Starting search...
Depth 1 completed in 7ms
Depth 2 completed in 10ms
Depth 3 completed in 41ms
Depth 4 completed in 43ms
Depth 5 completed in 50ms
Depth 6 completed in 114ms
Depth 7 completed in 206ms
Depth 8 completed in 206ms
Depth 9 completed in 524ms
Depth 10 completed in 585ms
Depth 11 completed in 1505ms
Depth 12 completed in 1861ms
Depth 13 completed in 6049ms
Depth 14 completed in 7620ms
Search stopped at depth 15 after 9000ms
Total search time: 9000ms
findBestMove returned, bestMove: e7e4
Total program time: 9024ms
[32;1m[Board] [0m[33;1m[WARNING][0m [5;1mWhite King in checkmate![0m
[32;1m[Board] [0m[33;1m[WARNING][0m The Black player wins!
