e7e5
d7d5
b8c6
c8h3
g8f6
f8b4
e5e4
b7b5
a7a6
e8g8
c6e5
d8d6
e5g6
b4c5
c5b6
f6h5
g6e5
h5f4
e5c4
f4e6
c4a3
e6f4
f4e6
a6a5
b6a5
a5b6
d6c5
b5b4
c5c6
c6c1
[32;1m[Board] [0m[33;1m[WARNING][0m [5;1mWhite King in check![0m
[32;1m[Board] [0m[33;1m[WARNING][0m    Threatened by Black Queen (c1)
e6c5
c5a4
a8e8
e8d8
d8d5
d5f5
a4c5
[32;1m[Board] [0m[33;1m[WARNING][0m [5;1mBlack King in check![0m
[32;1m[Board] [0m[33;1m[WARNING][0m    Threatened by White Rook (g7)
g8h8
[32;1m[Board] [0m[33;1m[WARNING][0m [5;1mBlack King in check![0m
[32;1m[Board] [0m[33;1m[WARNING][0m    Threatened by White Rook (h7)
h8h7
h7g8
f5e5
e5d5
c5d3
[32;1m[Board] [0m[33;1m[WARNING][0m [5;1mWhite King in check![0m
[32;1m[Board] [0m[33;1m[WARNING][0m    Threatened by Black Knight (d3)
e4d3
f7f5
d5b5
g8f7
b5d5
b6c5
c5a7
f7e6
e6d5
a7c5
c5e3
f5f4
d5e4
e4f4
c7c5
f4f5
[32;1m[Board] [0m[33;1m[WARNING][0m [5;1mBlack King in check![0m
[32;1m[Board] [0m[33;1m[WARNING][0m    Threatened by White Queen (d5)
f5f4
f4g4
[32;1m[Board] [0m[33;1m[WARNING][0m [5;1mBlack King in check![0m
[32;1m[Board] [0m[33;1m[WARNING][0m    Threatened by White Queen (g8)
g4h3
[32;1m[Board] [0m[33;1m[WARNING][0m [5;1mBlack King in checkmate![0m
[32;1m[Board] [0m[33;1m[WARNING][0m The White player wins!
