Error: opening.txt not found in current directory.
Error: opening.txt not found in current directory.
Error: opening.txt not found in current directory.
Error: opening.txt not found in current directory.
Error: opening.txt not found in current directory.
Error: opening.txt not found in current directory.
Error: opening.txt not found in current directory.
[32;1m[Board] [0m[33;1m[WARNING][0m [5;1mWhite King in check![0m
[32;1m[Board] [0m[33;1m[WARNING][0m    Threatened by Black Bishop (b4)
Error: opening.txt not found in current directory.
[32;1m[Board] [0m[33;1m[WARNING][0m [5;1mWhite King in check![0m
[32;1m[Board] [0m[33;1m[WARNING][0m    Threatened by Black Bishop (d2)
Error: opening.txt not found in current directory.
Error: opening.txt not found in current directory.
Error: opening.txt not found in current directory.
[32;1m[Board] [0m[33;1m[WARNING][0m [5;1mWhite King in check![0m
[32;1m[Board] [0m[33;1m[WARNING][0m    Threatened by Black Knight (d4)
Error: opening.txt not found in current directory.
[32;1m[Board] [0m[33;1m[WARNING][0m [5;1mWhite King in check![0m
[32;1m[Board] [0m[33;1m[WARNING][0m    Threatened by Black Knight (c2)
Error: opening.txt not found in current directory.
Error: opening.txt not found in current directory.
Error: opening.txt not found in current directory.
Error: opening.txt not found in current directory.
Error: opening.txt not found in current directory.
[32;1m[Board] [0m[33;1m[WARNING][0m [5;1mWhite King in check![0m
[32;1m[Board] [0m[33;1m[WARNING][0m    Threatened by Black Knight (d2)
Error: opening.txt not found in current directory.
[32;1m[Board] [0m[33;1m[WARNING][0m [5;1mWhite King in check![0m
[32;1m[Board] [0m[33;1m[WARNING][0m    Threatened by Black Bishop (b4)
Error: opening.txt not found in current directory.
Error: opening.txt not found in current directory.
Error: opening.txt not found in current directory.
Error: opening.txt not found in current directory.
[32;1m[Board] [0m[33;1m[WARNING][0m [5;1mWhite King in check![0m
[32;1m[Board] [0m[33;1m[WARNING][0m    Threatened by Black Knight (e3)
Error: opening.txt not found in current directory.
[32;1m[Board] [0m[33;1m[WARNING][0m [5;1mWhite King in check![0m
[32;1m[Board] [0m[33;1m[WARNING][0m    Threatened by Black Bishop (a3)
Error: opening.txt not found in current directory.
Error: opening.txt not found in current directory.
Error: opening.txt not found in current directory.
[32;1m[Board] [0m[33;1m[WARNING][0m [5;1mWhite King in check![0m
[32;1m[Board] [0m[33;1m[WARNING][0m    Threatened by Black Knight (c2)
Error: opening.txt not found in current directory.
Error: opening.txt not found in current directory.
[32;1m[Board] [0m[33;1m[WARNING][0m [5;1mWhite King in check![0m
[32;1m[Board] [0m[33;1m[WARNING][0m    Threatened by Black Knight (a3)
Error: opening.txt not found in current directory.
[32;1m[Board] [0m[33;1m[WARNING][0m [5;1mWhite King in check![0m
[32;1m[Board] [0m[33;1m[WARNING][0m    Threatened by Black Knight (c2)
Error: opening.txt not found in current directory.
[32;1m[Board] [0m[33;1m[WARNING][0m [5;1mWhite King in check![0m
[32;1m[Board] [0m[33;1m[WARNING][0m    Threatened by Black Knight (b4)
Error: opening.txt not found in current directory.
[32;1m[Board] [0m[33;1m[WARNING][0m [5;1mWhite King in check![0m
[32;1m[Board] [0m[33;1m[WARNING][0m    Threatened by Black Knight (c2)
[32;1m[Board] [0m[33;1m[WARNING][0m Current board equals previous board (move #59)
Error: opening.txt not found in current directory.
[32;1m[Board] [0m[33;1m[WARNING][0m Current board equals previous board (move #60)
[32;1m[Board] [0m[33;1m[WARNING][0m [5;1mWhite King in check![0m
[32;1m[Board] [0m[33;1m[WARNING][0m    Threatened by Black Knight (b4)
Error: opening.txt not found in current directory.
Error: opening.txt not found in current directory.
[32;1m[Board] [0m[33;1m[WARNING][0m [5;1mWhite King in check![0m
[32;1m[Board] [0m[33;1m[WARNING][0m    Threatened by Black Queen (f6)
Error: opening.txt not found in current directory.
[32;1m[Board] [0m[33;1m[WARNING][0m [5;1mWhite King in check![0m
[32;1m[Board] [0m[33;1m[WARNING][0m    Threatened by Black Knight (c2)
Error: opening.txt not found in current directory.
Error: opening.txt not found in current directory.
[32;1m[Board] [0m[33;1m[WARNING][0m [5;1mWhite King in checkmate![0m
[32;1m[Board] [0m[33;1m[WARNING][0m The Black player wins!
