=== Chess Engine Starting ===
Overhead before search: 30ms
About to call findBestMove...
findBestMove: Starting search...
Depth 1 completed in 7ms
Depth 2 completed in 9ms
Depth 3 completed in 17ms
Depth 4 completed in 71ms
Depth 5 completed in 247ms
Depth 6 completed in 1730ms
Search stopped at depth 7 after 9000ms
Total search time: 9000ms
findBestMove returned, bestMove: g8f6
Total program time: 9030ms
=== Chess Engine Starting ===
Overhead before search: 60ms
About to call findBestMove...
findBestMove: Starting search...
Depth 1 completed in 12ms
Depth 2 completed in 20ms
Depth 3 completed in 57ms
Depth 4 completed in 217ms
Depth 5 completed in 793ms
Depth 6 completed in 3809ms
Search stopped at depth 7 after 9000ms
Total search time: 9000ms
findBestMove returned, bestMove: d7d5
Total program time: 9060ms
=== Chess Engine Starting ===
Overhead before search: 30ms
About to call findBestMove...
findBestMove: Starting search...
Depth 1 completed in 6ms
Depth 2 completed in 12ms
Depth 3 completed in 40ms
Depth 4 completed in 279ms
Depth 5 completed in 1273ms
Depth 6 completed in 7633ms
Search stopped at depth 7 after 9000ms
Total search time: 9000ms
findBestMove returned, bestMove: b8c6
Total program time: 9030ms
=== Chess Engine Starting ===
Overhead before search: 86ms
About to call findBestMove...
findBestMove: Starting search...
Depth 1 completed in 13ms
Depth 2 completed in 20ms
Depth 3 completed in 41ms
Depth 4 completed in 331ms
Depth 5 completed in 1248ms
Depth 6 completed in 7290ms
Search stopped at depth 7 after 9000ms
Total search time: 9000ms
findBestMove returned, bestMove: c8f5
Total program time: 9086ms
=== Chess Engine Starting ===
Overhead before search: 30ms
About to call findBestMove...
findBestMove: Starting search...
Depth 1 completed in 6ms
Depth 2 completed in 20ms
Depth 3 completed in 58ms
Depth 4 completed in 466ms
Depth 5 completed in 1728ms
Search stopped at depth 6 after 9000ms
Total search time: 9000ms
findBestMove returned, bestMove: h7h6
Total program time: 9030ms
=== Chess Engine Starting ===
Overhead before search: 30ms
About to call findBestMove...
findBestMove: Starting search...
Depth 1 completed in 6ms
Depth 2 completed in 12ms
Depth 3 completed in 64ms
Depth 4 completed in 245ms
Depth 5 completed in 992ms
Depth 6 completed in 5482ms
Search stopped at depth 7 after 9000ms
Total search time: 9000ms
findBestMove returned, bestMove: h6g5
Total program time: 9030ms
=== Chess Engine Starting ===
Overhead before search: 30ms
About to call findBestMove...
findBestMove: Starting search...
Depth 1 completed in 6ms
Depth 2 completed in 21ms
Depth 3 completed in 96ms
Depth 4 completed in 408ms
Depth 5 completed in 1561ms
Search stopped at depth 6 after 9000ms
Total search time: 9000ms
findBestMove returned, bestMove: d8d6
Total program time: 9030ms
=== Chess Engine Starting ===
Overhead before search: 30ms
About to call findBestMove...
findBestMove: Starting search...
Depth 1 completed in 6ms
Depth 2 completed in 13ms
Depth 3 completed in 42ms
Depth 4 completed in 279ms
Depth 5 completed in 963ms
Depth 6 completed in 6198ms
Search stopped at depth 7 after 9000ms
Total search time: 9000ms
findBestMove returned, bestMove: f5b1
Total program time: 9030ms
=== Chess Engine Starting ===
Overhead before search: 32ms
About to call findBestMove...
findBestMove: Starting search...
Depth 1 completed in 14ms
Depth 2 completed in 29ms
Depth 3 completed in 100ms
Depth 4 completed in 465ms
Depth 5 completed in 1816ms
Search stopped at depth 6 after 9000ms
Total search time: 9000ms
findBestMove returned, bestMove: b1f5
Total program time: 9032ms
=== Chess Engine Starting ===
Overhead before search: 32ms
About to call findBestMove...
findBestMove: Starting search...
Depth 1 completed in 6ms
Depth 2 completed in 21ms
Depth 3 completed in 59ms
Depth 4 completed in 472ms
Depth 5 completed in 2103ms
Search stopped at depth 6 after 9000ms
Total search time: 9000ms
findBestMove returned, bestMove: c6d4
Total program time: 9032ms
=== Chess Engine Starting ===
Overhead before search: 31ms
About to call findBestMove...
findBestMove: Starting search...
Depth 1 completed in 6ms
Depth 2 completed in 28ms
Depth 3 completed in 116ms
Depth 4 completed in 715ms
Depth 5 completed in 2189ms
Search stopped at depth 6 after 9000ms
Total search time: 9000ms
findBestMove returned, bestMove: f6e4
Total program time: 9031ms
=== Chess Engine Starting ===
Overhead before search: 30ms
About to call findBestMove...
findBestMove: Starting search...
Depth 1 completed in 9ms
Depth 2 completed in 30ms
Depth 3 completed in 68ms
Depth 4 completed in 398ms
Depth 5 completed in 1303ms
Search stopped at depth 6 after 9000ms
Total search time: 9000ms
findBestMove returned, bestMove: d4c2
Total program time: 9030ms
[32;1m[Board] [0m[33;1m[WARNING][0m [5;1mWhite King in check![0m
[32;1m[Board] [0m[33;1m[WARNING][0m    Threatened by Black Knight (c2)
=== Chess Engine Starting ===
Overhead before search: 30ms
About to call findBestMove...
findBestMove: Starting search...
Depth 1 completed in 6ms
Depth 2 completed in 16ms
Depth 3 completed in 49ms
Depth 4 completed in 402ms
Depth 5 completed in 1514ms
Depth 6 completed in 8881ms
Search stopped at depth 7 after 9000ms
Total search time: 9000ms
findBestMove returned, bestMove: e4f2
Total program time: 9030ms
[32;1m[Board] [0m[33;1m[WARNING][0m [5;1mWhite King in check![0m
[32;1m[Board] [0m[33;1m[WARNING][0m    Threatened by Black Knight (f2)
=== Chess Engine Starting ===
Overhead before search: 30ms
About to call findBestMove...
findBestMove: Starting search...
Depth 1 completed in 6ms
Depth 2 completed in 17ms
Depth 3 completed in 63ms
Depth 4 completed in 706ms
Depth 5 completed in 2294ms
Search stopped at depth 6 after 9000ms
Total search time: 9000ms
findBestMove returned, bestMove: f2h1
Total program time: 9030ms
=== Chess Engine Starting ===
Overhead before search: 22ms
About to call findBestMove...
findBestMove: Starting search...
Depth 1 completed in 4ms
Depth 2 completed in 13ms
Depth 3 completed in 35ms
Depth 4 completed in 351ms
Depth 5 completed in 1200ms
Search stopped at depth 6 after 9000ms
Total search time: 9000ms
findBestMove returned, bestMove: c2b4
Total program time: 9022ms
=== Chess Engine Starting ===
Overhead before search: 24ms
About to call findBestMove...
findBestMove: Starting search...
Depth 1 completed in 4ms
Depth 2 completed in 14ms
Depth 3 completed in 51ms
Depth 4 completed in 327ms
Depth 5 completed in 902ms
Depth 6 completed in 7894ms
Search stopped at depth 7 after 9000ms
Total search time: 9000ms
findBestMove returned, bestMove: d6f4
Total program time: 9024ms
[32;1m[Board] [0m[33;1m[WARNING][0m [5;1mWhite King in check![0m
[32;1m[Board] [0m[33;1m[WARNING][0m    Threatened by Black Queen (f4)
=== Chess Engine Starting ===
Overhead before search: 23ms
About to call findBestMove...
findBestMove: Starting search...
Depth 1 completed in 4ms
Depth 2 completed in 10ms
Depth 3 completed in 32ms
Depth 4 completed in 281ms
Depth 5 completed in 934ms
Depth 6 completed in 7912ms
Search stopped at depth 7 after 9000ms
Total search time: 9000ms
findBestMove returned, bestMove: f4c1
Total program time: 9023ms
=== Chess Engine Starting ===
Overhead before search: 28ms
About to call findBestMove...
findBestMove: Starting search...
Depth 1 completed in 4ms
Depth 2 completed in 15ms
Depth 3 completed in 31ms
Depth 4 completed in 222ms
Depth 5 completed in 815ms
Depth 6 completed in 6973ms
Search stopped at depth 7 after 9000ms
Total search time: 9000ms
findBestMove returned, bestMove: d5c4
Total program time: 9028ms
=== Chess Engine Starting ===
Overhead before search: 36ms
About to call findBestMove...
findBestMove: Starting search...
Depth 1 completed in 4ms
Depth 2 completed in 8ms
Depth 3 completed in 20ms
Depth 4 completed in 150ms
Depth 5 completed in 540ms
Depth 6 completed in 3913ms
Search stopped at depth 7 after 9000ms
Total search time: 9000ms
findBestMove returned, bestMove: h8h2
Total program time: 9036ms
[32;1m[Board] [0m[33;1m[WARNING][0m [5;1mWhite King in check![0m
[32;1m[Board] [0m[33;1m[WARNING][0m    Threatened by Black Rook (h2)
=== Chess Engine Starting ===
Overhead before search: 36ms
About to call findBestMove...
findBestMove: Starting search...
Depth 1 completed in 4ms
Depth 2 completed in 7ms
Depth 3 completed in 21ms
Depth 4 completed in 151ms
Depth 5 completed in 507ms
Depth 6 completed in 3595ms
Search stopped at depth 7 after 9000ms
Total search time: 9000ms
findBestMove returned, bestMove: c1d2
Total program time: 9036ms
[32;1m[Board] [0m[33;1m[WARNING][0m [5;1mWhite King in check![0m
[32;1m[Board] [0m[33;1m[WARNING][0m    Threatened by Black Queen (d2)
=== Chess Engine Starting ===
Overhead before search: 33ms
About to call findBestMove...
findBestMove: Starting search...
Depth 1 completed in 5ms
Depth 2 completed in 9ms
Depth 3 completed in 23ms
Depth 4 completed in 151ms
Depth 5 completed in 544ms
Depth 6 completed in 3656ms
Search stopped at depth 7 after 9000ms
Total search time: 9000ms
findBestMove returned, bestMove: d2f2
Total program time: 9033ms
[32;1m[Board] [0m[33;1m[WARNING][0m [5;1mWhite King in checkmate![0m
[32;1m[Board] [0m[33;1m[WARNING][0m The Black player wins!
