time for move generation: 1710 ms
time for move generation: 2901 ms
time for move generation: 1571 ms
time for move generation: 4006 ms
time for move generation: 6127 ms
time for move generation: 2124 ms
time for move generation: 2476 ms
time for move generation: 3531 ms
time for move generation: 8054 ms
time for move generation: 4575 ms
time for move generation: 2178 ms
time for move generation: 3084 ms
[32;1m[Board] [0m[33;1m[WARNING][0m [5;1mBlack King in check![0m
[32;1m[Board] [0m[33;1m[WARNING][0m    Threatened by White Bishop (g6)
time for move generation: 3977 ms
[32;1m[Board] [0m[33;1m[WARNING][0m [5;1mBlack King in check![0m
[32;1m[Board] [0m[33;1m[WARNING][0m    Threatened by White Pawn (d6)
time for move generation: 8062 ms
time for move generation: 4755 ms
time for move generation: 5949 ms
time for move generation: 3657 ms
time for move generation: 4255 ms
[32;1m[Board] [0m[33;1m[WARNING][0m [5;1mBlack King in check![0m
[32;1m[Board] [0m[33;1m[WARNING][0m    Threatened by White Queen (b7)
time for move generation: 2946 ms
[32;1m[Board] [0m[33;1m[WARNING][0m [5;1mBlack King in check![0m
[32;1m[Board] [0m[33;1m[WARNING][0m    Threatened by White Queen (e4)
time for move generation: 4542 ms
[32;1m[Board] [0m[33;1m[WARNING][0m [5;1mBlack King in check![0m
[32;1m[Board] [0m[33;1m[WARNING][0m    Threatened by White Queen (b7)
time for move generation: 3101 ms
time for move generation: 3655 ms
[32;1m[Board] [0m[33;1m[WARNING][0m [5;1mBlack King in check![0m
[32;1m[Board] [0m[33;1m[WARNING][0m    Threatened by White Queen (c5)
time for move generation: 11 ms
[32;1m[Board] [0m[33;1m[WARNING][0m [5;1mBlack King in checkmate![0m
[32;1m[Board] [0m[33;1m[WARNING][0m The White player wins!
