=== Chess Engine Starting ===
Overhead before search: 30ms
About to call findBestMove...
findBestMove: Starting search...
Depth 1 completed in 5ms
Depth 2 completed in 7ms
Depth 3 completed in 12ms
Depth 4 completed in 47ms
Depth 5 completed in 207ms
Depth 6 completed in 1609ms
Depth 7 completed in 6991ms
Search stopped at depth 8 after 9000ms
Total search time: 9000ms
findBestMove returned, bestMove: g1f3
Total program time: 9030ms
=== Chess Engine Starting ===
Overhead before search: 25ms
About to call findBestMove...
findBestMove: Starting search...
Depth 1 completed in 3ms
Depth 2 completed in 5ms
Depth 3 completed in 9ms
Depth 4 completed in 40ms
Depth 5 completed in 266ms
Depth 6 completed in 2318ms
Depth 7 completed in 8531ms
Search stopped at depth 8 after 9000ms
Total search time: 9000ms
findBestMove returned, bestMove: e2e4
Total program time: 9025ms
=== Chess Engine Starting ===
Overhead before search: 31ms
About to call findBestMove...
findBestMove: Starting search...
Depth 1 completed in 6ms
Depth 2 completed in 13ms
Depth 3 completed in 68ms
Depth 4 completed in 250ms
Depth 5 completed in 1105ms
Depth 6 completed in 8666ms
Search stopped at depth 7 after 9000ms
Total search time: 9000ms
findBestMove returned, bestMove: b1c3
Total program time: 9031ms
=== Chess Engine Starting ===
Overhead before search: 31ms
About to call findBestMove...
findBestMove: Starting search...
Depth 1 completed in 6ms
Depth 2 completed in 16ms
Depth 3 completed in 54ms
Depth 4 completed in 334ms
Depth 5 completed in 1029ms
Depth 6 completed in 6026ms
Search stopped at depth 7 after 9000ms
Total search time: 9000ms
findBestMove returned, bestMove: d2d4
Total program time: 9031ms
=== Chess Engine Starting ===
Overhead before search: 31ms
About to call findBestMove...
findBestMove: Starting search...
Depth 1 completed in 7ms
Depth 2 completed in 26ms
Depth 3 completed in 73ms
Depth 4 completed in 304ms
Depth 5 completed in 1953ms
Search stopped at depth 6 after 9000ms
Total search time: 9000ms
findBestMove returned, bestMove: c1e3
Total program time: 9031ms
=== Chess Engine Starting ===
Overhead before search: 32ms
About to call findBestMove...
findBestMove: Starting search...
Depth 1 completed in 8ms
Depth 2 completed in 40ms
Depth 3 completed in 217ms
Depth 4 completed in 564ms
Depth 5 completed in 3267ms
Search stopped at depth 6 after 9000ms
Total search time: 9000ms
findBestMove returned, bestMove: d4d5
Total program time: 9033ms
=== Chess Engine Starting ===
Overhead before search: 31ms
About to call findBestMove...
findBestMove: Starting search...
Depth 1 completed in 8ms
Depth 2 completed in 27ms
Depth 3 completed in 163ms
Depth 4 completed in 600ms
Depth 5 completed in 3022ms
Search stopped at depth 6 after 9000ms
Total search time: 9000ms
findBestMove returned, bestMove: f1c4
Total program time: 9031ms
=== Chess Engine Starting ===
Overhead before search: 25ms
About to call findBestMove...
findBestMove: Starting search...
Depth 1 completed in 6ms
Depth 2 completed in 19ms
Depth 3 completed in 49ms
Depth 4 completed in 348ms
Depth 5 completed in 1322ms
Search stopped at depth 6 after 9000ms
Total search time: 9000ms
findBestMove returned, bestMove: c4d5
Total program time: 9025ms
=== Chess Engine Starting ===
Overhead before search: 30ms
About to call findBestMove...
findBestMove: Starting search...
Depth 1 completed in 6ms
Depth 2 completed in 20ms
Depth 3 completed in 88ms
Depth 4 completed in 589ms
Depth 5 completed in 1995ms
Search stopped at depth 6 after 9000ms
Total search time: 9000ms
findBestMove returned, bestMove: d5a8
Total program time: 9031ms
=== Chess Engine Starting ===
Overhead before search: 21ms
About to call findBestMove...
findBestMove: Starting search...
Depth 1 completed in 4ms
Depth 2 completed in 8ms
Depth 3 completed in 43ms
Depth 4 completed in 210ms
Depth 5 completed in 690ms
Depth 6 completed in 2910ms
Search stopped at depth 7 after 9000ms
Total search time: 9000ms
findBestMove returned, bestMove: f3e5
Total program time: 9021ms
=== Chess Engine Starting ===
Overhead before search: 30ms
About to call findBestMove...
findBestMove: Starting search...
Depth 1 completed in 10ms
Depth 2 completed in 25ms
Depth 3 completed in 46ms
Depth 4 completed in 212ms
Depth 5 completed in 602ms
Depth 6 completed in 4561ms
Search stopped at depth 7 after 9000ms
Total search time: 9000ms
findBestMove returned, bestMove: e5c6
Total program time: 9030ms
[32;1m[Board] [0m[33;1m[WARNING][0m [5;1mBlack King in check![0m
[32;1m[Board] [0m[33;1m[WARNING][0m    Threatened by White Knight (c6)
=== Chess Engine Starting ===
Overhead before search: 21ms
About to call findBestMove...
findBestMove: Starting search...
Depth 1 completed in 4ms
Depth 2 completed in 11ms
Depth 3 completed in 27ms
Depth 4 completed in 162ms
Depth 5 completed in 562ms
Depth 6 completed in 3271ms
Search stopped at depth 7 after 9000ms
Total search time: 9000ms
findBestMove returned, bestMove: d1h5
Total program time: 9021ms
[32;1m[Board] [0m[33;1m[WARNING][0m [5;1mBlack King in checkmate![0m
[32;1m[Board] [0m[33;1m[WARNING][0m The White player wins!
