=== Chess Engine Starting ===
Overhead before search: 24ms
About to call findBestMove...
findBestMove: Starting search...
Depth 1 completed in 6ms
Depth 2 completed in 7ms
Depth 3 completed in 9ms
Depth 4 completed in 24ms
Depth 5 completed in 44ms
Depth 6 completed in 124ms
Depth 7 completed in 329ms
Depth 8 completed in 1410ms
Depth 9 completed in 3790ms
Search stopped at depth 10 after 9000ms
Total search time: 9000ms
findBestMove returned, bestMove: b1c3
Total program time: 9024ms
=== Chess Engine Starting ===
Overhead before search: 24ms
About to call findBestMove...
findBestMove: Starting search...
Depth 1 completed in 6ms
Depth 2 completed in 8ms
Depth 3 completed in 14ms
Depth 4 completed in 34ms
Depth 5 completed in 78ms
Depth 6 completed in 249ms
Depth 7 completed in 844ms
Depth 8 completed in 1892ms
Depth 9 completed in 3300ms
Search stopped at depth 10 after 9000ms
Total search time: 9000ms
findBestMove returned, bestMove: d2d4
Total program time: 9024ms
=== Chess Engine Starting ===
Overhead before search: 24ms
About to call findBestMove...
findBestMove: Starting search...
Depth 1 completed in 7ms
Depth 2 completed in 11ms
Depth 3 completed in 17ms
Depth 4 completed in 26ms
Depth 5 completed in 85ms
Depth 6 completed in 452ms
Depth 7 completed in 1078ms
Depth 8 completed in 1901ms
Depth 9 completed in 3972ms
Search stopped at depth 10 after 9000ms
Total search time: 9000ms
findBestMove returned, bestMove: d4d5
Total program time: 9024ms
=== Chess Engine Starting ===
Overhead before search: 48ms
About to call findBestMove...
findBestMove: Starting search...
Depth 1 completed in 13ms
Depth 2 completed in 26ms
Depth 3 completed in 44ms
Depth 4 completed in 98ms
Depth 5 completed in 166ms
Depth 6 completed in 257ms
Depth 7 completed in 714ms
Depth 8 completed in 1459ms
Depth 9 completed in 2462ms
Depth 10 completed in 4322ms
Search stopped at depth 11 after 9000ms
Total search time: 9000ms
findBestMove returned, bestMove: d1d4
Total program time: 9049ms
=== Chess Engine Starting ===
Overhead before search: 29ms
About to call findBestMove...
findBestMove: Starting search...
Depth 1 completed in 7ms
Depth 2 completed in 10ms
Depth 3 completed in 35ms
Depth 4 completed in 79ms
Depth 5 completed in 141ms
Depth 6 completed in 236ms
Depth 7 completed in 544ms
Depth 8 completed in 668ms
Depth 9 completed in 1855ms
Depth 10 completed in 2692ms
Depth 11 completed in 8884ms
Search stopped at depth 12 after 9000ms
Total search time: 9000ms
findBestMove returned, bestMove: d4e5
Total program time: 9029ms
[32;1m[Board] [0m[33;1m[WARNING][0m [5;1mBlack King in check![0m
[32;1m[Board] [0m[33;1m[WARNING][0m    Threatened by White Queen (e5)
=== Chess Engine Starting ===
Overhead before search: 25ms
About to call findBestMove...
findBestMove: Starting search...
Depth 1 completed in 7ms
Depth 2 completed in 13ms
Depth 3 completed in 33ms
Depth 4 completed in 203ms
Depth 5 completed in 286ms
Depth 6 completed in 508ms
Depth 7 completed in 776ms
Depth 8 completed in 1599ms
Depth 9 completed in 2566ms
Depth 10 completed in 5080ms
Depth 11 completed in 8818ms
Search stopped at depth 12 after 9000ms
Total search time: 9000ms
findBestMove returned, bestMove: e5g7
Total program time: 9025ms
=== Chess Engine Starting ===
Overhead before search: 23ms
About to call findBestMove...
findBestMove: Starting search...
Depth 1 completed in 6ms
Depth 2 completed in 13ms
Depth 3 completed in 24ms
Depth 4 completed in 29ms
Depth 5 completed in 81ms
Depth 6 completed in 181ms
Depth 7 completed in 369ms
Depth 8 completed in 523ms
Depth 9 completed in 1097ms
Depth 10 completed in 1910ms
Depth 11 completed in 3987ms
Depth 12 completed in 7269ms
Search stopped at depth 13 after 9000ms
Total search time: 9000ms
findBestMove returned, bestMove: g7h8
Total program time: 9023ms
=== Chess Engine Starting ===
Overhead before search: 22ms
About to call findBestMove...
findBestMove: Starting search...
Depth 1 completed in 5ms
Depth 2 completed in 6ms
Depth 3 completed in 25ms
Depth 4 completed in 32ms
Depth 5 completed in 81ms
Depth 6 completed in 431ms
Depth 7 completed in 920ms
Depth 8 completed in 1397ms
Depth 9 completed in 3710ms
Depth 10 completed in 8472ms
Search stopped at depth 11 after 9000ms
Total search time: 9000ms
findBestMove returned, bestMove: c1g5
Total program time: 9022ms
=== Chess Engine Starting ===
Overhead before search: 24ms
About to call findBestMove...
findBestMove: Starting search...
Depth 1 completed in 7ms
Depth 2 completed in 9ms
Depth 3 completed in 29ms
Depth 4 completed in 31ms
Depth 5 completed in 40ms
Depth 6 completed in 206ms
Depth 7 completed in 405ms
Depth 8 completed in 414ms
Depth 9 completed in 900ms
Depth 10 completed in 1152ms
Depth 11 completed in 5882ms
Depth 12 completed in 7409ms
Search stopped at depth 13 after 9000ms
Total search time: 9000ms
findBestMove returned, bestMove: h8g8
Total program time: 9024ms
[32;1m[Board] [0m[33;1m[WARNING][0m [5;1mBlack King in check![0m
[32;1m[Board] [0m[33;1m[WARNING][0m    Threatened by White Queen (g8)
=== Chess Engine Starting ===
Overhead before search: 24ms
About to call findBestMove...
findBestMove: Starting search...
Depth 1 completed in 6ms
Depth 2 completed in 11ms
Depth 3 completed in 33ms
Depth 4 completed in 86ms
Depth 5 completed in 132ms
Depth 6 completed in 227ms
Depth 7 completed in 424ms
Depth 8 completed in 540ms
Depth 9 completed in 2074ms
Depth 10 completed in 3121ms
Depth 11 completed in 7378ms
Search stopped at depth 12 after 9000ms
Total search time: 9000ms
findBestMove returned, bestMove: g5d8
Total program time: 9024ms
=== Chess Engine Starting ===
Overhead before search: 16ms
About to call findBestMove...
findBestMove: Starting search...
Depth 1 completed in 4ms
Depth 2 completed in 10ms
Depth 3 completed in 21ms
Depth 4 completed in 37ms
Depth 5 completed in 58ms
Depth 6 completed in 178ms
Depth 7 completed in 332ms
Depth 8 completed in 483ms
Depth 9 completed in 672ms
Depth 10 completed in 1028ms
Depth 11 completed in 5924ms
Depth 12 completed in 8489ms
Search stopped at depth 13 after 9000ms
Total search time: 9000ms
findBestMove returned, bestMove: d5e6
Total program time: 9017ms
=== Chess Engine Starting ===
Overhead before search: 25ms
About to call findBestMove...
findBestMove: Starting search...
Depth 1 completed in 7ms
Depth 2 completed in 12ms
Depth 3 completed in 35ms
Depth 4 completed in 46ms
Depth 5 completed in 99ms
Depth 6 completed in 216ms
Depth 7 completed in 390ms
Depth 8 completed in 604ms
Depth 9 completed in 1657ms
Depth 10 completed in 3400ms
Depth 11 completed in 8262ms
Search stopped at depth 12 after 9000ms
Total search time: 9000ms
findBestMove returned, bestMove: e6e7
Total program time: 9025ms
=== Chess Engine Starting ===
Overhead before search: 19ms
About to call findBestMove...
findBestMove: Starting search...
Depth 1 completed in 4ms
Depth 2 completed in 7ms
Depth 3 completed in 20ms
Depth 4 completed in 21ms
Depth 5 completed in 25ms
Depth 6 completed in 62ms
Depth 7 completed in 82ms
Depth 8 completed in 82ms
Depth 9 completed in 178ms
Depth 10 completed in 234ms
Depth 11 completed in 688ms
Depth 12 completed in 865ms
Depth 13 completed in 2812ms
Depth 14 completed in 3404ms
Search stopped at depth 15 after 9000ms
Total search time: 9000ms
findBestMove returned, bestMove: e7f8q
Total program time: 9019ms
[32;1m[Board] [0m[33;1m[WARNING][0m [5;1mBlack King in checkmate![0m
[32;1m[Board] [0m[33;1m[WARNING][0m The White player wins!
