Error : can't load the file openings.txt
Error : can't load the file openings.txt
Error : can't load the file openings.txt
Error : can't load the file openings.txt
Error : can't load the file openings.txt
Error : can't load the file openings.txt
[32;1m[Board] [0m[33;1m[WARNING][0m [5;1mWhite King in check![0m
[32;1m[Board] [0m[33;1m[WARNING][0m    Threatened by Black Bishop (c3)
Error : can't load the file openings.txt
Error : can't load the file openings.txt
Error : can't load the file openings.txt
Error : can't load the file openings.txt
Error : can't load the file openings.txt
Error : can't load the file openings.txt
Error : can't load the file openings.txt
Error : can't load the file openings.txt
Error : can't load the file openings.txt
Error : can't load the file openings.txt
Error : can't load the file openings.txt
Error : can't load the file openings.txt
Error : can't load the file openings.txt
Error : can't load the file openings.txt
Error : can't load the file openings.txt
Error : can't load the file openings.txt
Error : can't load the file openings.txt
Error : can't load the file openings.txt
Error : can't load the file openings.txt
Error : can't load the file openings.txt
Error : can't load the file openings.txt
Error : can't load the file openings.txt
Error : can't load the file openings.txt
Error : can't load the file openings.txt
Error : can't load the file openings.txt
Error : can't load the file openings.txt
Error : can't load the file openings.txt
Error : can't load the file openings.txt
Error : can't load the file openings.txt
[32;1m[Board] [0m[33;1m[WARNING][0m [5;1mWhite King in check![0m
[32;1m[Board] [0m[33;1m[WARNING][0m    Threatened by Black Knight (e2)
Error : can't load the file openings.txt
[32;1m[Board] [0m[33;1m[WARNING][0m [5;1mWhite King in check![0m
[32;1m[Board] [0m[33;1m[WARNING][0m    Threatened by Black Knight (e3)
Error : can't load the file openings.txt
Error : can't load the file openings.txt
[32;1m[Board] [0m[33;1m[WARNING][0m [5;1mBlack King in check![0m
[32;1m[Board] [0m[33;1m[WARNING][0m    Threatened by White Queen (g6)
Error : can't load the file openings.txt
Error : can't load the file openings.txt
Error : can't load the file openings.txt
[32;1m[Board] [0m[33;1m[WARNING][0m [5;1mBlack King in check![0m
[32;1m[Board] [0m[33;1m[WARNING][0m    Threatened by White Queen (h5)
Error : can't load the file openings.txt
[32;1m[Board] [0m[33;1m[WARNING][0m [5;1mBlack King in check![0m
[32;1m[Board] [0m[33;1m[WARNING][0m    Threatened by White Queen (h6)
Error : can't load the file openings.txt
[32;1m[Board] [0m[33;1m[WARNING][0m [5;1mBlack King in check![0m
[32;1m[Board] [0m[33;1m[WARNING][0m    Threatened by White Queen (h7)
Error : can't load the file openings.txt
Error : can't load the file openings.txt
[32;1m[Board] [0m[33;1m[WARNING][0m [5;1mBlack King in check![0m
[32;1m[Board] [0m[33;1m[WARNING][0m    Threatened by White Queen (f7)
Error : can't load the file openings.txt
Error : can't load the file openings.txt
Error : can't load the file openings.txt
Error : can't load the file openings.txt
Error : can't load the file openings.txt
Error : can't load the file openings.txt
Error : can't load the file openings.txt
Error : can't load the file openings.txt
Error : can't load the file openings.txt
[32;1m[Board] [0m[33;1m[WARNING][0m [5;1mWhite King in check![0m
[32;1m[Board] [0m[33;1m[WARNING][0m    Threatened by Black Queen (b1)
Error : can't load the file openings.txt
Error : can't load the file openings.txt
Error : can't load the file openings.txt
[32;1m[Board] [0m[33;1m[WARNING][0m [5;1mBlack King in check![0m
[32;1m[Board] [0m[33;1m[WARNING][0m    Threatened by White Rook (a7)
Error : can't load the file openings.txt
Error : can't load the file openings.txt
Error : can't load the file openings.txt
Error : can't load the file openings.txt
[32;1m[Board] [0m[33;1m[WARNING][0m [5;1mBlack King in check![0m
[32;1m[Board] [0m[33;1m[WARNING][0m    Threatened by White Queen (d6)
Error : can't load the file openings.txt
[32;1m[Board] [0m[33;1m[WARNING][0m [5;1mBlack King in check![0m
[32;1m[Board] [0m[33;1m[WARNING][0m    Threatened by White Queen (d7)
Error : can't load the file openings.txt
Error : can't load the file openings.txt
Error : can't load the file openings.txt
[32;1m[Board] [0m[33;1m[WARNING][0m [5;1mBlack King in check![0m
[32;1m[Board] [0m[33;1m[WARNING][0m    Threatened by White Queen (a7)
Error : can't load the file openings.txt
[32;1m[Board] [0m[33;1m[WARNING][0m [5;1mBlack King in check![0m
[32;1m[Board] [0m[33;1m[WARNING][0m    Threatened by White Queen (a8)
Error : can't load the file openings.txt
[32;1m[Board] [0m[33;1m[WARNING][0m [5;1mBlack King in check![0m
[32;1m[Board] [0m[33;1m[WARNING][0m    Threatened by White Queen (d5)
Error : can't load the file openings.txt
Error : can't load the file openings.txt
[32;1m[Board] [0m[33;1m[WARNING][0m [5;1mBlack King in check![0m
[32;1m[Board] [0m[33;1m[WARNING][0m    Threatened by White Queen (a8)
Error : can't load the file openings.txt
Error : can't load the file openings.txt
Error : can't load the file openings.txt
Error : can't load the file openings.txt
Error : can't load the file openings.txt
[32;1m[Board] [0m[33;1m[WARNING][0m [5;1mBlack King in check![0m
[32;1m[Board] [0m[33;1m[WARNING][0m    Threatened by White Queen (a6)
Error : can't load the file openings.txt
[32;1m[Board] [0m[33;1m[WARNING][0m [5;1mBlack King in check![0m
[32;1m[Board] [0m[33;1m[WARNING][0m    Threatened by White Pawn (d6)
Error : can't load the file openings.txt
Error : can't load the file openings.txt
Error : can't load the file openings.txt
[32;1m[Board] [0m[33;1m[WARNING][0m [5;1mBlack King in check![0m
[32;1m[Board] [0m[33;1m[WARNING][0m    Threatened by White Queen (b5)
Error : can't load the file openings.txt
[32;1m[Board] [0m[33;1m[WARNING][0m [5;1mBlack King in check![0m
[32;1m[Board] [0m[33;1m[WARNING][0m    Threatened by White Queen (a6)
Error : can't load the file openings.txt
[32;1m[Board] [0m[33;1m[WARNING][0m [5;1mBlack King in check![0m
[32;1m[Board] [0m[33;1m[WARNING][0m    Threatened by White Queen (b7)
Error : can't load the file openings.txt
Error : can't load the file openings.txt
[32;1m[Board] [0m[33;1m[WARNING][0m [5;1mBlack King in check![0m
[32;1m[Board] [0m[33;1m[WARNING][0m    Threatened by White Queen (c8)
Error : can't load the file openings.txt
[32;1m[Board] [0m[33;1m[WARNING][0m [5;1mBlack King in check![0m
[32;1m[Board] [0m[33;1m[WARNING][0m    Threatened by White Queen (c4)
Error : can't load the file openings.txt
[32;1m[Board] [0m[33;1m[WARNING][0m [5;1mBlack King in check![0m
[32;1m[Board] [0m[33;1m[WARNING][0m    Threatened by White Queen (g4)
Error : can't load the file openings.txt
[32;1m[Board] [0m[33;1m[WARNING][0m Current board equals previous board (move #165)
[32;1m[Board] [0m[33;1m[WARNING][0m [5;1mBlack King in check![0m
[32;1m[Board] [0m[33;1m[WARNING][0m    Threatened by White Queen (c8)
Error : can't load the file openings.txt
[32;1m[Board] [0m[33;1m[WARNING][0m Current board equals previous board (move #166)
[32;1m[Board] [0m[33;1m[WARNING][0m Current board equals previous board (move #167)
[32;1m[Board] [0m[33;1m[WARNING][0m [5;1mBlack King in check![0m
[32;1m[Board] [0m[33;1m[WARNING][0m    Threatened by White Queen (c4)
Error : can't load the file openings.txt
[32;1m[Board] [0m[33;1m[WARNING][0m Current board equals previous board (move #168)
[32;1m[Board] [0m[33;1m[WARNING][0m Current board equals previous board (move #169)
[32;1m[Board] [0m[33;1m[WARNING][0m [5;1mBlack King in check![0m
[32;1m[Board] [0m[33;1m[WARNING][0m    Threatened by White Queen (g4)
Error : can't load the file openings.txt
[32;1m[Board] [0m[33;1m[WARNING][0m Current board equals previous board (move #170)
[32;1m[Board] [0m[33;1m[WARNING][0m [5;1mBlack King in check![0m
[32;1m[Board] [0m[33;1m[WARNING][0m    Threatened by White Queen (f3)
Error : can't load the file openings.txt
[32;1m[Board] [0m[33;1m[WARNING][0m [5;1mBlack King in check![0m
[32;1m[Board] [0m[33;1m[WARNING][0m    Threatened by White Queen (g3)
Error : can't load the file openings.txt
[32;1m[Board] [0m[33;1m[WARNING][0m [5;1mBlack King in check![0m
[32;1m[Board] [0m[33;1m[WARNING][0m    Threatened by White Queen (f4)
Error : can't load the file openings.txt
[32;1m[Board] [0m[33;1m[WARNING][0m Current board equals previous board (move #179)
[32;1m[Board] [0m[33;1m[WARNING][0m [5;1mBlack King in check![0m
[32;1m[Board] [0m[33;1m[WARNING][0m    Threatened by White Queen (g3)
Error : can't load the file openings.txt
[32;1m[Board] [0m[33;1m[WARNING][0m Current board equals previous board (move #180)
[32;1m[Board] [0m[33;1m[WARNING][0m Current board equals previous board (move #181)
[32;1m[Board] [0m[33;1m[WARNING][0m [5;1mBlack King in check![0m
[32;1m[Board] [0m[33;1m[WARNING][0m    Threatened by White Queen (f4)
Error : can't load the file openings.txt
[32;1m[Board] [0m[33;1m[WARNING][0m Current board equals previous board (move #182)
[32;1m[Board] [0m[33;1m[WARNING][0m [5;1mBlack King in check![0m
[32;1m[Board] [0m[33;1m[WARNING][0m    Threatened by White Queen (g5)
Error : can't load the file openings.txt
[32;1m[Board] [0m[33;1m[WARNING][0m [5;1mBlack King in check![0m
[32;1m[Board] [0m[33;1m[WARNING][0m    Threatened by White Queen (d5)
Error : can't load the file openings.txt
[32;1m[Board] [0m[33;1m[WARNING][0m [5;1mBlack King in check![0m
[32;1m[Board] [0m[33;1m[WARNING][0m    Threatened by White Queen (f3)
Error : can't load the file openings.txt
[32;1m[Board] [0m[33;1m[WARNING][0m Current board equals previous board (move #178)
[32;1m[Board] [0m[33;1m[WARNING][0m [5;1mBlack King in check![0m
[32;1m[Board] [0m[33;1m[WARNING][0m    Threatened by White Queen (b7)
Error : can't load the file openings.txt
[32;1m[Board] [0m[33;1m[WARNING][0m Current board equals previous board (move #164)
[32;1m[Board] [0m[33;1m[WARNING][0m [5;1mBlack King in check![0m
[32;1m[Board] [0m[33;1m[WARNING][0m    Threatened by White Queen (a8)
Error : can't load the file openings.txt
[32;1m[Board] [0m[33;1m[WARNING][0m Current board equals previous board (move #193)
[32;1m[Board] [0m[33;1m[WARNING][0m [5;1mBlack King in check![0m
[32;1m[Board] [0m[33;1m[WARNING][0m    Threatened by White Queen (b7)
Error : can't load the file openings.txt
[32;1m[Board] [0m[33;1m[WARNING][0m Current board equals previous board (move #164)
[32;1m[Board] [0m[33;1m[WARNING][0m Current board equals previous board (move #194)
[32;1m[Board] [0m[33;1m[WARNING][0m [5;1mThe current board occurred at least 3 times already :([0m
[32;1m[Board] [0m[33;1m[WARNING][0m Draw! Game over.
